<?xml version="1.0" encoding="utf-8"?>
<TestRun id="294dced6-ff65-4ba2-a604-d683cc7c5400" name="Johan@DESKTOP-388F6FT 2026-10-02 17:05:46" runUser="DESKTOP-388F6FT\CodexSandboxOffline" xmlns="http://microsoft.com/schemas/VisualStudio/TeamTest/2010">
  <Times creation="2026-10-02T17:05:46.3779274+02:00" queuing="2026-10-02T17:05:46.3779279+02:00" start="2026-10-02T17:05:44.5898894+02:00" finish="2026-10-02T17:05:54.5799967+02:00" />
  <TestSettings name="default" id="79548070-3299-4b14-80e7-54684f846908">
    <Deployment runDeploymentRoot="Johan_DESKTOP-388F6FT_2026-10-02_17_05_46" />
  </TestSettings>
  <Results>
    <UnitTestResult executionId="c8d8873c-27db-4683-88d8-e32b9e800970" testId="01a63374-23dc-31fc-60fc-206bc21205bb" testName="VirtualCompany.Finance.Tests.TreasuryWorkspaceQueryServiceTests.Missing_or_mixed_cash_has_no_healthy_projection_citation_or_current_source_claim(mixed: False)" computerName="DESKTOP-388F6FT" duration="00:00:07.2499443" startTime="2026-10-02T17:05:52.6498849+02:00" endTime="2026-10-02T17:05:52.6498852+02:00" testType="13cdc9d9-ddb5-4fa4-a97d-d965ccfc6d4b" outcome="Passed" testListId="8c84fa94-04c1-424b-9868-57a2d4851a1d" relativeResultsDirectory="c8d8873c-27db-4683-88d8-e32b9e800970" />
    <UnitTestResult executionId="21249095-1239-4012-b126-ca0721a240d1" testId="cc14d52b-8142-138a-70a6-c3257cbc913d" testName="VirtualCompany.Finance.Tests.TreasuryWorkspacePolicyTests.Liquidity_risk_exposes_investigation_without_mutating_state(risk: &quot;missing&quot;)" computerName="DESKTOP-388F6FT" duration="00:00:00.0001000" startTime="2026-10-02T17:05:45.4043686+02:00" endTime="2026-10-02T17:05:45.4043686+02:00" testType="13cdc9d9-ddb5-4fa4-a97d-d965ccfc6d4b" outcome="Passed" testListId="8c84fa94-04c1-424b-9868-57a2d4851a1d" relativeResultsDirectory="21249095-1239-4012-b126-ca0721a240d1" />
    <UnitTestResult executionId="32fc9582-c666-420c-8bfb-64224ccf8c44" testId="d5194572-b89a-b4d8-d5da-4c2069506ff4" testName="VirtualCompany.Finance.Tests.TreasuryWorkspaceQueryServiceTests.Read_model_rejects_a_company_outside_the_resolved_tenant_before_loading_sources" computerName="DESKTOP-388F6FT" duration="00:00:00.0015398" startTime="2026-10-02T17:05:53.7170234+02:00" endTime="2026-10-02T17:05:53.7170235+02:00" testType="13cdc9d9-ddb5-4fa4-a97d-d965ccfc6d4b" outcome="Passed" testListId="8c84fa94-04c1-424b-9868-57a2d4851a1d" relativeResultsDirectory="32fc9582-c666-420c-8bfb-64224ccf8c44" />
    <UnitTestResult executionId="fae3953e-73a1-49c3-8f4f-0398d7444714" testId="328de85e-f3bc-5ba3-94a8-fbcc32495ec6" testName="VirtualCompany.Finance.Tests.TreasuryWorkspacePolicyTests.Liquidity_risk_exposes_investigation_without_mutating_state(risk: &quot;warning&quot;)" computerName="DESKTOP-388F6FT" duration="00:00:00.0000045" startTime="2026-10-02T17:05:45.4045119+02:00" endTime="2026-10-02T17:05:45.4045119+02:00" testType="13cdc9d9-ddb5-4fa4-a97d-d965ccfc6d4b" outcome="Passed" testListId="8c84fa94-04c1-424b-9868-57a2d4851a1d" relativeResultsDirectory="fae3953e-73a1-49c3-8f4f-0398d7444714" />
    <UnitTestResult executionId="68835a90-09d6-4dd9-8e19-057fc5950c44" testId="f6408947-cbb3-4660-ed23-73c3b53aa64b" testName="VirtualCompany.Finance.Tests.TreasuryWorkspacePolicyTests.Liquidity_risk_exposes_investigation_without_mutating_state(risk: &quot;critical&quot;)" computerName="DESKTOP-388F6FT" duration="00:00:00.0030689" startTime="2026-10-02T17:05:45.4028017+02:00" endTime="2026-10-02T17:05:45.4028106+02:00" testType="13cdc9d9-ddb5-4fa4-a97d-d965ccfc6d4b" outcome="Passed" testListId="8c84fa94-04c1-424b-9868-57a2d4851a1d" relativeResultsDirectory="68835a90-09d6-4dd9-8e19-057fc5950c44" />
    <UnitTestResult executionId="93851987-ede0-43d8-afc6-83ebe409da1d" testId="6a95caee-1316-8092-9a53-d9d92e29f77f" testName="VirtualCompany.Finance.Tests.TreasuryWorkspaceQueryServiceTests.Missing_or_mixed_cash_has_no_healthy_projection_citation_or_current_source_claim(mixed: True)" computerName="DESKTOP-388F6FT" duration="00:00:01.0652915" startTime="2026-10-02T17:05:53.7154336+02:00" endTime="2026-10-02T17:05:53.7154337+02:00" testType="13cdc9d9-ddb5-4fa4-a97d-d965ccfc6d4b" outcome="Passed" testListId="8c84fa94-04c1-424b-9868-57a2d4851a1d" relativeResultsDirectory="93851987-ede0-43d8-afc6-83ebe409da1d" />
    <UnitTestResult executionId="798ac664-5954-4bbb-81a7-3bb91d3a3580" testId="3e2bfa1a-3bc4-480a-41f3-1fad642202bd" testName="VirtualCompany.Finance.Tests.TreasuryWorkspaceQueryServiceTests.Read_model_is_tenant_scoped_bounded_and_reports_source_freshness_and_gap_recovery" computerName="DESKTOP-388F6FT" duration="00:00:00.8110499" startTime="2026-10-02T17:05:54.5283457+02:00" endTime="2026-10-02T17:05:54.5283459+02:00" testType="13cdc9d9-ddb5-4fa4-a97d-d965ccfc6d4b" outcome="Passed" testListId="8c84fa94-04c1-424b-9868-57a2d4851a1d" relativeResultsDirectory="798ac664-5954-4bbb-81a7-3bb91d3a3580" />
    <UnitTestResult executionId="f44dfcd1-c0e3-482b-9a91-658f5e72abae" testId="eb01c47d-1ec4-e398-cbc9-456559a20f29" testName="VirtualCompany.Finance.Tests.TreasuryWorkspacePolicyTests.Reconciliation_and_payment_cancellation_never_bypass_authority" computerName="DESKTOP-388F6FT" duration="00:00:00.0001242" startTime="2026-10-02T17:05:45.4045416+02:00" endTime="2026-10-02T17:05:45.4045416+02:00" testType="13cdc9d9-ddb5-4fa4-a97d-d965ccfc6d4b" outcome="Passed" testListId="8c84fa94-04c1-424b-9868-57a2d4851a1d" relativeResultsDirectory="f44dfcd1-c0e3-482b-9a91-658f5e72abae" />
    <UnitTestResult executionId="5ef3c576-ae7f-4f01-aa25-975dcf2712e9" testId="e51ff771-8ac4-f058-b85a-660f3b855a6e" testName="VirtualCompany.Finance.Tests.TreasuryWorkspacePolicyTests.Reconnect_and_gap_recovery_return_stable_permission_reasons" computerName="DESKTOP-388F6FT" duration="00:00:00.0000685" startTime="2026-10-02T17:05:45.4045590+02:00" endTime="2026-10-02T17:05:45.4045590+02:00" testType="13cdc9d9-ddb5-4fa4-a97d-d965ccfc6d4b" outcome="Passed" testListId="8c84fa94-04c1-424b-9868-57a2d4851a1d" relativeResultsDirectory="5ef3c576-ae7f-4f01-aa25-975dcf2712e9" />
  </Results>
  <TestDefinitions>
    <UnitTest name="VirtualCompany.Finance.Tests.TreasuryWorkspacePolicyTests.Liquidity_risk_exposes_investigation_without_mutating_state(risk: &quot;critical&quot;)" storage="c:\users\johan\source\repos\virtual company\tests\virtualcompany.finance.tests\bin\debug\net9.0\virtualcompany.finance.tests.dll" id="f6408947-cbb3-4660-ed23-73c3b53aa64b">
      <Execution id="68835a90-09d6-4dd9-8e19-057fc5950c44" />
      <TestMethod codeBase="C:\Users\Johan\source\repos\Virtual Company\tests\VirtualCompany.Finance.Tests\bin\Debug\net9.0\VirtualCompany.Finance.Tests.dll" adapterTypeName="executor://xunit/VsTestRunner2/netcoreapp" className="VirtualCompany.Finance.Tests.TreasuryWorkspacePolicyTests" name="Liquidity_risk_exposes_investigation_without_mutating_state" />
    </UnitTest>
    <UnitTest name="VirtualCompany.Finance.Tests.TreasuryWorkspaceQueryServiceTests.Missing_or_mixed_cash_has_no_healthy_projection_citation_or_current_source_claim(mixed: False)" storage="c:\users\johan\source\repos\virtual company\tests\virtualcompany.finance.tests\bin\debug\net9.0\virtualcompany.finance.tests.dll" id="01a63374-23dc-31fc-60fc-206bc21205bb">
      <Execution id="c8d8873c-27db-4683-88d8-e32b9e800970" />
      <TestMethod codeBase="C:\Users\Johan\source\repos\Virtual Company\tests\VirtualCompany.Finance.Tests\bin\Debug\net9.0\VirtualCompany.Finance.Tests.dll" adapterTypeName="executor://xunit/VsTestRunner2/netcoreapp" className="VirtualCompany.Finance.Tests.TreasuryWorkspaceQueryServiceTests" name="Missing_or_mixed_cash_has_no_healthy_projection_citation_or_current_source_claim" />
    </UnitTest>
    <UnitTest name="VirtualCompany.Finance.Tests.TreasuryWorkspacePolicyTests.Liquidity_risk_exposes_investigation_without_mutating_state(risk: &quot;warning&quot;)" storage="c:\users\johan\source\repos\virtual company\tests\virtualcompany.finance.tests\bin\debug\net9.0\virtualcompany.finance.tests.dll" id="328de85e-f3bc-5ba3-94a8-fbcc32495ec6">
      <Execution id="fae3953e-73a1-49c3-8f4f-0398d7444714" />
      <TestMethod codeBase="C:\Users\Johan\source\repos\Virtual Company\tests\VirtualCompany.Finance.Tests\bin\Debug\net9.0\VirtualCompany.Finance.Tests.dll" adapterTypeName="executor://xunit/VsTestRunner2/netcoreapp" className="VirtualCompany.Finance.Tests.TreasuryWorkspacePolicyTests" name="Liquidity_risk_exposes_investigation_without_mutating_state" />
    </UnitTest>
    <UnitTest name="VirtualCompany.Finance.Tests.TreasuryWorkspaceQueryServiceTests.Missing_or_mixed_cash_has_no_healthy_projection_citation_or_current_source_claim(mixed: True)" storage="c:\users\johan\source\repos\virtual company\tests\virtualcompany.finance.tests\bin\debug\net9.0\virtualcompany.finance.tests.dll" id="6a95caee-1316-8092-9a53-d9d92e29f77f">
      <Execution id="93851987-ede0-43d8-afc6-83ebe409da1d" />
      <TestMethod codeBase="C:\Users\Johan\source\repos\Virtual Company\tests\VirtualCompany.Finance.Tests\bin\Debug\net9.0\VirtualCompany.Finance.Tests.dll" adapterTypeName="executor://xunit/VsTestRunner2/netcoreapp" className="VirtualCompany.Finance.Tests.TreasuryWorkspaceQueryServiceTests" name="Missing_or_mixed_cash_has_no_healthy_projection_citation_or_current_source_claim" />
    </UnitTest>
    <UnitTest name="VirtualCompany.Finance.Tests.TreasuryWorkspaceQueryServiceTests.Read_model_rejects_a_company_outside_the_resolved_tenant_before_loading_sources" storage="c:\users\johan\source\repos\virtual company\tests\virtualcompany.finance.tests\bin\debug\net9.0\virtualcompany.finance.tests.dll" id="d5194572-b89a-b4d8-d5da-4c2069506ff4">
      <Execution id="32fc9582-c666-420c-8bfb-64224ccf8c44" />
      <TestMethod codeBase="C:\Users\Johan\source\repos\Virtual Company\tests\VirtualCompany.Finance.Tests\bin\Debug\net9.0\VirtualCompany.Finance.Tests.dll" adapterTypeName="executor://xunit/VsTestRunner2/netcoreapp" className="VirtualCompany.Finance.Tests.TreasuryWorkspaceQueryServiceTests" name="Read_model_rejects_a_company_outside_the_resolved_tenant_before_loading_sources" />
    </UnitTest>
    <UnitTest name="VirtualCompany.Finance.Tests.TreasuryWorkspacePolicyTests.Reconciliation_and_payment_cancellation_never_bypass_authority" storage="c:\users\johan\source\repos\virtual company\tests\virtualcompany.finance.tests\bin\debug\net9.0\virtualcompany.finance.tests.dll" id="eb01c47d-1ec4-e398-cbc9-456559a20f29">
      <Execution id="f44dfcd1-c0e3-482b-9a91-658f5e72abae" />
      <TestMethod codeBase="C:\Users\Johan\source\repos\Virtual Company\tests\VirtualCompany.Finance.Tests\bin\Debug\net9.0\VirtualCompany.Finance.Tests.dll" adapterTypeName="executor://xunit/VsTestRunner2/netcoreapp" className="VirtualCompany.Finance.Tests.TreasuryWorkspacePolicyTests" name="Reconciliation_and_payment_cancellation_never_bypass_authority" />
    </UnitTest>
    <UnitTest name="VirtualCompany.Finance.Tests.TreasuryWorkspacePolicyTests.Reconnect_and_gap_recovery_return_stable_permission_reasons" storage="c:\users\johan\source\repos\virtual company\tests\virtualcompany.finance.tests\bin\debug\net9.0\virtualcompany.finance.tests.dll" id="e51ff771-8ac4-f058-b85a-660f3b855a6e">
      <Execution id="5ef3c576-ae7f-4f01-aa25-975dcf2712e9" />
      <TestMethod codeBase="C:\Users\Johan\source\repos\Virtual Company\tests\VirtualCompany.Finance.Tests\bin\Debug\net9.0\VirtualCompany.Finance.Tests.dll" adapterTypeName="executor://xunit/VsTestRunner2/netcoreapp" className="VirtualCompany.Finance.Tests.TreasuryWorkspacePolicyTests" name="Reconnect_and_gap_recovery_return_stable_permission_reasons" />
    </UnitTest>
    <UnitTest name="VirtualCompany.Finance.Tests.TreasuryWorkspaceQueryServiceTests.Read_model_is_tenant_scoped_bounded_and_reports_source_freshness_and_gap_recovery" storage="c:\users\johan\source\repos\virtual company\tests\virtualcompany.finance.tests\bin\debug\net9.0\virtualcompany.finance.tests.dll" id="3e2bfa1a-3bc4-480a-41f3-1fad642202bd">
      <Execution id="798ac664-5954-4bbb-81a7-3bb91d3a3580" />
      <TestMethod codeBase="C:\Users\Johan\source\repos\Virtual Company\tests\VirtualCompany.Finance.Tests\bin\Debug\net9.0\VirtualCompany.Finance.Tests.dll" adapterTypeName="executor://xunit/VsTestRunner2/netcoreapp" className="VirtualCompany.Finance.Tests.TreasuryWorkspaceQueryServiceTests" name="Read_model_is_tenant_scoped_bounded_and_reports_source_freshness_and_gap_recovery" />
    </UnitTest>
    <UnitTest name="VirtualCompany.Finance.Tests.TreasuryWorkspacePolicyTests.Liquidity_risk_exposes_investigation_without_mutating_state(risk: &quot;missing&quot;)" storage="c:\users\johan\source\repos\virtual company\tests\virtualcompany.finance.tests\bin\debug\net9.0\virtualcompany.finance.tests.dll" id="cc14d52b-8142-138a-70a6-c3257cbc913d">
      <Execution id="21249095-1239-4012-b126-ca0721a240d1" />
      <TestMethod codeBase="C:\Users\Johan\source\repos\Virtual Company\tests\VirtualCompany.Finance.Tests\bin\Debug\net9.0\VirtualCompany.Finance.Tests.dll" adapterTypeName="executor://xunit/VsTestRunner2/netcoreapp" className="VirtualCompany.Finance.Tests.TreasuryWorkspacePolicyTests" name="Liquidity_risk_exposes_investigation_without_mutating_state" />
    </UnitTest>
  </TestDefinitions>
  <TestEntries>
    <TestEntry testId="01a63374-23dc-31fc-60fc-206bc21205bb" executionId="c8d8873c-27db-4683-88d8-e32b9e800970" testListId="8c84fa94-04c1-424b-9868-57a2d4851a1d" />
    <TestEntry testId="cc14d52b-8142-138a-70a6-c3257cbc913d" executionId="21249095-1239-4012-b126-ca0721a240d1" testListId="8c84fa94-04c1-424b-9868-57a2d4851a1d" />
    <TestEntry testId="d5194572-b89a-b4d8-d5da-4c2069506ff4" executionId="32fc9582-c666-420c-8bfb-64224ccf8c44" testListId="8c84fa94-04c1-424b-9868-57a2d4851a1d" />
    <TestEntry testId="328de85e-f3bc-5ba3-94a8-fbcc32495ec6" executionId="fae3953e-73a1-49c3-8f4f-0398d7444714" testListId="8c84fa94-04c1-424b-9868-57a2d4851a1d" />
    <TestEntry testId="f6408947-cbb3-4660-ed23-73c3b53aa64b" executionId="68835a90-09d6-4dd9-8e19-057fc5950c44" testListId="8c84fa94-04c1-424b-9868-57a2d4851a1d" />
    <TestEntry testId="6a95caee-1316-8092-9a53-d9d92e29f77f" executionId="93851987-ede0-43d8-afc6-83ebe409da1d" testListId="8c84fa94-04c1-424b-9868-57a2d4851a1d" />
    <TestEntry testId="3e2bfa1a-3bc4-480a-41f3-1fad642202bd" executionId="798ac664-5954-4bbb-81a7-3bb91d3a3580" testListId="8c84fa94-04c1-424b-9868-57a2d4851a1d" />
    <TestEntry testId="eb01c47d-1ec4-e398-cbc9-456559a20f29" executionId="f44dfcd1-c0e3-482b-9a91-658f5e72abae" testListId="8c84fa94-04c1-424b-9868-57a2d4851a1d" />
    <TestEntry testId="e51ff771-8ac4-f058-b85a-660f3b855a6e" executionId="5ef3c576-ae7f-4f01-aa25-975dcf2712e9" testListId="8c84fa94-04c1-424b-9868-57a2d4851a1d" />
  </TestEntries>
  <TestLists>
    <TestList name="Results Not in a List" id="8c84fa94-04c1-424b-9868-57a2d4851a1d" />
    <TestList name="All Loaded Results" id="19431567-8539-422a-85d7-44ee4e166bda" />
  </TestLists>
  <ResultSummary outcome="Completed">
    <Counters total="9" executed="9" passed="9" failed="0" error="0" timeout="0" aborted="0" inconclusive="0" passedButRunAborted="0" notRunnable="0" notExecuted="0" disconnected="0" warning="0" completed="0" inProgress="0" pending="0" />
    <Output>
      <StdOut>[xUnit.net 00:00:00.00] xUnit.net VSTest Adapter v2.8.2+699d445a1a (64-bit .NET 9.0.19)&#xD;
[xUnit.net 00:00:00.26]   Discovering: VirtualCompany.Finance.Tests&#xD;
[xUnit.net 00:00:00.32]   Discovered:  VirtualCompany.Finance.Tests&#xD;
[xUnit.net 00:00:00.32]   Starting:    VirtualCompany.Finance.Tests&#xD;
[xUnit.net 00:00:09.47]   Finished:    VirtualCompany.Finance.Tests&#xD;
</StdOut>
    </Output>
  </ResultSummary>
</TestRun>