<?xml version="1.0" encoding="utf-8"?>
<TestRun id="3817090a-a867-45f1-821a-7d06efbacbd2" name="Johan@DESKTOP-388F6FT 2026-10-02 17:50:27" runUser="DESKTOP-388F6FT\CodexSandboxOffline" xmlns="http://microsoft.com/schemas/VisualStudio/TeamTest/2010">
  <Times creation="2026-10-02T17:50:27.7395364+02:00" queuing="2026-10-02T17:50:27.7395366+02:00" start="2026-10-02T17:50:18.1331203+02:00" finish="2026-10-02T17:50:54.5675238+02:00" />
  <TestSettings name="default" id="94755319-f736-459b-8fb1-a44f0e463ac1">
    <Deployment runDeploymentRoot="Johan_DESKTOP-388F6FT_2026-10-02_17_50_27" />
  </TestSettings>
  <Results>
    <UnitTestResult executionId="15903f6c-dfdb-4798-9d03-e88cb75ef901" testId="62393293-01f2-e224-3fbb-6ab315fae6f5" testName="VirtualCompany.Api.Tests.AgentStaffOverviewIntegrationTests.Overview_groups_existing_tasks_by_governed_stage_and_links_pending_approval" computerName="DESKTOP-388F6FT" duration="00:00:00.9920038" startTime="2026-10-02T17:50:46.3902403+02:00" endTime="2026-10-02T17:50:46.3902405+02:00" testType="13cdc9d9-ddb5-4fa4-a97d-d965ccfc6d4b" outcome="Passed" testListId="8c84fa94-04c1-424b-9868-57a2d4851a1d" relativeResultsDirectory="15903f6c-dfdb-4798-9d03-e88cb75ef901" />
    <UnitTestResult executionId="781a94d8-b321-4d69-8448-dfa5be4ba63a" testId="5420cb38-e180-e683-4794-6c14e19f6a8f" testName="VirtualCompany.Api.Tests.AgentStaffOverviewIntegrationTests.Partial_source_window_is_explicit_and_known_older_work_can_still_be_opened" computerName="DESKTOP-388F6FT" duration="00:00:01.0401469" startTime="2026-10-02T17:50:49.8697287+02:00" endTime="2026-10-02T17:50:49.8697288+02:00" testType="13cdc9d9-ddb5-4fa4-a97d-d965ccfc6d4b" outcome="Passed" testListId="8c84fa94-04c1-424b-9868-57a2d4851a1d" relativeResultsDirectory="781a94d8-b321-4d69-8448-dfa5be4ba63a" />
    <UnitTestResult executionId="b8d1dff1-eb0c-4277-8d09-651befef6b62" testId="8e6b3f38-4a76-aaed-a005-7ffb52d420c2" testName="VirtualCompany.Api.Tests.AgentStaffOverviewIntegrationTests.Board_maps_all_seven_states_retains_shared_identity_and_never_infers_outcome_completion" computerName="DESKTOP-388F6FT" duration="00:00:01.1066751" startTime="2026-10-02T17:50:42.0972384+02:00" endTime="2026-10-02T17:50:42.0972385+02:00" testType="13cdc9d9-ddb5-4fa4-a97d-d965ccfc6d4b" outcome="Passed" testListId="8c84fa94-04c1-424b-9868-57a2d4851a1d" relativeResultsDirectory="b8d1dff1-eb0c-4277-8d09-651befef6b62" />
    <UnitTestResult executionId="4ad0d356-49ac-44f0-8994-d5b00a60410a" testId="7e627181-357e-8544-a7e3-e2a2dcda9a28" testName="VirtualCompany.Api.Tests.TaskLifecycleIntegrationTests.Create_subtask_rejects_unassignable_agents(status: Archived)" computerName="DESKTOP-388F6FT" duration="00:00:00.7663485" startTime="2026-10-02T17:50:33.7798882+02:00" endTime="2026-10-02T17:50:33.7798883+02:00" testType="13cdc9d9-ddb5-4fa4-a97d-d965ccfc6d4b" outcome="Passed" testListId="8c84fa94-04c1-424b-9868-57a2d4851a1d" relativeResultsDirectory="4ad0d356-49ac-44f0-8994-d5b00a60410a" />
    <UnitTestResult executionId="6288f5b5-05c7-4a9d-a23c-13e3716ebad1" testId="22bb15b7-e0f8-c622-a286-b6dfbf9cfaf2" testName="VirtualCompany.Api.Tests.AgentStaffOverviewIntegrationTests.Overview_places_an_in_progress_task_with_a_pending_approval_in_the_human_approval_stage" computerName="DESKTOP-388F6FT" duration="00:00:00.9335698" startTime="2026-10-02T17:50:43.8657363+02:00" endTime="2026-10-02T17:50:43.8657363+02:00" testType="13cdc9d9-ddb5-4fa4-a97d-d965ccfc6d4b" outcome="Passed" testListId="8c84fa94-04c1-424b-9868-57a2d4851a1d" relativeResultsDirectory="6288f5b5-05c7-4a9d-a23c-13e3716ebad1" />
    <UnitTestResult executionId="449a0cb3-b83f-4658-8fb1-0127df109483" testId="301b51cf-3019-5540-61a2-ae5ea9ae83e6" testName="VirtualCompany.Api.Tests.TaskLifecycleIntegrationTests.Create_subtask_links_to_parent_task" computerName="DESKTOP-388F6FT" duration="00:00:00.7956214" startTime="2026-10-02T17:50:36.2436134+02:00" endTime="2026-10-02T17:50:36.2436135+02:00" testType="13cdc9d9-ddb5-4fa4-a97d-d965ccfc6d4b" outcome="Passed" testListId="8c84fa94-04c1-424b-9868-57a2d4851a1d" relativeResultsDirectory="449a0cb3-b83f-4658-8fb1-0127df109483" />
    <UnitTestResult executionId="36628f88-d23c-4400-9eb8-61acd0de2253" testId="42f44aa9-189a-6f5b-3671-3754e6c8d0ee" testName="VirtualCompany.Api.Tests.AgentStaffOverviewIntegrationTests.Overview_does_not_infer_task_completion_from_payment_proposal_approval" computerName="DESKTOP-388F6FT" duration="00:00:00.7700480" startTime="2026-10-02T17:50:45.3977371+02:00" endTime="2026-10-02T17:50:45.3977372+02:00" testType="13cdc9d9-ddb5-4fa4-a97d-d965ccfc6d4b" outcome="Passed" testListId="8c84fa94-04c1-424b-9868-57a2d4851a1d" relativeResultsDirectory="36628f88-d23c-4400-9eb8-61acd0de2253" />
    <UnitTestResult executionId="91a54e78-4f53-4815-8d71-be3137acbfe7" testId="67f96484-0130-ebff-208f-45d468ea30d8" testName="VirtualCompany.Api.Tests.TaskLifecycleIntegrationTests.Create_subtask_inherits_parent_workflow_and_parent_read_includes_subtasks" computerName="DESKTOP-388F6FT" duration="00:00:00.8645353" startTime="2026-10-02T17:50:34.6447308+02:00" endTime="2026-10-02T17:50:34.6447308+02:00" testType="13cdc9d9-ddb5-4fa4-a97d-d965ccfc6d4b" outcome="Passed" testListId="8c84fa94-04c1-424b-9868-57a2d4851a1d" relativeResultsDirectory="91a54e78-4f53-4815-8d71-be3137acbfe7" />
    <UnitTestResult executionId="2a0f786c-f595-4197-b5ae-cffba26a9c3b" testId="a22157b7-d19b-9d60-98a1-792d89f33c77" testName="VirtualCompany.Api.Tests.TaskLifecycleIntegrationTests.Create_task_rejects_unassignable_agents(status: Archived)" computerName="DESKTOP-388F6FT" duration="00:00:00.9650863" startTime="2026-10-02T17:50:31.4389537+02:00" endTime="2026-10-02T17:50:31.4389537+02:00" testType="13cdc9d9-ddb5-4fa4-a97d-d965ccfc6d4b" outcome="Passed" testListId="8c84fa94-04c1-424b-9868-57a2d4851a1d" relativeResultsDirectory="2a0f786c-f595-4197-b5ae-cffba26a9c3b" />
    <UnitTestResult executionId="38259c92-d919-4183-8d18-005df32212c6" testId="a40b6088-ae38-8102-a869-0bb66b58c3d4" testName="VirtualCompany.Api.Tests.TaskCreationIntegrationTests.Create_task_rejects_agent_from_another_company_without_leaking_assignment_detail" computerName="DESKTOP-388F6FT" duration="00:00:00.7462584" startTime="2026-10-02T17:50:52.1729469+02:00" endTime="2026-10-02T17:50:52.1729470+02:00" testType="13cdc9d9-ddb5-4fa4-a97d-d965ccfc6d4b" outcome="Passed" testListId="8c84fa94-04c1-424b-9868-57a2d4851a1d" relativeResultsDirectory="38259c92-d919-4183-8d18-005df32212c6" />
    <UnitTestResult executionId="6f5b82bf-10e7-4978-a6d7-2c91c9e08b6b" testId="85bdc6ea-50d2-73b5-4788-782d979501b8" testName="VirtualCompany.Api.Tests.FinancePaymentApprovalTaskIntegrationTests.Payment_create_below_threshold_does_not_create_approval_task" computerName="DESKTOP-388F6FT" duration="00:00:07.5423243" startTime="2026-10-02T17:50:27.7265833+02:00" endTime="2026-10-02T17:50:27.7265920+02:00" testType="13cdc9d9-ddb5-4fa4-a97d-d965ccfc6d4b" outcome="Passed" testListId="8c84fa94-04c1-424b-9868-57a2d4851a1d" relativeResultsDirectory="6f5b82bf-10e7-4978-a6d7-2c91c9e08b6b" />
    <UnitTestResult executionId="34eca17f-ddc5-4655-a06b-3abff774eee3" testId="9e8dba8f-90f1-03f3-49ac-bc3eeb085980" testName="VirtualCompany.Api.Tests.TaskLifecycleIntegrationTests.Create_subtask_rejects_unassignable_agents(status: Paused)" computerName="DESKTOP-388F6FT" duration="00:00:00.7907499" startTime="2026-10-02T17:50:33.0132357+02:00" endTime="2026-10-02T17:50:33.0132359+02:00" testType="13cdc9d9-ddb5-4fa4-a97d-d965ccfc6d4b" outcome="Passed" testListId="8c84fa94-04c1-424b-9868-57a2d4851a1d" relativeResultsDirectory="34eca17f-ddc5-4655-a06b-3abff774eee3" />
    <UnitTestResult executionId="8565bfff-3b6b-458b-97e5-afabd7837145" testId="fd40189b-9334-3adf-05c2-3a3d3c0063f2" testName="VirtualCompany.Api.Tests.AgentStaffOverviewIntegrationTests.Overview_can_return_all_lane_tasks_for_inline_expansion" computerName="DESKTOP-388F6FT" duration="00:00:00.7916589" startTime="2026-10-02T17:50:50.6616447+02:00" endTime="2026-10-02T17:50:50.6616448+02:00" testType="13cdc9d9-ddb5-4fa4-a97d-d965ccfc6d4b" outcome="Passed" testListId="8c84fa94-04c1-424b-9868-57a2d4851a1d" relativeResultsDirectory="8565bfff-3b6b-458b-97e5-afabd7837145" />
    <UnitTestResult executionId="d05abf6c-f1f5-448f-aec7-de5aa918d233" testId="f8c41a19-cc98-5a48-f27b-6cacf567c84b" testName="VirtualCompany.Api.Tests.TaskCreationIntegrationTests.Create_task_with_valid_agent_persists_task_defaults_and_user_creator" computerName="DESKTOP-388F6FT" duration="00:00:00.7644249" startTime="2026-10-02T17:50:51.4264409+02:00" endTime="2026-10-02T17:50:51.4264410+02:00" testType="13cdc9d9-ddb5-4fa4-a97d-d965ccfc6d4b" outcome="Passed" testListId="8c84fa94-04c1-424b-9868-57a2d4851a1d" relativeResultsDirectory="d05abf6c-f1f5-448f-aec7-de5aa918d233" />
    <UnitTestResult executionId="6ef4d6ff-7510-4db7-a413-896a7582b211" testId="af3138da-d53f-478f-291b-e2908f388fee" testName="VirtualCompany.Api.Tests.TaskLifecycleIntegrationTests.Create_subtask_rejects_explicit_workflow_from_another_company" computerName="DESKTOP-388F6FT" duration="00:00:00.8000975" startTime="2026-10-02T17:50:37.9813477+02:00" endTime="2026-10-02T17:50:37.9813477+02:00" testType="13cdc9d9-ddb5-4fa4-a97d-d965ccfc6d4b" outcome="Passed" testListId="8c84fa94-04c1-424b-9868-57a2d4851a1d" relativeResultsDirectory="6ef4d6ff-7510-4db7-a413-896a7582b211" />
    <UnitTestResult executionId="04f72082-0cfa-4e8d-b94f-87173495b1dc" testId="0319f6f3-14b1-852c-786b-07b7c2ff548d" testName="VirtualCompany.Api.Tests.AgentStaffOverviewIntegrationTests.Overview_rejects_an_invalid_reporting_period" computerName="DESKTOP-388F6FT" duration="00:00:00.7613998" startTime="2026-10-02T17:50:44.6273965+02:00" endTime="2026-10-02T17:50:44.6273967+02:00" testType="13cdc9d9-ddb5-4fa4-a97d-d965ccfc6d4b" outcome="Passed" testListId="8c84fa94-04c1-424b-9868-57a2d4851a1d" relativeResultsDirectory="04f72082-0cfa-4e8d-b94f-87173495b1dc" />
    <UnitTestResult executionId="c3ce7220-a78c-4d5c-9051-08a293e0b648" testId="4339d3cc-ad03-6879-26a0-8793fd6fa1fa" testName="VirtualCompany.Api.Tests.AgentStaffOverviewIntegrationTests.Responsibility_scope_removes_hidden_tasks_agents_counts_detail_and_legacy_summaries" computerName="DESKTOP-388F6FT" duration="00:00:00.9065003" startTime="2026-10-02T17:50:48.1002590+02:00" endTime="2026-10-02T17:50:48.1002592+02:00" testType="13cdc9d9-ddb5-4fa4-a97d-d965ccfc6d4b" outcome="Passed" testListId="8c84fa94-04c1-424b-9868-57a2d4851a1d" relativeResultsDirectory="c3ce7220-a78c-4d5c-9051-08a293e0b648" />
    <UnitTestResult executionId="b7c9a554-ed26-439a-b69f-ea064a0d2a3b" testId="79d555e6-6c8c-3262-1e85-45470685e182" testName="VirtualCompany.Api.Tests.TaskLifecycleIntegrationTests.Reassign_task_to_valid_agent_succeeds" computerName="DESKTOP-388F6FT" duration="00:00:00.7523111" startTime="2026-10-02T17:50:38.7339178+02:00" endTime="2026-10-02T17:50:38.7339179+02:00" testType="13cdc9d9-ddb5-4fa4-a97d-d965ccfc6d4b" outcome="Passed" testListId="8c84fa94-04c1-424b-9868-57a2d4851a1d" relativeResultsDirectory="b7c9a554-ed26-439a-b69f-ea064a0d2a3b" />
    <UnitTestResult executionId="e6f13281-7d09-401b-a3ad-0d92fe5b2e1a" testId="b5724a1a-d619-bb7c-ac4d-018769090961" testName="VirtualCompany.Api.Tests.AgentStaffOverviewIntegrationTests.Board_detail_dependencies_filtered_pages_and_Work_use_the_same_durable_task" computerName="DESKTOP-388F6FT" duration="00:00:00.8343516" startTime="2026-10-02T17:50:42.9318860+02:00" endTime="2026-10-02T17:50:42.9318861+02:00" testType="13cdc9d9-ddb5-4fa4-a97d-d965ccfc6d4b" outcome="Passed" testListId="8c84fa94-04c1-424b-9868-57a2d4851a1d" relativeResultsDirectory="e6f13281-7d09-401b-a3ad-0d92fe5b2e1a" />
    <UnitTestResult executionId="e2abde9e-8bf4-4d2a-9871-3397c82e75df" testId="e4805c5c-ef16-230f-4f51-763ec43596c1" testName="VirtualCompany.Api.Tests.AgentStaffOverviewIntegrationTests.Overview_projects_unassigned_department_work_to_the_active_department_agent" computerName="DESKTOP-388F6FT" duration="00:00:00.8029705" startTime="2026-10-02T17:50:47.1934792+02:00" endTime="2026-10-02T17:50:47.1934792+02:00" testType="13cdc9d9-ddb5-4fa4-a97d-d965ccfc6d4b" outcome="Passed" testListId="8c84fa94-04c1-424b-9868-57a2d4851a1d" relativeResultsDirectory="e2abde9e-8bf4-4d2a-9871-3397c82e75df" />
    <UnitTestResult executionId="dbf29293-4364-49bd-8546-e993794ff6b2" testId="2e659097-5abb-3893-d564-3d209b13e391" testName="VirtualCompany.Api.Tests.TaskLifecycleIntegrationTests.Reassign_task_rejects_unassignable_agents(status: Archived)" computerName="DESKTOP-388F6FT" duration="00:00:00.7366788" startTime="2026-10-02T17:50:40.2197006+02:00" endTime="2026-10-02T17:50:40.2197008+02:00" testType="13cdc9d9-ddb5-4fa4-a97d-d965ccfc6d4b" outcome="Passed" testListId="8c84fa94-04c1-424b-9868-57a2d4851a1d" relativeResultsDirectory="dbf29293-4364-49bd-8546-e993794ff6b2" />
    <UnitTestResult executionId="8427deeb-b41e-4999-9ee1-704286fe9f42" testId="12831d19-5293-6a50-5d96-c71f2de122b7" testName="VirtualCompany.Api.Tests.TaskCreationIntegrationTests.Create_task_requires_title_type_and_priority" computerName="DESKTOP-388F6FT" duration="00:00:00.7632897" startTime="2026-10-02T17:50:54.4446175+02:00" endTime="2026-10-02T17:50:54.4446177+02:00" testType="13cdc9d9-ddb5-4fa4-a97d-d965ccfc6d4b" outcome="Passed" testListId="8c84fa94-04c1-424b-9868-57a2d4851a1d" relativeResultsDirectory="8427deeb-b41e-4999-9ee1-704286fe9f42" />
    <UnitTestResult executionId="9b5fd569-0337-4859-9daa-b7fe66452302" testId="2f26c790-0198-5aea-bc39-c8fe2f554353" testName="VirtualCompany.Api.Tests.TaskLifecycleIntegrationTests.Create_task_with_valid_agent_returns_tenant_scoped_detail" computerName="DESKTOP-388F6FT" duration="00:00:00.7700804" startTime="2026-10-02T17:50:40.9901051+02:00" endTime="2026-10-02T17:50:40.9901051+02:00" testType="13cdc9d9-ddb5-4fa4-a97d-d965ccfc6d4b" outcome="Passed" testListId="8c84fa94-04c1-424b-9868-57a2d4851a1d" relativeResultsDirectory="9b5fd569-0337-4859-9daa-b7fe66452302" />
    <UnitTestResult executionId="bccd08f9-931f-40ab-82e1-d2efe1d28e7a" testId="cb784ece-c96b-ddd4-a50b-b57d937d1e81" testName="VirtualCompany.Api.Tests.AgentStaffOverviewIntegrationTests.Overview_rejects_a_company_without_an_active_membership" computerName="DESKTOP-388F6FT" duration="00:00:00.7287477" startTime="2026-10-02T17:50:48.8292702+02:00" endTime="2026-10-02T17:50:48.8292703+02:00" testType="13cdc9d9-ddb5-4fa4-a97d-d965ccfc6d4b" outcome="Passed" testListId="8c84fa94-04c1-424b-9868-57a2d4851a1d" relativeResultsDirectory="bccd08f9-931f-40ab-82e1-d2efe1d28e7a" />
    <UnitTestResult executionId="8b26ac0c-7946-4b0a-adf5-2d2ce6862cd0" testId="5ca6906e-c29c-cc01-4bcb-a2a55a7144de" testName="VirtualCompany.Api.Tests.FinancePaymentApprovalTaskIntegrationTests.Payment_create_above_threshold_creates_pending_approval_task" computerName="DESKTOP-388F6FT" duration="00:00:01.4725576" startTime="2026-10-02T17:50:29.1997128+02:00" endTime="2026-10-02T17:50:29.1997128+02:00" testType="13cdc9d9-ddb5-4fa4-a97d-d965ccfc6d4b" outcome="Passed" testListId="8c84fa94-04c1-424b-9868-57a2d4851a1d" relativeResultsDirectory="8b26ac0c-7946-4b0a-adf5-2d2ce6862cd0" />
    <UnitTestResult executionId="06f09339-df98-4c68-853a-fdab06385212" testId="cccaf0f5-d9d7-7cac-fa40-954d7259e7bb" testName="VirtualCompany.Api.Tests.TaskLifecycleIntegrationTests.Updating_status_to_completed_sets_completion_timestamp" computerName="DESKTOP-388F6FT" duration="00:00:01.2716208" startTime="2026-10-02T17:50:30.4735904+02:00" endTime="2026-10-02T17:50:30.4735905+02:00" testType="13cdc9d9-ddb5-4fa4-a97d-d965ccfc6d4b" outcome="Passed" testListId="8c84fa94-04c1-424b-9868-57a2d4851a1d" relativeResultsDirectory="06f09339-df98-4c68-853a-fdab06385212" />
    <UnitTestResult executionId="aead2305-e873-4816-ac8b-044c87a1896b" testId="64a74f39-3a1e-4645-bafc-5c1225ae6c89" testName="VirtualCompany.Api.Tests.TaskLifecycleIntegrationTests.Reassign_task_rejects_cross_tenant_agent_without_leaking_assignment_detail" computerName="DESKTOP-388F6FT" duration="00:00:00.9370649" startTime="2026-10-02T17:50:37.1809640+02:00" endTime="2026-10-02T17:50:37.1809641+02:00" testType="13cdc9d9-ddb5-4fa4-a97d-d965ccfc6d4b" outcome="Passed" testListId="8c84fa94-04c1-424b-9868-57a2d4851a1d" relativeResultsDirectory="aead2305-e873-4816-ac8b-044c87a1896b" />
    <UnitTestResult executionId="ab6ae661-ad05-44bb-9e88-d3f7cc8fa6fb" testId="663b07e8-c7f0-0949-dabc-5ba381b679e1" testName="VirtualCompany.Api.Tests.TaskCreationIntegrationTests.Create_task_rejects_paused_and_archived_agents(status: Archived)" computerName="DESKTOP-388F6FT" duration="00:00:00.7516571" startTime="2026-10-02T17:50:53.6810608+02:00" endTime="2026-10-02T17:50:53.6810615+02:00" testType="13cdc9d9-ddb5-4fa4-a97d-d965ccfc6d4b" outcome="Passed" testListId="8c84fa94-04c1-424b-9868-57a2d4851a1d" relativeResultsDirectory="ab6ae661-ad05-44bb-9e88-d3f7cc8fa6fb" />
    <UnitTestResult executionId="719e7afc-e447-46c1-abb0-eb1f4b6778c9" testId="869c5d78-18a1-5557-1fce-f7518b6189c9" testName="VirtualCompany.Api.Tests.TaskLifecycleIntegrationTests.Create_task_rejects_unassignable_agents(status: Paused)" computerName="DESKTOP-388F6FT" duration="00:00:00.7829900" startTime="2026-10-02T17:50:32.2222034+02:00" endTime="2026-10-02T17:50:32.2222034+02:00" testType="13cdc9d9-ddb5-4fa4-a97d-d965ccfc6d4b" outcome="Passed" testListId="8c84fa94-04c1-424b-9868-57a2d4851a1d" relativeResultsDirectory="719e7afc-e447-46c1-abb0-eb1f4b6778c9" />
    <UnitTestResult executionId="2136da9c-b0cb-4f8e-9bd4-dfdb8a63269c" testId="bdbb0f8b-f470-2239-76f9-15273bdf5fcc" testName="VirtualCompany.Api.Tests.TaskLifecycleIntegrationTests.Task_reads_and_lists_are_tenant_scoped_and_filterable" computerName="DESKTOP-388F6FT" duration="00:00:00.8026538" startTime="2026-10-02T17:50:35.4476951+02:00" endTime="2026-10-02T17:50:35.4476952+02:00" testType="13cdc9d9-ddb5-4fa4-a97d-d965ccfc6d4b" outcome="Passed" testListId="8c84fa94-04c1-424b-9868-57a2d4851a1d" relativeResultsDirectory="2136da9c-b0cb-4f8e-9bd4-dfdb8a63269c" />
    <UnitTestResult executionId="435c8f11-1785-4717-8036-91cb574f3812" testId="8dbf6696-bfe3-a0a4-d167-bc9e01c1eae2" testName="VirtualCompany.Api.Tests.TaskLifecycleIntegrationTests.Reassign_task_rejects_unassignable_agents(status: Paused)" computerName="DESKTOP-388F6FT" duration="00:00:00.7485792" startTime="2026-10-02T17:50:39.4827787+02:00" endTime="2026-10-02T17:50:39.4827788+02:00" testType="13cdc9d9-ddb5-4fa4-a97d-d965ccfc6d4b" outcome="Passed" testListId="8c84fa94-04c1-424b-9868-57a2d4851a1d" relativeResultsDirectory="435c8f11-1785-4717-8036-91cb574f3812" />
    <UnitTestResult executionId="b7a43143-8bed-46af-a159-26b209d70ce3" testId="9c4c3e44-9740-f380-43b2-29f84514a1d0" testName="VirtualCompany.Api.Tests.TaskCreationIntegrationTests.Create_task_rejects_paused_and_archived_agents(status: Paused)" computerName="DESKTOP-388F6FT" duration="00:00:00.7557565" startTime="2026-10-02T17:50:52.9289587+02:00" endTime="2026-10-02T17:50:52.9289589+02:00" testType="13cdc9d9-ddb5-4fa4-a97d-d965ccfc6d4b" outcome="Passed" testListId="8c84fa94-04c1-424b-9868-57a2d4851a1d" relativeResultsDirectory="b7a43143-8bed-46af-a159-26b209d70ce3" />
  </Results>
  <TestDefinitions>
    <UnitTest name="VirtualCompany.Api.Tests.TaskLifecycleIntegrationTests.Reassign_task_to_valid_agent_succeeds" storage="c:\users\johan\source\repos\virtual company\tests\virtualcompany.api.tests\bin\debug\net9.0\virtualcompany.api.tests.dll" id="79d555e6-6c8c-3262-1e85-45470685e182">
      <Execution id="b7c9a554-ed26-439a-b69f-ea064a0d2a3b" />
      <TestMethod codeBase="C:\Users\Johan\source\repos\Virtual Company\tests\VirtualCompany.Api.Tests\bin\Debug\net9.0\VirtualCompany.Api.Tests.dll" adapterTypeName="executor://xunit/VsTestRunner2/netcoreapp" className="VirtualCompany.Api.Tests.TaskLifecycleIntegrationTests" name="Reassign_task_to_valid_agent_succeeds" />
    </UnitTest>
    <UnitTest name="VirtualCompany.Api.Tests.TaskCreationIntegrationTests.Create_task_requires_title_type_and_priority" storage="c:\users\johan\source\repos\virtual company\tests\virtualcompany.api.tests\bin\debug\net9.0\virtualcompany.api.tests.dll" id="12831d19-5293-6a50-5d96-c71f2de122b7">
      <Execution id="8427deeb-b41e-4999-9ee1-704286fe9f42" />
      <TestMethod codeBase="C:\Users\Johan\source\repos\Virtual Company\tests\VirtualCompany.Api.Tests\bin\Debug\net9.0\VirtualCompany.Api.Tests.dll" adapterTypeName="executor://xunit/VsTestRunner2/netcoreapp" className="VirtualCompany.Api.Tests.TaskCreationIntegrationTests" name="Create_task_requires_title_type_and_priority" />
    </UnitTest>
    <UnitTest name="VirtualCompany.Api.Tests.TaskCreationIntegrationTests.Create_task_rejects_agent_from_another_company_without_leaking_assignment_detail" storage="c:\users\johan\source\repos\virtual company\tests\virtualcompany.api.tests\bin\debug\net9.0\virtualcompany.api.tests.dll" id="a40b6088-ae38-8102-a869-0bb66b58c3d4">
      <Execution id="38259c92-d919-4183-8d18-005df32212c6" />
      <TestMethod codeBase="C:\Users\Johan\source\repos\Virtual Company\tests\VirtualCompany.Api.Tests\bin\Debug\net9.0\VirtualCompany.Api.Tests.dll" adapterTypeName="executor://xunit/VsTestRunner2/netcoreapp" className="VirtualCompany.Api.Tests.TaskCreationIntegrationTests" name="Create_task_rejects_agent_from_another_company_without_leaking_assignment_detail" />
    </UnitTest>
    <UnitTest name="VirtualCompany.Api.Tests.AgentStaffOverviewIntegrationTests.Overview_rejects_an_invalid_reporting_period" storage="c:\users\johan\source\repos\virtual company\tests\virtualcompany.api.tests\bin\debug\net9.0\virtualcompany.api.tests.dll" id="0319f6f3-14b1-852c-786b-07b7c2ff548d">
      <Execution id="04f72082-0cfa-4e8d-b94f-87173495b1dc" />
      <TestMethod codeBase="C:\Users\Johan\source\repos\Virtual Company\tests\VirtualCompany.Api.Tests\bin\Debug\net9.0\VirtualCompany.Api.Tests.dll" adapterTypeName="executor://xunit/VsTestRunner2/netcoreapp" className="VirtualCompany.Api.Tests.AgentStaffOverviewIntegrationTests" name="Overview_rejects_an_invalid_reporting_period" />
    </UnitTest>
    <UnitTest name="VirtualCompany.Api.Tests.TaskLifecycleIntegrationTests.Create_subtask_rejects_unassignable_agents(status: Paused)" storage="c:\users\johan\source\repos\virtual company\tests\virtualcompany.api.tests\bin\debug\net9.0\virtualcompany.api.tests.dll" id="9e8dba8f-90f1-03f3-49ac-bc3eeb085980">
      <Execution id="34eca17f-ddc5-4655-a06b-3abff774eee3" />
      <TestMethod codeBase="C:\Users\Johan\source\repos\Virtual Company\tests\VirtualCompany.Api.Tests\bin\Debug\net9.0\VirtualCompany.Api.Tests.dll" adapterTypeName="executor://xunit/VsTestRunner2/netcoreapp" className="VirtualCompany.Api.Tests.TaskLifecycleIntegrationTests" name="Create_subtask_rejects_unassignable_agents" />
    </UnitTest>
    <UnitTest name="VirtualCompany.Api.Tests.AgentStaffOverviewIntegrationTests.Overview_groups_existing_tasks_by_governed_stage_and_links_pending_approval" storage="c:\users\johan\source\repos\virtual company\tests\virtualcompany.api.tests\bin\debug\net9.0\virtualcompany.api.tests.dll" id="62393293-01f2-e224-3fbb-6ab315fae6f5">
      <Execution id="15903f6c-dfdb-4798-9d03-e88cb75ef901" />
      <TestMethod codeBase="C:\Users\Johan\source\repos\Virtual Company\tests\VirtualCompany.Api.Tests\bin\Debug\net9.0\VirtualCompany.Api.Tests.dll" adapterTypeName="executor://xunit/VsTestRunner2/netcoreapp" className="VirtualCompany.Api.Tests.AgentStaffOverviewIntegrationTests" name="Overview_groups_existing_tasks_by_governed_stage_and_links_pending_approval" />
    </UnitTest>
    <UnitTest name="VirtualCompany.Api.Tests.AgentStaffOverviewIntegrationTests.Overview_does_not_infer_task_completion_from_payment_proposal_approval" storage="c:\users\johan\source\repos\virtual company\tests\virtualcompany.api.tests\bin\debug\net9.0\virtualcompany.api.tests.dll" id="42f44aa9-189a-6f5b-3671-3754e6c8d0ee">
      <Execution id="36628f88-d23c-4400-9eb8-61acd0de2253" />
      <TestMethod codeBase="C:\Users\Johan\source\repos\Virtual Company\tests\VirtualCompany.Api.Tests\bin\Debug\net9.0\VirtualCompany.Api.Tests.dll" adapterTypeName="executor://xunit/VsTestRunner2/netcoreapp" className="VirtualCompany.Api.Tests.AgentStaffOverviewIntegrationTests" name="Overview_does_not_infer_task_completion_from_payment_proposal_approval" />
    </UnitTest>
    <UnitTest name="VirtualCompany.Api.Tests.FinancePaymentApprovalTaskIntegrationTests.Payment_create_below_threshold_does_not_create_approval_task" storage="c:\users\johan\source\repos\virtual company\tests\virtualcompany.api.tests\bin\debug\net9.0\virtualcompany.api.tests.dll" id="85bdc6ea-50d2-73b5-4788-782d979501b8">
      <Execution id="6f5b82bf-10e7-4978-a6d7-2c91c9e08b6b" />
      <TestMethod codeBase="C:\Users\Johan\source\repos\Virtual Company\tests\VirtualCompany.Api.Tests\bin\Debug\net9.0\VirtualCompany.Api.Tests.dll" adapterTypeName="executor://xunit/VsTestRunner2/netcoreapp" className="VirtualCompany.Api.Tests.FinancePaymentApprovalTaskIntegrationTests" name="Payment_create_below_threshold_does_not_create_approval_task" />
    </UnitTest>
    <UnitTest name="VirtualCompany.Api.Tests.TaskLifecycleIntegrationTests.Create_task_rejects_unassignable_agents(status: Archived)" storage="c:\users\johan\source\repos\virtual company\tests\virtualcompany.api.tests\bin\debug\net9.0\virtualcompany.api.tests.dll" id="a22157b7-d19b-9d60-98a1-792d89f33c77">
      <Execution id="2a0f786c-f595-4197-b5ae-cffba26a9c3b" />
      <TestMethod codeBase="C:\Users\Johan\source\repos\Virtual Company\tests\VirtualCompany.Api.Tests\bin\Debug\net9.0\VirtualCompany.Api.Tests.dll" adapterTypeName="executor://xunit/VsTestRunner2/netcoreapp" className="VirtualCompany.Api.Tests.TaskLifecycleIntegrationTests" name="Create_task_rejects_unassignable_agents" />
    </UnitTest>
    <UnitTest name="VirtualCompany.Api.Tests.TaskLifecycleIntegrationTests.Create_subtask_rejects_unassignable_agents(status: Archived)" storage="c:\users\johan\source\repos\virtual company\tests\virtualcompany.api.tests\bin\debug\net9.0\virtualcompany.api.tests.dll" id="7e627181-357e-8544-a7e3-e2a2dcda9a28">
      <Execution id="4ad0d356-49ac-44f0-8994-d5b00a60410a" />
      <TestMethod codeBase="C:\Users\Johan\source\repos\Virtual Company\tests\VirtualCompany.Api.Tests\bin\Debug\net9.0\VirtualCompany.Api.Tests.dll" adapterTypeName="executor://xunit/VsTestRunner2/netcoreapp" className="VirtualCompany.Api.Tests.TaskLifecycleIntegrationTests" name="Create_subtask_rejects_unassignable_agents" />
    </UnitTest>
    <UnitTest name="VirtualCompany.Api.Tests.AgentStaffOverviewIntegrationTests.Overview_rejects_a_company_without_an_active_membership" storage="c:\users\johan\source\repos\virtual company\tests\virtualcompany.api.tests\bin\debug\net9.0\virtualcompany.api.tests.dll" id="cb784ece-c96b-ddd4-a50b-b57d937d1e81">
      <Execution id="bccd08f9-931f-40ab-82e1-d2efe1d28e7a" />
      <TestMethod codeBase="C:\Users\Johan\source\repos\Virtual Company\tests\VirtualCompany.Api.Tests\bin\Debug\net9.0\VirtualCompany.Api.Tests.dll" adapterTypeName="executor://xunit/VsTestRunner2/netcoreapp" className="VirtualCompany.Api.Tests.AgentStaffOverviewIntegrationTests" name="Overview_rejects_a_company_without_an_active_membership" />
    </UnitTest>
    <UnitTest name="VirtualCompany.Api.Tests.TaskLifecycleIntegrationTests.Create_subtask_rejects_explicit_workflow_from_another_company" storage="c:\users\johan\source\repos\virtual company\tests\virtualcompany.api.tests\bin\debug\net9.0\virtualcompany.api.tests.dll" id="af3138da-d53f-478f-291b-e2908f388fee">
      <Execution id="6ef4d6ff-7510-4db7-a413-896a7582b211" />
      <TestMethod codeBase="C:\Users\Johan\source\repos\Virtual Company\tests\VirtualCompany.Api.Tests\bin\Debug\net9.0\VirtualCompany.Api.Tests.dll" adapterTypeName="executor://xunit/VsTestRunner2/netcoreapp" className="VirtualCompany.Api.Tests.TaskLifecycleIntegrationTests" name="Create_subtask_rejects_explicit_workflow_from_another_company" />
    </UnitTest>
    <UnitTest name="VirtualCompany.Api.Tests.AgentStaffOverviewIntegrationTests.Board_detail_dependencies_filtered_pages_and_Work_use_the_same_durable_task" storage="c:\users\johan\source\repos\virtual company\tests\virtualcompany.api.tests\bin\debug\net9.0\virtualcompany.api.tests.dll" id="b5724a1a-d619-bb7c-ac4d-018769090961">
      <Execution id="e6f13281-7d09-401b-a3ad-0d92fe5b2e1a" />
      <TestMethod codeBase="C:\Users\Johan\source\repos\Virtual Company\tests\VirtualCompany.Api.Tests\bin\Debug\net9.0\VirtualCompany.Api.Tests.dll" adapterTypeName="executor://xunit/VsTestRunner2/netcoreapp" className="VirtualCompany.Api.Tests.AgentStaffOverviewIntegrationTests" name="Board_detail_dependencies_filtered_pages_and_Work_use_the_same_durable_task" />
    </UnitTest>
    <UnitTest name="VirtualCompany.Api.Tests.TaskLifecycleIntegrationTests.Create_task_with_valid_agent_returns_tenant_scoped_detail" storage="c:\users\johan\source\repos\virtual company\tests\virtualcompany.api.tests\bin\debug\net9.0\virtualcompany.api.tests.dll" id="2f26c790-0198-5aea-bc39-c8fe2f554353">
      <Execution id="9b5fd569-0337-4859-9daa-b7fe66452302" />
      <TestMethod codeBase="C:\Users\Johan\source\repos\Virtual Company\tests\VirtualCompany.Api.Tests\bin\Debug\net9.0\VirtualCompany.Api.Tests.dll" adapterTypeName="executor://xunit/VsTestRunner2/netcoreapp" className="VirtualCompany.Api.Tests.TaskLifecycleIntegrationTests" name="Create_task_with_valid_agent_returns_tenant_scoped_detail" />
    </UnitTest>
    <UnitTest name="VirtualCompany.Api.Tests.TaskCreationIntegrationTests.Create_task_rejects_paused_and_archived_agents(status: Archived)" storage="c:\users\johan\source\repos\virtual company\tests\virtualcompany.api.tests\bin\debug\net9.0\virtualcompany.api.tests.dll" id="663b07e8-c7f0-0949-dabc-5ba381b679e1">
      <Execution id="ab6ae661-ad05-44bb-9e88-d3f7cc8fa6fb" />
      <TestMethod codeBase="C:\Users\Johan\source\repos\Virtual Company\tests\VirtualCompany.Api.Tests\bin\Debug\net9.0\VirtualCompany.Api.Tests.dll" adapterTypeName="executor://xunit/VsTestRunner2/netcoreapp" className="VirtualCompany.Api.Tests.TaskCreationIntegrationTests" name="Create_task_rejects_paused_and_archived_agents" />
    </UnitTest>
    <UnitTest name="VirtualCompany.Api.Tests.FinancePaymentApprovalTaskIntegrationTests.Payment_create_above_threshold_creates_pending_approval_task" storage="c:\users\johan\source\repos\virtual company\tests\virtualcompany.api.tests\bin\debug\net9.0\virtualcompany.api.tests.dll" id="5ca6906e-c29c-cc01-4bcb-a2a55a7144de">
      <Execution id="8b26ac0c-7946-4b0a-adf5-2d2ce6862cd0" />
      <TestMethod codeBase="C:\Users\Johan\source\repos\Virtual Company\tests\VirtualCompany.Api.Tests\bin\Debug\net9.0\VirtualCompany.Api.Tests.dll" adapterTypeName="executor://xunit/VsTestRunner2/netcoreapp" className="VirtualCompany.Api.Tests.FinancePaymentApprovalTaskIntegrationTests" name="Payment_create_above_threshold_creates_pending_approval_task" />
    </UnitTest>
    <UnitTest name="VirtualCompany.Api.Tests.AgentStaffOverviewIntegrationTests.Partial_source_window_is_explicit_and_known_older_work_can_still_be_opened" storage="c:\users\johan\source\repos\virtual company\tests\virtualcompany.api.tests\bin\debug\net9.0\virtualcompany.api.tests.dll" id="5420cb38-e180-e683-4794-6c14e19f6a8f">
      <Execution id="781a94d8-b321-4d69-8448-dfa5be4ba63a" />
      <TestMethod codeBase="C:\Users\Johan\source\repos\Virtual Company\tests\VirtualCompany.Api.Tests\bin\Debug\net9.0\VirtualCompany.Api.Tests.dll" adapterTypeName="executor://xunit/VsTestRunner2/netcoreapp" className="VirtualCompany.Api.Tests.AgentStaffOverviewIntegrationTests" name="Partial_source_window_is_explicit_and_known_older_work_can_still_be_opened" />
    </UnitTest>
    <UnitTest name="VirtualCompany.Api.Tests.AgentStaffOverviewIntegrationTests.Overview_can_return_all_lane_tasks_for_inline_expansion" storage="c:\users\johan\source\repos\virtual company\tests\virtualcompany.api.tests\bin\debug\net9.0\virtualcompany.api.tests.dll" id="fd40189b-9334-3adf-05c2-3a3d3c0063f2">
      <Execution id="8565bfff-3b6b-458b-97e5-afabd7837145" />
      <TestMethod codeBase="C:\Users\Johan\source\repos\Virtual Company\tests\VirtualCompany.Api.Tests\bin\Debug\net9.0\VirtualCompany.Api.Tests.dll" adapterTypeName="executor://xunit/VsTestRunner2/netcoreapp" className="VirtualCompany.Api.Tests.AgentStaffOverviewIntegrationTests" name="Overview_can_return_all_lane_tasks_for_inline_expansion" />
    </UnitTest>
    <UnitTest name="VirtualCompany.Api.Tests.TaskLifecycleIntegrationTests.Create_subtask_inherits_parent_workflow_and_parent_read_includes_subtasks" storage="c:\users\johan\source\repos\virtual company\tests\virtualcompany.api.tests\bin\debug\net9.0\virtualcompany.api.tests.dll" id="67f96484-0130-ebff-208f-45d468ea30d8">
      <Execution id="91a54e78-4f53-4815-8d71-be3137acbfe7" />
      <TestMethod codeBase="C:\Users\Johan\source\repos\Virtual Company\tests\VirtualCompany.Api.Tests\bin\Debug\net9.0\VirtualCompany.Api.Tests.dll" adapterTypeName="executor://xunit/VsTestRunner2/netcoreapp" className="VirtualCompany.Api.Tests.TaskLifecycleIntegrationTests" name="Create_subtask_inherits_parent_workflow_and_parent_read_includes_subtasks" />
    </UnitTest>
    <UnitTest name="VirtualCompany.Api.Tests.AgentStaffOverviewIntegrationTests.Overview_projects_unassigned_department_work_to_the_active_department_agent" storage="c:\users\johan\source\repos\virtual company\tests\virtualcompany.api.tests\bin\debug\net9.0\virtualcompany.api.tests.dll" id="e4805c5c-ef16-230f-4f51-763ec43596c1">
      <Execution id="e2abde9e-8bf4-4d2a-9871-3397c82e75df" />
      <TestMethod codeBase="C:\Users\Johan\source\repos\Virtual Company\tests\VirtualCompany.Api.Tests\bin\Debug\net9.0\VirtualCompany.Api.Tests.dll" adapterTypeName="executor://xunit/VsTestRunner2/netcoreapp" className="VirtualCompany.Api.Tests.AgentStaffOverviewIntegrationTests" name="Overview_projects_unassigned_department_work_to_the_active_department_agent" />
    </UnitTest>
    <UnitTest name="VirtualCompany.Api.Tests.AgentStaffOverviewIntegrationTests.Responsibility_scope_removes_hidden_tasks_agents_counts_detail_and_legacy_summaries" storage="c:\users\johan\source\repos\virtual company\tests\virtualcompany.api.tests\bin\debug\net9.0\virtualcompany.api.tests.dll" id="4339d3cc-ad03-6879-26a0-8793fd6fa1fa">
      <Execution id="c3ce7220-a78c-4d5c-9051-08a293e0b648" />
      <TestMethod codeBase="C:\Users\Johan\source\repos\Virtual Company\tests\VirtualCompany.Api.Tests\bin\Debug\net9.0\VirtualCompany.Api.Tests.dll" adapterTypeName="executor://xunit/VsTestRunner2/netcoreapp" className="VirtualCompany.Api.Tests.AgentStaffOverviewIntegrationTests" name="Responsibility_scope_removes_hidden_tasks_agents_counts_detail_and_legacy_summaries" />
    </UnitTest>
    <UnitTest name="VirtualCompany.Api.Tests.TaskLifecycleIntegrationTests.Reassign_task_rejects_unassignable_agents(status: Paused)" storage="c:\users\johan\source\repos\virtual company\tests\virtualcompany.api.tests\bin\debug\net9.0\virtualcompany.api.tests.dll" id="8dbf6696-bfe3-a0a4-d167-bc9e01c1eae2">
      <Execution id="435c8f11-1785-4717-8036-91cb574f3812" />
      <TestMethod codeBase="C:\Users\Johan\source\repos\Virtual Company\tests\VirtualCompany.Api.Tests\bin\Debug\net9.0\VirtualCompany.Api.Tests.dll" adapterTypeName="executor://xunit/VsTestRunner2/netcoreapp" className="VirtualCompany.Api.Tests.TaskLifecycleIntegrationTests" name="Reassign_task_rejects_unassignable_agents" />
    </UnitTest>
    <UnitTest name="VirtualCompany.Api.Tests.TaskLifecycleIntegrationTests.Create_subtask_links_to_parent_task" storage="c:\users\johan\source\repos\virtual company\tests\virtualcompany.api.tests\bin\debug\net9.0\virtualcompany.api.tests.dll" id="301b51cf-3019-5540-61a2-ae5ea9ae83e6">
      <Execution id="449a0cb3-b83f-4658-8fb1-0127df109483" />
      <TestMethod codeBase="C:\Users\Johan\source\repos\Virtual Company\tests\VirtualCompany.Api.Tests\bin\Debug\net9.0\VirtualCompany.Api.Tests.dll" adapterTypeName="executor://xunit/VsTestRunner2/netcoreapp" className="VirtualCompany.Api.Tests.TaskLifecycleIntegrationTests" name="Create_subtask_links_to_parent_task" />
    </UnitTest>
    <UnitTest name="VirtualCompany.Api.Tests.TaskLifecycleIntegrationTests.Create_task_rejects_unassignable_agents(status: Paused)" storage="c:\users\johan\source\repos\virtual company\tests\virtualcompany.api.tests\bin\debug\net9.0\virtualcompany.api.tests.dll" id="869c5d78-18a1-5557-1fce-f7518b6189c9">
      <Execution id="719e7afc-e447-46c1-abb0-eb1f4b6778c9" />
      <TestMethod codeBase="C:\Users\Johan\source\repos\Virtual Company\tests\VirtualCompany.Api.Tests\bin\Debug\net9.0\VirtualCompany.Api.Tests.dll" adapterTypeName="executor://xunit/VsTestRunner2/netcoreapp" className="VirtualCompany.Api.Tests.TaskLifecycleIntegrationTests" name="Create_task_rejects_unassignable_agents" />
    </UnitTest>
    <UnitTest name="VirtualCompany.Api.Tests.TaskCreationIntegrationTests.Create_task_with_valid_agent_persists_task_defaults_and_user_creator" storage="c:\users\johan\source\repos\virtual company\tests\virtualcompany.api.tests\bin\debug\net9.0\virtualcompany.api.tests.dll" id="f8c41a19-cc98-5a48-f27b-6cacf567c84b">
      <Execution id="d05abf6c-f1f5-448f-aec7-de5aa918d233" />
      <TestMethod codeBase="C:\Users\Johan\source\repos\Virtual Company\tests\VirtualCompany.Api.Tests\bin\Debug\net9.0\VirtualCompany.Api.Tests.dll" adapterTypeName="executor://xunit/VsTestRunner2/netcoreapp" className="VirtualCompany.Api.Tests.TaskCreationIntegrationTests" name="Create_task_with_valid_agent_persists_task_defaults_and_user_creator" />
    </UnitTest>
    <UnitTest name="VirtualCompany.Api.Tests.AgentStaffOverviewIntegrationTests.Overview_places_an_in_progress_task_with_a_pending_approval_in_the_human_approval_stage" storage="c:\users\johan\source\repos\virtual company\tests\virtualcompany.api.tests\bin\debug\net9.0\virtualcompany.api.tests.dll" id="22bb15b7-e0f8-c622-a286-b6dfbf9cfaf2">
      <Execution id="6288f5b5-05c7-4a9d-a23c-13e3716ebad1" />
      <TestMethod codeBase="C:\Users\Johan\source\repos\Virtual Company\tests\VirtualCompany.Api.Tests\bin\Debug\net9.0\VirtualCompany.Api.Tests.dll" adapterTypeName="executor://xunit/VsTestRunner2/netcoreapp" className="VirtualCompany.Api.Tests.AgentStaffOverviewIntegrationTests" name="Overview_places_an_in_progress_task_with_a_pending_approval_in_the_human_approval_stage" />
    </UnitTest>
    <UnitTest name="VirtualCompany.Api.Tests.TaskCreationIntegrationTests.Create_task_rejects_paused_and_archived_agents(status: Paused)" storage="c:\users\johan\source\repos\virtual company\tests\virtualcompany.api.tests\bin\debug\net9.0\virtualcompany.api.tests.dll" id="9c4c3e44-9740-f380-43b2-29f84514a1d0">
      <Execution id="b7a43143-8bed-46af-a159-26b209d70ce3" />
      <TestMethod codeBase="C:\Users\Johan\source\repos\Virtual Company\tests\VirtualCompany.Api.Tests\bin\Debug\net9.0\VirtualCompany.Api.Tests.dll" adapterTypeName="executor://xunit/VsTestRunner2/netcoreapp" className="VirtualCompany.Api.Tests.TaskCreationIntegrationTests" name="Create_task_rejects_paused_and_archived_agents" />
    </UnitTest>
    <UnitTest name="VirtualCompany.Api.Tests.TaskLifecycleIntegrationTests.Reassign_task_rejects_unassignable_agents(status: Archived)" storage="c:\users\johan\source\repos\virtual company\tests\virtualcompany.api.tests\bin\debug\net9.0\virtualcompany.api.tests.dll" id="2e659097-5abb-3893-d564-3d209b13e391">
      <Execution id="dbf29293-4364-49bd-8546-e993794ff6b2" />
      <TestMethod codeBase="C:\Users\Johan\source\repos\Virtual Company\tests\VirtualCompany.Api.Tests\bin\Debug\net9.0\VirtualCompany.Api.Tests.dll" adapterTypeName="executor://xunit/VsTestRunner2/netcoreapp" className="VirtualCompany.Api.Tests.TaskLifecycleIntegrationTests" name="Reassign_task_rejects_unassignable_agents" />
    </UnitTest>
    <UnitTest name="VirtualCompany.Api.Tests.AgentStaffOverviewIntegrationTests.Board_maps_all_seven_states_retains_shared_identity_and_never_infers_outcome_completion" storage="c:\users\johan\source\repos\virtual company\tests\virtualcompany.api.tests\bin\debug\net9.0\virtualcompany.api.tests.dll" id="8e6b3f38-4a76-aaed-a005-7ffb52d420c2">
      <Execution id="b8d1dff1-eb0c-4277-8d09-651befef6b62" />
      <TestMethod codeBase="C:\Users\Johan\source\repos\Virtual Company\tests\VirtualCompany.Api.Tests\bin\Debug\net9.0\VirtualCompany.Api.Tests.dll" adapterTypeName="executor://xunit/VsTestRunner2/netcoreapp" className="VirtualCompany.Api.Tests.AgentStaffOverviewIntegrationTests" name="Board_maps_all_seven_states_retains_shared_identity_and_never_infers_outcome_completion" />
    </UnitTest>
    <UnitTest name="VirtualCompany.Api.Tests.TaskLifecycleIntegrationTests.Reassign_task_rejects_cross_tenant_agent_without_leaking_assignment_detail" storage="c:\users\johan\source\repos\virtual company\tests\virtualcompany.api.tests\bin\debug\net9.0\virtualcompany.api.tests.dll" id="64a74f39-3a1e-4645-bafc-5c1225ae6c89">
      <Execution id="aead2305-e873-4816-ac8b-044c87a1896b" />
      <TestMethod codeBase="C:\Users\Johan\source\repos\Virtual Company\tests\VirtualCompany.Api.Tests\bin\Debug\net9.0\VirtualCompany.Api.Tests.dll" adapterTypeName="executor://xunit/VsTestRunner2/netcoreapp" className="VirtualCompany.Api.Tests.TaskLifecycleIntegrationTests" name="Reassign_task_rejects_cross_tenant_agent_without_leaking_assignment_detail" />
    </UnitTest>
    <UnitTest name="VirtualCompany.Api.Tests.TaskLifecycleIntegrationTests.Task_reads_and_lists_are_tenant_scoped_and_filterable" storage="c:\users\johan\source\repos\virtual company\tests\virtualcompany.api.tests\bin\debug\net9.0\virtualcompany.api.tests.dll" id="bdbb0f8b-f470-2239-76f9-15273bdf5fcc">
      <Execution id="2136da9c-b0cb-4f8e-9bd4-dfdb8a63269c" />
      <TestMethod codeBase="C:\Users\Johan\source\repos\Virtual Company\tests\VirtualCompany.Api.Tests\bin\Debug\net9.0\VirtualCompany.Api.Tests.dll" adapterTypeName="executor://xunit/VsTestRunner2/netcoreapp" className="VirtualCompany.Api.Tests.TaskLifecycleIntegrationTests" name="Task_reads_and_lists_are_tenant_scoped_and_filterable" />
    </UnitTest>
    <UnitTest name="VirtualCompany.Api.Tests.TaskLifecycleIntegrationTests.Updating_status_to_completed_sets_completion_timestamp" storage="c:\users\johan\source\repos\virtual company\tests\virtualcompany.api.tests\bin\debug\net9.0\virtualcompany.api.tests.dll" id="cccaf0f5-d9d7-7cac-fa40-954d7259e7bb">
      <Execution id="06f09339-df98-4c68-853a-fdab06385212" />
      <TestMethod codeBase="C:\Users\Johan\source\repos\Virtual Company\tests\VirtualCompany.Api.Tests\bin\Debug\net9.0\VirtualCompany.Api.Tests.dll" adapterTypeName="executor://xunit/VsTestRunner2/netcoreapp" className="VirtualCompany.Api.Tests.TaskLifecycleIntegrationTests" name="Updating_status_to_completed_sets_completion_timestamp" />
    </UnitTest>
  </TestDefinitions>
  <TestEntries>
    <TestEntry testId="62393293-01f2-e224-3fbb-6ab315fae6f5" executionId="15903f6c-dfdb-4798-9d03-e88cb75ef901" testListId="8c84fa94-04c1-424b-9868-57a2d4851a1d" />
    <TestEntry testId="5420cb38-e180-e683-4794-6c14e19f6a8f" executionId="781a94d8-b321-4d69-8448-dfa5be4ba63a" testListId="8c84fa94-04c1-424b-9868-57a2d4851a1d" />
    <TestEntry testId="8e6b3f38-4a76-aaed-a005-7ffb52d420c2" executionId="b8d1dff1-eb0c-4277-8d09-651befef6b62" testListId="8c84fa94-04c1-424b-9868-57a2d4851a1d" />
    <TestEntry testId="7e627181-357e-8544-a7e3-e2a2dcda9a28" executionId="4ad0d356-49ac-44f0-8994-d5b00a60410a" testListId="8c84fa94-04c1-424b-9868-57a2d4851a1d" />
    <TestEntry testId="22bb15b7-e0f8-c622-a286-b6dfbf9cfaf2" executionId="6288f5b5-05c7-4a9d-a23c-13e3716ebad1" testListId="8c84fa94-04c1-424b-9868-57a2d4851a1d" />
    <TestEntry testId="301b51cf-3019-5540-61a2-ae5ea9ae83e6" executionId="449a0cb3-b83f-4658-8fb1-0127df109483" testListId="8c84fa94-04c1-424b-9868-57a2d4851a1d" />
    <TestEntry testId="42f44aa9-189a-6f5b-3671-3754e6c8d0ee" executionId="36628f88-d23c-4400-9eb8-61acd0de2253" testListId="8c84fa94-04c1-424b-9868-57a2d4851a1d" />
    <TestEntry testId="67f96484-0130-ebff-208f-45d468ea30d8" executionId="91a54e78-4f53-4815-8d71-be3137acbfe7" testListId="8c84fa94-04c1-424b-9868-57a2d4851a1d" />
    <TestEntry testId="a22157b7-d19b-9d60-98a1-792d89f33c77" executionId="2a0f786c-f595-4197-b5ae-cffba26a9c3b" testListId="8c84fa94-04c1-424b-9868-57a2d4851a1d" />
    <TestEntry testId="a40b6088-ae38-8102-a869-0bb66b58c3d4" executionId="38259c92-d919-4183-8d18-005df32212c6" testListId="8c84fa94-04c1-424b-9868-57a2d4851a1d" />
    <TestEntry testId="85bdc6ea-50d2-73b5-4788-782d979501b8" executionId="6f5b82bf-10e7-4978-a6d7-2c91c9e08b6b" testListId="8c84fa94-04c1-424b-9868-57a2d4851a1d" />
    <TestEntry testId="9e8dba8f-90f1-03f3-49ac-bc3eeb085980" executionId="34eca17f-ddc5-4655-a06b-3abff774eee3" testListId="8c84fa94-04c1-424b-9868-57a2d4851a1d" />
    <TestEntry testId="fd40189b-9334-3adf-05c2-3a3d3c0063f2" executionId="8565bfff-3b6b-458b-97e5-afabd7837145" testListId="8c84fa94-04c1-424b-9868-57a2d4851a1d" />
    <TestEntry testId="f8c41a19-cc98-5a48-f27b-6cacf567c84b" executionId="d05abf6c-f1f5-448f-aec7-de5aa918d233" testListId="8c84fa94-04c1-424b-9868-57a2d4851a1d" />
    <TestEntry testId="af3138da-d53f-478f-291b-e2908f388fee" executionId="6ef4d6ff-7510-4db7-a413-896a7582b211" testListId="8c84fa94-04c1-424b-9868-57a2d4851a1d" />
    <TestEntry testId="0319f6f3-14b1-852c-786b-07b7c2ff548d" executionId="04f72082-0cfa-4e8d-b94f-87173495b1dc" testListId="8c84fa94-04c1-424b-9868-57a2d4851a1d" />
    <TestEntry testId="4339d3cc-ad03-6879-26a0-8793fd6fa1fa" executionId="c3ce7220-a78c-4d5c-9051-08a293e0b648" testListId="8c84fa94-04c1-424b-9868-57a2d4851a1d" />
    <TestEntry testId="79d555e6-6c8c-3262-1e85-45470685e182" executionId="b7c9a554-ed26-439a-b69f-ea064a0d2a3b" testListId="8c84fa94-04c1-424b-9868-57a2d4851a1d" />
    <TestEntry testId="b5724a1a-d619-bb7c-ac4d-018769090961" executionId="e6f13281-7d09-401b-a3ad-0d92fe5b2e1a" testListId="8c84fa94-04c1-424b-9868-57a2d4851a1d" />
    <TestEntry testId="e4805c5c-ef16-230f-4f51-763ec43596c1" executionId="e2abde9e-8bf4-4d2a-9871-3397c82e75df" testListId="8c84fa94-04c1-424b-9868-57a2d4851a1d" />
    <TestEntry testId="2e659097-5abb-3893-d564-3d209b13e391" executionId="dbf29293-4364-49bd-8546-e993794ff6b2" testListId="8c84fa94-04c1-424b-9868-57a2d4851a1d" />
    <TestEntry testId="12831d19-5293-6a50-5d96-c71f2de122b7" executionId="8427deeb-b41e-4999-9ee1-704286fe9f42" testListId="8c84fa94-04c1-424b-9868-57a2d4851a1d" />
    <TestEntry testId="2f26c790-0198-5aea-bc39-c8fe2f554353" executionId="9b5fd569-0337-4859-9daa-b7fe66452302" testListId="8c84fa94-04c1-424b-9868-57a2d4851a1d" />
    <TestEntry testId="cb784ece-c96b-ddd4-a50b-b57d937d1e81" executionId="bccd08f9-931f-40ab-82e1-d2efe1d28e7a" testListId="8c84fa94-04c1-424b-9868-57a2d4851a1d" />
    <TestEntry testId="5ca6906e-c29c-cc01-4bcb-a2a55a7144de" executionId="8b26ac0c-7946-4b0a-adf5-2d2ce6862cd0" testListId="8c84fa94-04c1-424b-9868-57a2d4851a1d" />
    <TestEntry testId="cccaf0f5-d9d7-7cac-fa40-954d7259e7bb" executionId="06f09339-df98-4c68-853a-fdab06385212" testListId="8c84fa94-04c1-424b-9868-57a2d4851a1d" />
    <TestEntry testId="64a74f39-3a1e-4645-bafc-5c1225ae6c89" executionId="aead2305-e873-4816-ac8b-044c87a1896b" testListId="8c84fa94-04c1-424b-9868-57a2d4851a1d" />
    <TestEntry testId="663b07e8-c7f0-0949-dabc-5ba381b679e1" executionId="ab6ae661-ad05-44bb-9e88-d3f7cc8fa6fb" testListId="8c84fa94-04c1-424b-9868-57a2d4851a1d" />
    <TestEntry testId="869c5d78-18a1-5557-1fce-f7518b6189c9" executionId="719e7afc-e447-46c1-abb0-eb1f4b6778c9" testListId="8c84fa94-04c1-424b-9868-57a2d4851a1d" />
    <TestEntry testId="bdbb0f8b-f470-2239-76f9-15273bdf5fcc" executionId="2136da9c-b0cb-4f8e-9bd4-dfdb8a63269c" testListId="8c84fa94-04c1-424b-9868-57a2d4851a1d" />
    <TestEntry testId="8dbf6696-bfe3-a0a4-d167-bc9e01c1eae2" executionId="435c8f11-1785-4717-8036-91cb574f3812" testListId="8c84fa94-04c1-424b-9868-57a2d4851a1d" />
    <TestEntry testId="9c4c3e44-9740-f380-43b2-29f84514a1d0" executionId="b7a43143-8bed-46af-a159-26b209d70ce3" testListId="8c84fa94-04c1-424b-9868-57a2d4851a1d" />
  </TestEntries>
  <TestLists>
    <TestList name="Results Not in a List" id="8c84fa94-04c1-424b-9868-57a2d4851a1d" />
    <TestList name="All Loaded Results" id="19431567-8539-422a-85d7-44ee4e166bda" />
  </TestLists>
  <ResultSummary outcome="Completed">
    <Counters total="32" executed="32" passed="32" failed="0" error="0" timeout="0" aborted="0" inconclusive="0" passedButRunAborted="0" notRunnable="0" notExecuted="0" disconnected="0" warning="0" completed="0" inProgress="0" pending="0" />
    <Output>
      <StdOut>[xUnit.net 00:00:00.00] xUnit.net VSTest Adapter v2.8.2+699d445a1a (64-bit .NET 9.0.19)&#xD;
[xUnit.net 00:00:00.81]   Discovering: VirtualCompany.Api.Tests&#xD;
[xUnit.net 00:00:01.13]   Discovered:  VirtualCompany.Api.Tests&#xD;
[xUnit.net 00:00:01.14]   Starting:    VirtualCompany.Api.Tests&#xD;
info: VirtualCompany.Api[0]&#xD;
      ASP.NET Core Data Protection keys are persisted to C:\Users\Johan\AppData\Local\Temp\virtual-company-tests\data-protection-36444a8e99434576aa57e153438dde0c. Preserve this directory across restarts and deployments.&#xD;
info: DatabaseInitializationService[0]&#xD;
      Database initialization is disabled for this host.&#xD;
warn: Microsoft.EntityFrameworkCore.Model.Validation[10622]&#xD;
      Entity 'BankTransaction' has a global query filter defined and is the required end of a relationship with the entity 'BankReconciliationFollowUp'. This may lead to unexpected results when the required entity is filtered out. Either configure the navigation as optional, or define matching query filters for both entities in the navigation. See https://go.microsoft.com/fwlink/?linkid=2131316 for more information.&#xD;
warn: Microsoft.EntityFrameworkCore.Model.Validation[10622]&#xD;
      Entity 'CompanyBankAccount' has a global query filter defined and is the required end of a relationship with the entity 'BankStatementImport'. This may lead to unexpected results when the required entity is filtered out. Either configure the navigation as optional, or define matching query filters for both entities in the navigation. See https://go.microsoft.com/fwlink/?linkid=2131316 for more information.&#xD;
warn: Microsoft.EntityFrameworkCore.Model.Validation[10622]&#xD;
      Entity 'CompanyBankAccount' has a global query filter defined and is the required end of a relationship with the entity 'BankStatementImportJob'. This may lead to unexpected results when the required entity is filtered out. Either configure the navigation as optional, or define matching query filters for both entities in the navigation. See https://go.microsoft.com/fwlink/?linkid=2131316 for more information.&#xD;
warn: Microsoft.EntityFrameworkCore.Model.Validation[10622]&#xD;
      Entity 'BankTransaction' has a global query filter defined and is the required end of a relationship with the entity 'BankStatementImportRow'. This may lead to unexpected results when the required entity is filtered out. Either configure the navigation as optional, or define matching query filters for both entities in the navigation. See https://go.microsoft.com/fwlink/?linkid=2131316 for more information.&#xD;
warn: Microsoft.EntityFrameworkCore.Model.Validation[10622]&#xD;
      Entity 'CompanyDocumentRepositoryOnboardingSession' has a global query filter defined and is the required end of a relationship with the entity 'CompanyDocumentRepositoryProvisioning'. This may lead to unexpected results when the required entity is filtered out. Either configure the navigation as optional, or define matching query filters for both entities in the navigation. See https://go.microsoft.com/fwlink/?linkid=2131316 for more information.&#xD;
warn: Microsoft.EntityFrameworkCore.Model.Validation[10622]&#xD;
      Entity 'Agent' has a global query filter defined and is the required end of a relationship with the entity 'CompanyDocumentRepositoryProvisioningAgent'. This may lead to unexpected results when the required entity is filtered out. Either configure the navigation as optional, or define matching query filters for both entities in the navigation. See https://go.microsoft.com/fwlink/?linkid=2131316 for more information.&#xD;
warn: Microsoft.EntityFrameworkCore.Model.Validation[10622]&#xD;
      Entity 'OperatingInitiative' has a global query filter defined and is the required end of a relationship with the entity 'OperatingDispatch'. This may lead to unexpected results when the required entity is filtered out. Either configure the navigation as optional, or define matching query filters for both entities in the navigation. See https://go.microsoft.com/fwlink/?linkid=2131316 for more information.&#xD;
warn: Microsoft.EntityFrameworkCore.Model.Validation[10622]&#xD;
      Entity 'Agent' has a global query filter defined and is the required end of a relationship with the entity 'OperatingInitiativeCollaborator'. This may lead to unexpected results when the required entity is filtered out. Either configure the navigation as optional, or define matching query filters for both entities in the navigation. See https://go.microsoft.com/fwlink/?linkid=2131316 for more information.&#xD;
warn: Microsoft.EntityFrameworkCore.Model.Validation[20601]&#xD;
      The 'SalesMeetingConfirmationStatus' property 'ConfirmationStatus' on entity type 'SalesMeetingInvitation' is configured with a database-generated default, but has no configured sentinel value. The database-generated default will always be used for inserts when the property has the value '0', since this is the CLR default for the 'SalesMeetingConfirmationStatus' type. Consider using a nullable type, using a nullable backing field, or setting the sentinel value for the property to ensure the database default is used when, and only when, appropriate. See https://aka.ms/efcore-docs-default-values for more information.&#xD;
info: VirtualCompany.Infrastructure.Companies.ExecutiveCockpitDashboardCache[0]&#xD;
      Invalidated executive cockpit cache namespace for company f5080ff5-3156-42fa-be89-720fed3e5e36 from trigger direct; lag 1.2243 ms.&#xD;
warn: Microsoft.AspNetCore.HttpsPolicy.HttpsRedirectionMiddleware[3]&#xD;
      Failed to determine the https port for redirect.&#xD;
info: VirtualCompany.Infrastructure.Companies.CompanyOutboxEnqueuer[0]&#xD;
      Enqueued company outbox message finance.payment.created (VirtualCompany.Application.Workflows.PlatformEventEnvelope) for company f5080ff5-3156-42fa-be89-720fed3e5e36.&#xD;
info: VirtualCompany.Infrastructure.Companies.ExecutiveCockpitDashboardCache[0]&#xD;
      Invalidated executive cockpit cache namespace for company f5080ff5-3156-42fa-be89-720fed3e5e36 from trigger direct; lag 0.0127 ms.&#xD;
info: VirtualCompany.Api[0]&#xD;
      ASP.NET Core Data Protection keys are persisted to C:\Users\Johan\AppData\Local\Temp\virtual-company-tests\data-protection-ac8873c764004e2aaf0638beb7a24157. Preserve this directory across restarts and deployments.&#xD;
info: DatabaseInitializationService[0]&#xD;
      Database initialization is disabled for this host.&#xD;
info: VirtualCompany.Infrastructure.Companies.ExecutiveCockpitDashboardCache[0]&#xD;
      Invalidated executive cockpit cache namespace for company 947cfa68-c16a-41c3-875c-6e4ca46b3aaa from trigger direct; lag 0.0044 ms.&#xD;
warn: Microsoft.AspNetCore.HttpsPolicy.HttpsRedirectionMiddleware[3]&#xD;
      Failed to determine the https port for redirect.&#xD;
info: VirtualCompany.Infrastructure.Companies.CompanyOutboxEnqueuer[0]&#xD;
      Enqueued company outbox message finance.payment.created (VirtualCompany.Application.Workflows.PlatformEventEnvelope) for company 947cfa68-c16a-41c3-875c-6e4ca46b3aaa.&#xD;
info: VirtualCompany.Infrastructure.Companies.ExecutiveCockpitDashboardCache[0]&#xD;
      Invalidated executive cockpit cache namespace for company 947cfa68-c16a-41c3-875c-6e4ca46b3aaa from trigger direct; lag 0.0037 ms.&#xD;
info: VirtualCompany.Api[0]&#xD;
      ASP.NET Core Data Protection keys are persisted to C:\Users\Johan\AppData\Local\Temp\virtual-company-tests\data-protection-44f152ce1e3c40c8a54972bdf9d1054c. Preserve this directory across restarts and deployments.&#xD;
info: DatabaseInitializationService[0]&#xD;
      Database initialization is disabled for this host.&#xD;
info: VirtualCompany.Infrastructure.Companies.ExecutiveCockpitDashboardCache[0]&#xD;
      Invalidated executive cockpit cache namespace for company 10ac4c7c-1244-47ae-b466-fd0912d632dd from trigger direct; lag 0.0068 ms.&#xD;
info: VirtualCompany.Infrastructure.Companies.ExecutiveCockpitDashboardCache[0]&#xD;
      Invalidated executive cockpit cache namespace for company fb850beb-9dec-4b93-99e0-49bba7c92660 from trigger direct; lag 0.0015 ms.&#xD;
warn: Microsoft.AspNetCore.HttpsPolicy.HttpsRedirectionMiddleware[3]&#xD;
      Failed to determine the https port for redirect.&#xD;
info: VirtualCompany.Infrastructure.Companies.ExecutiveCockpitDashboardCache[0]&#xD;
      Invalidated executive cockpit cache namespace for company 10ac4c7c-1244-47ae-b466-fd0912d632dd from trigger direct; lag 0.0037 ms.&#xD;
info: VirtualCompany.Infrastructure.Companies.ExecutiveCockpitDashboardCache[0]&#xD;
      Invalidated executive cockpit cache namespace for company 10ac4c7c-1244-47ae-b466-fd0912d632dd from trigger direct; lag 0.0015 ms.&#xD;
info: VirtualCompany.Infrastructure.Companies.CompanyOutboxEnqueuer[0]&#xD;
      Enqueued company outbox message task_updated (VirtualCompany.Application.Workflows.PlatformEventEnvelope) for company 10ac4c7c-1244-47ae-b466-fd0912d632dd.&#xD;
info: VirtualCompany.Api[0]&#xD;
      ASP.NET Core Data Protection keys are persisted to C:\Users\Johan\AppData\Local\Temp\virtual-company-tests\data-protection-b8cfd420e17646218123532425b60ba3. Preserve this directory across restarts and deployments.&#xD;
info: DatabaseInitializationService[0]&#xD;
      Database initialization is disabled for this host.&#xD;
info: VirtualCompany.Infrastructure.Companies.ExecutiveCockpitDashboardCache[0]&#xD;
      Invalidated executive cockpit cache namespace for company bad719e7-d46c-4cd8-bd4a-d22856139ffd from trigger direct; lag 0.0037 ms.&#xD;
warn: Microsoft.AspNetCore.HttpsPolicy.HttpsRedirectionMiddleware[3]&#xD;
      Failed to determine the https port for redirect.&#xD;
info: VirtualCompany.Api[0]&#xD;
      ASP.NET Core Data Protection keys are persisted to C:\Users\Johan\AppData\Local\Temp\virtual-company-tests\data-protection-c817f360cfc440b39d21ca12c2367c56. Preserve this directory across restarts and deployments.&#xD;
info: DatabaseInitializationService[0]&#xD;
      Database initialization is disabled for this host.&#xD;
info: VirtualCompany.Infrastructure.Companies.ExecutiveCockpitDashboardCache[0]&#xD;
      Invalidated executive cockpit cache namespace for company abef26f5-4baf-4f36-b001-3bcb17ea0ab7 from trigger direct; lag 0.0051 ms.&#xD;
warn: Microsoft.AspNetCore.HttpsPolicy.HttpsRedirectionMiddleware[3]&#xD;
      Failed to determine the https port for redirect.&#xD;
info: VirtualCompany.Api[0]&#xD;
      ASP.NET Core Data Protection keys are persisted to C:\Users\Johan\AppData\Local\Temp\virtual-company-tests\data-protection-0801a82d5fd44a068c8c0184aacbaf4a. Preserve this directory across restarts and deployments.&#xD;
info: DatabaseInitializationService[0]&#xD;
      Database initialization is disabled for this host.&#xD;
info: VirtualCompany.Infrastructure.Companies.ExecutiveCockpitDashboardCache[0]&#xD;
      Invalidated executive cockpit cache namespace for company 96250a32-4289-4d4a-9879-ac2a4d35d18d from trigger direct; lag 0.0039 ms.&#xD;
warn: Microsoft.AspNetCore.HttpsPolicy.HttpsRedirectionMiddleware[3]&#xD;
      Failed to determine the https port for redirect.&#xD;
info: VirtualCompany.Infrastructure.Companies.ExecutiveCockpitDashboardCache[0]&#xD;
      Invalidated executive cockpit cache namespace for company 96250a32-4289-4d4a-9879-ac2a4d35d18d from trigger direct; lag 0.0029 ms.&#xD;
info: VirtualCompany.Infrastructure.Companies.CompanyOutboxEnqueuer[0]&#xD;
      Enqueued company outbox message task_created (VirtualCompany.Application.Workflows.PlatformEventEnvelope) for company 96250a32-4289-4d4a-9879-ac2a4d35d18d.&#xD;
info: VirtualCompany.Infrastructure.Companies.ExecutiveCockpitDashboardCache[0]&#xD;
      Invalidated executive cockpit cache namespace for company 96250a32-4289-4d4a-9879-ac2a4d35d18d from trigger direct; lag 0.0022 ms.&#xD;
info: VirtualCompany.Api[0]&#xD;
      ASP.NET Core Data Protection keys are persisted to C:\Users\Johan\AppData\Local\Temp\virtual-company-tests\data-protection-ff7f4687de214393bc8d61446e596575. Preserve this directory across restarts and deployments.&#xD;
info: DatabaseInitializationService[0]&#xD;
      Database initialization is disabled for this host.&#xD;
info: VirtualCompany.Infrastructure.Companies.ExecutiveCockpitDashboardCache[0]&#xD;
      Invalidated executive cockpit cache namespace for company 9a22b23e-31e0-48fa-9560-16b2df3eabd8 from trigger direct; lag 0.0041 ms.&#xD;
warn: Microsoft.AspNetCore.HttpsPolicy.HttpsRedirectionMiddleware[3]&#xD;
      Failed to determine the https port for redirect.&#xD;
info: VirtualCompany.Infrastructure.Companies.ExecutiveCockpitDashboardCache[0]&#xD;
      Invalidated executive cockpit cache namespace for company 9a22b23e-31e0-48fa-9560-16b2df3eabd8 from trigger direct; lag 0.0035 ms.&#xD;
info: VirtualCompany.Infrastructure.Companies.CompanyOutboxEnqueuer[0]&#xD;
      Enqueued company outbox message task_created (VirtualCompany.Application.Workflows.PlatformEventEnvelope) for company 9a22b23e-31e0-48fa-9560-16b2df3eabd8.&#xD;
info: VirtualCompany.Infrastructure.Companies.ExecutiveCockpitDashboardCache[0]&#xD;
      Invalidated executive cockpit cache namespace for company 9a22b23e-31e0-48fa-9560-16b2df3eabd8 from trigger direct; lag 0.0028 ms.&#xD;
info: VirtualCompany.Api[0]&#xD;
      ASP.NET Core Data Protection keys are persisted to C:\Users\Johan\AppData\Local\Temp\virtual-company-tests\data-protection-d2c4fbab20f14b9a9bc004c9fe31019f. Preserve this directory across restarts and deployments.&#xD;
info: DatabaseInitializationService[0]&#xD;
      Database initialization is disabled for this host.&#xD;
info: VirtualCompany.Infrastructure.Companies.ExecutiveCockpitDashboardCache[0]&#xD;
      Invalidated executive cockpit cache namespace for company 02cda35f-0fe0-459d-846b-e1965140b30f from trigger direct; lag 0.0038 ms.&#xD;
warn: Microsoft.AspNetCore.HttpsPolicy.HttpsRedirectionMiddleware[3]&#xD;
      Failed to determine the https port for redirect.&#xD;
info: VirtualCompany.Infrastructure.Companies.ExecutiveCockpitDashboardCache[0]&#xD;
      Invalidated executive cockpit cache namespace for company 02cda35f-0fe0-459d-846b-e1965140b30f from trigger direct; lag 0.0031 ms.&#xD;
info: VirtualCompany.Infrastructure.Companies.CompanyOutboxEnqueuer[0]&#xD;
      Enqueued company outbox message task_created (VirtualCompany.Application.Workflows.PlatformEventEnvelope) for company 02cda35f-0fe0-459d-846b-e1965140b30f.&#xD;
info: VirtualCompany.Infrastructure.Companies.ExecutiveCockpitDashboardCache[0]&#xD;
      Invalidated executive cockpit cache namespace for company 02cda35f-0fe0-459d-846b-e1965140b30f from trigger direct; lag 0.002 ms.&#xD;
info: VirtualCompany.Infrastructure.Companies.ExecutiveCockpitDashboardCache[0]&#xD;
      Invalidated executive cockpit cache namespace for company 02cda35f-0fe0-459d-846b-e1965140b30f from trigger direct; lag 0.0029 ms.&#xD;
info: VirtualCompany.Infrastructure.Companies.CompanyOutboxEnqueuer[0]&#xD;
      Enqueued company outbox message task_created (VirtualCompany.Application.Workflows.PlatformEventEnvelope) for company 02cda35f-0fe0-459d-846b-e1965140b30f.&#xD;
info: VirtualCompany.Infrastructure.Companies.ExecutiveCockpitDashboardCache[0]&#xD;
      Invalidated executive cockpit cache namespace for company 02cda35f-0fe0-459d-846b-e1965140b30f from trigger direct; lag 0.0025 ms.&#xD;
info: VirtualCompany.Api[0]&#xD;
      ASP.NET Core Data Protection keys are persisted to C:\Users\Johan\AppData\Local\Temp\virtual-company-tests\data-protection-5c0d74f38c4f4985898dcc814d7302d9. Preserve this directory across restarts and deployments.&#xD;
info: DatabaseInitializationService[0]&#xD;
      Database initialization is disabled for this host.&#xD;
info: VirtualCompany.Infrastructure.Companies.ExecutiveCockpitDashboardCache[0]&#xD;
      Invalidated executive cockpit cache namespace for company b69c362a-05e9-41a0-a17a-a9f803a4e429 from trigger direct; lag 0.0031 ms.&#xD;
info: VirtualCompany.Infrastructure.Companies.ExecutiveCockpitDashboardCache[0]&#xD;
      Invalidated executive cockpit cache namespace for company 769e9c9b-a6c8-4c3d-b164-00c03b9ef1f5 from trigger direct; lag 0.0006 ms.&#xD;
warn: Microsoft.AspNetCore.HttpsPolicy.HttpsRedirectionMiddleware[3]&#xD;
      Failed to determine the https port for redirect.&#xD;
info: VirtualCompany.Api[0]&#xD;
      ASP.NET Core Data Protection keys are persisted to C:\Users\Johan\AppData\Local\Temp\virtual-company-tests\data-protection-741d5388f9064cd284aad72943c973e4. Preserve this directory across restarts and deployments.&#xD;
info: DatabaseInitializationService[0]&#xD;
      Database initialization is disabled for this host.&#xD;
info: VirtualCompany.Infrastructure.Companies.ExecutiveCockpitDashboardCache[0]&#xD;
      Invalidated executive cockpit cache namespace for company eb6139ee-48ba-48a1-a6c9-a2d97501c8d2 from trigger direct; lag 0.0031 ms.&#xD;
warn: Microsoft.AspNetCore.HttpsPolicy.HttpsRedirectionMiddleware[3]&#xD;
      Failed to determine the https port for redirect.&#xD;
info: VirtualCompany.Infrastructure.Companies.ExecutiveCockpitDashboardCache[0]&#xD;
      Invalidated executive cockpit cache namespace for company eb6139ee-48ba-48a1-a6c9-a2d97501c8d2 from trigger direct; lag 0.0031 ms.&#xD;
info: VirtualCompany.Infrastructure.Companies.CompanyOutboxEnqueuer[0]&#xD;
      Enqueued company outbox message task_created (VirtualCompany.Application.Workflows.PlatformEventEnvelope) for company eb6139ee-48ba-48a1-a6c9-a2d97501c8d2.&#xD;
info: VirtualCompany.Infrastructure.Companies.ExecutiveCockpitDashboardCache[0]&#xD;
      Invalidated executive cockpit cache namespace for company eb6139ee-48ba-48a1-a6c9-a2d97501c8d2 from trigger direct; lag 0.0013 ms.&#xD;
info: VirtualCompany.Infrastructure.Companies.ExecutiveCockpitDashboardCache[0]&#xD;
      Invalidated executive cockpit cache namespace for company eb6139ee-48ba-48a1-a6c9-a2d97501c8d2 from trigger direct; lag 0.0028 ms.&#xD;
info: VirtualCompany.Infrastructure.Companies.CompanyOutboxEnqueuer[0]&#xD;
      Enqueued company outbox message task_created (VirtualCompany.Application.Workflows.PlatformEventEnvelope) for company eb6139ee-48ba-48a1-a6c9-a2d97501c8d2.&#xD;
info: VirtualCompany.Infrastructure.Companies.ExecutiveCockpitDashboardCache[0]&#xD;
      Invalidated executive cockpit cache namespace for company eb6139ee-48ba-48a1-a6c9-a2d97501c8d2 from trigger direct; lag 0.0023 ms.&#xD;
info: VirtualCompany.Api[0]&#xD;
      ASP.NET Core Data Protection keys are persisted to C:\Users\Johan\AppData\Local\Temp\virtual-company-tests\data-protection-421036b6f0c7411a946c937a49900c89. Preserve this directory across restarts and deployments.&#xD;
info: DatabaseInitializationService[0]&#xD;
      Database initialization is disabled for this host.&#xD;
info: VirtualCompany.Infrastructure.Companies.ExecutiveCockpitDashboardCache[0]&#xD;
      Invalidated executive cockpit cache namespace for company 750fec2d-a77d-4317-9495-eb12f5226f34 from trigger direct; lag 0.0032 ms.&#xD;
info: VirtualCompany.Infrastructure.Companies.ExecutiveCockpitDashboardCache[0]&#xD;
      Invalidated executive cockpit cache namespace for company d2de6d0d-17ac-444d-a1d5-0de09cabcf16 from trigger direct; lag 0.0005 ms.&#xD;
warn: Microsoft.AspNetCore.HttpsPolicy.HttpsRedirectionMiddleware[3]&#xD;
      Failed to determine the https port for redirect.&#xD;
info: VirtualCompany.Api[0]&#xD;
      ASP.NET Core Data Protection keys are persisted to C:\Users\Johan\AppData\Local\Temp\virtual-company-tests\data-protection-46e7aa318986484d9bfd41b6d64d1462. Preserve this directory across restarts and deployments.&#xD;
info: DatabaseInitializationService[0]&#xD;
      Database initialization is disabled for this host.&#xD;
info: VirtualCompany.Infrastructure.Companies.ExecutiveCockpitDashboardCache[0]&#xD;
      Invalidated executive cockpit cache namespace for company be651711-cc07-4087-8f8a-ff758f705656 from trigger direct; lag 0.0034 ms.&#xD;
info: VirtualCompany.Infrastructure.Companies.ExecutiveCockpitDashboardCache[0]&#xD;
      Invalidated executive cockpit cache namespace for company 2dc17b6a-982d-4a94-a16b-a7b9c611890c from trigger direct; lag 0.0033 ms.&#xD;
warn: Microsoft.AspNetCore.HttpsPolicy.HttpsRedirectionMiddleware[3]&#xD;
      Failed to determine the https port for redirect.&#xD;
info: VirtualCompany.Infrastructure.Companies.ExecutiveCockpitDashboardCache[0]&#xD;
      Invalidated executive cockpit cache namespace for company be651711-cc07-4087-8f8a-ff758f705656 from trigger direct; lag 0.0021 ms.&#xD;
info: VirtualCompany.Infrastructure.Companies.CompanyOutboxEnqueuer[0]&#xD;
      Enqueued company outbox message task_created (VirtualCompany.Application.Workflows.PlatformEventEnvelope) for company be651711-cc07-4087-8f8a-ff758f705656.&#xD;
info: VirtualCompany.Infrastructure.Companies.ExecutiveCockpitDashboardCache[0]&#xD;
      Invalidated executive cockpit cache namespace for company be651711-cc07-4087-8f8a-ff758f705656 from trigger direct; lag 0.0019 ms.&#xD;
info: VirtualCompany.Api[0]&#xD;
      ASP.NET Core Data Protection keys are persisted to C:\Users\Johan\AppData\Local\Temp\virtual-company-tests\data-protection-79ba49664db9429f8427577eb516f2c8. Preserve this directory across restarts and deployments.&#xD;
info: DatabaseInitializationService[0]&#xD;
      Database initialization is disabled for this host.&#xD;
info: VirtualCompany.Infrastructure.Companies.ExecutiveCockpitDashboardCache[0]&#xD;
      Invalidated executive cockpit cache namespace for company 246ff747-aa17-42f9-9c18-1e72410f12f6 from trigger direct; lag 0.0022 ms.&#xD;
info: VirtualCompany.Infrastructure.Companies.ExecutiveCockpitDashboardCache[0]&#xD;
      Invalidated executive cockpit cache namespace for company 6f3fb6c8-ca2d-41be-a403-d52ffdfb7291 from trigger direct; lag 0.0005 ms.&#xD;
warn: Microsoft.AspNetCore.HttpsPolicy.HttpsRedirectionMiddleware[3]&#xD;
      Failed to determine the https port for redirect.&#xD;
info: VirtualCompany.Infrastructure.Companies.ExecutiveCockpitDashboardCache[0]&#xD;
      Invalidated executive cockpit cache namespace for company 246ff747-aa17-42f9-9c18-1e72410f12f6 from trigger direct; lag 0.0022 ms.&#xD;
info: VirtualCompany.Infrastructure.Companies.ExecutiveCockpitDashboardCache[0]&#xD;
      Invalidated executive cockpit cache namespace for company 246ff747-aa17-42f9-9c18-1e72410f12f6 from trigger direct; lag 0.0005 ms.&#xD;
info: VirtualCompany.Api[0]&#xD;
      ASP.NET Core Data Protection keys are persisted to C:\Users\Johan\AppData\Local\Temp\virtual-company-tests\data-protection-0864749cdcce45548f97fd05a23c8db7. Preserve this directory across restarts and deployments.&#xD;
info: DatabaseInitializationService[0]&#xD;
      Database initialization is disabled for this host.&#xD;
info: VirtualCompany.Infrastructure.Companies.ExecutiveCockpitDashboardCache[0]&#xD;
      Invalidated executive cockpit cache namespace for company 2011ccb0-2990-4573-9dc1-8f525d9437b6 from trigger direct; lag 0.0023 ms.&#xD;
info: VirtualCompany.Infrastructure.Companies.ExecutiveCockpitDashboardCache[0]&#xD;
      Invalidated executive cockpit cache namespace for company f8d23c69-3eb5-4012-a249-3f2acb87053e from trigger direct; lag 0.0004 ms.&#xD;
warn: Microsoft.AspNetCore.HttpsPolicy.HttpsRedirectionMiddleware[3]&#xD;
      Failed to determine the https port for redirect.&#xD;
info: VirtualCompany.Api[0]&#xD;
      ASP.NET Core Data Protection keys are persisted to C:\Users\Johan\AppData\Local\Temp\virtual-company-tests\data-protection-42cb922343564e6cb75a828d6914b59c. Preserve this directory across restarts and deployments.&#xD;
info: DatabaseInitializationService[0]&#xD;
      Database initialization is disabled for this host.&#xD;
info: VirtualCompany.Infrastructure.Companies.ExecutiveCockpitDashboardCache[0]&#xD;
      Invalidated executive cockpit cache namespace for company 20120b78-ee2a-411b-bcc7-ec88792f083e from trigger direct; lag 0.0023 ms.&#xD;
info: VirtualCompany.Infrastructure.Companies.ExecutiveCockpitDashboardCache[0]&#xD;
      Invalidated executive cockpit cache namespace for company 102483b5-d9c8-4b5b-bf95-0e9d8a2cfd87 from trigger direct; lag 0.0004 ms.&#xD;
warn: Microsoft.AspNetCore.HttpsPolicy.HttpsRedirectionMiddleware[3]&#xD;
      Failed to determine the https port for redirect.&#xD;
info: VirtualCompany.Api[0]&#xD;
      ASP.NET Core Data Protection keys are persisted to C:\Users\Johan\AppData\Local\Temp\virtual-company-tests\data-protection-b9aaca6bcaa947679c8845bacdf96331. Preserve this directory across restarts and deployments.&#xD;
info: DatabaseInitializationService[0]&#xD;
      Database initialization is disabled for this host.&#xD;
info: VirtualCompany.Infrastructure.Companies.ExecutiveCockpitDashboardCache[0]&#xD;
      Invalidated executive cockpit cache namespace for company fcf1a552-bc9a-4cab-a26b-fa7c53a121a8 from trigger direct; lag 0.0024 ms.&#xD;
warn: Microsoft.AspNetCore.HttpsPolicy.HttpsRedirectionMiddleware[3]&#xD;
      Failed to determine the https port for redirect.&#xD;
info: VirtualCompany.Infrastructure.Companies.ExecutiveCockpitDashboardCache[0]&#xD;
      Invalidated executive cockpit cache namespace for company fcf1a552-bc9a-4cab-a26b-fa7c53a121a8 from trigger direct; lag 0.0019 ms.&#xD;
info: VirtualCompany.Infrastructure.Companies.CompanyOutboxEnqueuer[0]&#xD;
      Enqueued company outbox message task_created (VirtualCompany.Application.Workflows.PlatformEventEnvelope) for company fcf1a552-bc9a-4cab-a26b-fa7c53a121a8.&#xD;
info: VirtualCompany.Infrastructure.Companies.ExecutiveCockpitDashboardCache[0]&#xD;
      Invalidated executive cockpit cache namespace for company fcf1a552-bc9a-4cab-a26b-fa7c53a121a8 from trigger direct; lag 0.0015 ms.&#xD;
info: VirtualCompany.Api[0]&#xD;
      ASP.NET Core Data Protection keys are persisted to C:\Users\Johan\AppData\Local\Temp\virtual-company-tests\data-protection-a74deb505dc5435b913926a27d50b54f. Preserve this directory across restarts and deployments.&#xD;
info: DatabaseInitializationService[0]&#xD;
      Database initialization is disabled for this host.&#xD;
info: VirtualCompany.Infrastructure.Companies.ExecutiveCockpitDashboardCache[0]&#xD;
      Invalidated executive cockpit cache namespace for company 2d11c669-1f87-478f-946f-936d33177611 from trigger direct; lag 0.003 ms.&#xD;
info: VirtualCompany.Infrastructure.Companies.ExecutiveCockpitDashboardCache[0]&#xD;
      Invalidated executive cockpit cache namespace for company 79fa6203-d32b-44c5-a206-966ad24750ca from trigger direct; lag 0.0005 ms.&#xD;
info: VirtualCompany.Infrastructure.Companies.ExecutiveCockpitDashboardCache[0]&#xD;
      Invalidated executive cockpit cache namespace for company 2d11c669-1f87-478f-946f-936d33177611 from trigger direct; lag 0.0031 ms.&#xD;
warn: Microsoft.AspNetCore.HttpsPolicy.HttpsRedirectionMiddleware[3]&#xD;
      Failed to determine the https port for redirect.&#xD;
warn: Microsoft.EntityFrameworkCore.Query[10102]&#xD;
      The query uses a row limiting operator ('Skip'/'Take') without an 'OrderBy' operator. This may lead to unpredictable results. If the 'Distinct' operator is used after 'OrderBy', then make sure to use the 'OrderBy' operator after 'Distinct' as the ordering would otherwise get erased.&#xD;
info: VirtualCompany.Api[0]&#xD;
      ASP.NET Core Data Protection keys are persisted to C:\Users\Johan\AppData\Local\Temp\virtual-company-tests\data-protection-3632ac975e1b4163acc6a623b8744147. Preserve this directory across restarts and deployments.&#xD;
info: DatabaseInitializationService[0]&#xD;
      Database initialization is disabled for this host.&#xD;
info: VirtualCompany.Infrastructure.Companies.ExecutiveCockpitDashboardCache[0]&#xD;
      Invalidated executive cockpit cache namespace for company 973f49ac-4e3f-405d-b370-8bbe6cc8987c from trigger direct; lag 0.0022 ms.&#xD;
info: VirtualCompany.Infrastructure.Companies.ExecutiveCockpitDashboardCache[0]&#xD;
      Invalidated executive cockpit cache namespace for company f3728894-22c0-4a2d-999b-ed5bb2e3f30c from trigger direct; lag 0.0004 ms.&#xD;
info: VirtualCompany.Infrastructure.Companies.ExecutiveCockpitDashboardCache[0]&#xD;
      Invalidated executive cockpit cache namespace for company 973f49ac-4e3f-405d-b370-8bbe6cc8987c from trigger direct; lag 0.0022 ms.&#xD;
warn: Microsoft.AspNetCore.HttpsPolicy.HttpsRedirectionMiddleware[3]&#xD;
      Failed to determine the https port for redirect.&#xD;
info: VirtualCompany.Infrastructure.Auth.DevHeaderAuthenticationHandler[13]&#xD;
      AuthenticationScheme: DevHeader was forbidden.&#xD;
info: VirtualCompany.Api[0]&#xD;
      ASP.NET Core Data Protection keys are persisted to C:\Users\Johan\AppData\Local\Temp\virtual-company-tests\data-protection-a5f6bf4abbd74b94aa8676d15c1f813a. Preserve this directory across restarts and deployments.&#xD;
info: DatabaseInitializationService[0]&#xD;
      Database initialization is disabled for this host.&#xD;
info: VirtualCompany.Infrastructure.Companies.ExecutiveCockpitDashboardCache[0]&#xD;
      Invalidated executive cockpit cache namespace for company fb5172da-c238-4c60-9072-9809780235e4 from trigger direct; lag 0.0024 ms.&#xD;
info: VirtualCompany.Infrastructure.Companies.ExecutiveCockpitDashboardCache[0]&#xD;
      Invalidated executive cockpit cache namespace for company fe14aafa-2358-4e3a-bb15-ca34013724af from trigger direct; lag 0.0004 ms.&#xD;
info: VirtualCompany.Infrastructure.Companies.ExecutiveCockpitDashboardCache[0]&#xD;
      Invalidated executive cockpit cache namespace for company fb5172da-c238-4c60-9072-9809780235e4 from trigger direct; lag 0.0013 ms.&#xD;
warn: Microsoft.AspNetCore.HttpsPolicy.HttpsRedirectionMiddleware[3]&#xD;
      Failed to determine the https port for redirect.&#xD;
info: VirtualCompany.Infrastructure.Companies.CompanyAgentStaffOverviewQueryService[0]&#xD;
      Agent staff finance summary is unavailable because finance is not initialized for company fb5172da-c238-4c60-9072-9809780235e4.&#xD;
warn: Microsoft.EntityFrameworkCore.Query[20504]&#xD;
      Compiling a query which loads related collections for more than one collection navigation, either via 'Include' or through projection, but no 'QuerySplittingBehavior' has been configured. By default, Entity Framework will use 'QuerySplittingBehavior.SingleQuery', which can potentially result in slow query performance. See https://go.microsoft.com/fwlink/?linkid=2134277 for more information. To identify the query that's triggering this warning call 'ConfigureWarnings(w =&gt; w.Throw(RelationalEventId.MultipleCollectionIncludeWarning))'.&#xD;
warn: Microsoft.EntityFrameworkCore.Query[20504]&#xD;
      Compiling a query which loads related collections for more than one collection navigation, either via 'Include' or through projection, but no 'QuerySplittingBehavior' has been configured. By default, Entity Framework will use 'QuerySplittingBehavior.SingleQuery', which can potentially result in slow query performance. See https://go.microsoft.com/fwlink/?linkid=2134277 for more information. To identify the query that's triggering this warning call 'ConfigureWarnings(w =&gt; w.Throw(RelationalEventId.MultipleCollectionIncludeWarning))'.&#xD;
info: VirtualCompany.Api[0]&#xD;
      ASP.NET Core Data Protection keys are persisted to C:\Users\Johan\AppData\Local\Temp\virtual-company-tests\data-protection-10e902cfbea44b8ca3fa1484388e16a6. Preserve this directory across restarts and deployments.&#xD;
info: DatabaseInitializationService[0]&#xD;
      Database initialization is disabled for this host.&#xD;
info: VirtualCompany.Infrastructure.Companies.ExecutiveCockpitDashboardCache[0]&#xD;
      Invalidated executive cockpit cache namespace for company 8d4000cf-f6fc-458a-88dd-7e8a220a6c98 from trigger direct; lag 0.0028 ms.&#xD;
info: VirtualCompany.Infrastructure.Companies.ExecutiveCockpitDashboardCache[0]&#xD;
      Invalidated executive cockpit cache namespace for company a858b271-4157-4a29-8606-279c57a4715e from trigger direct; lag 0.0004 ms.&#xD;
warn: Microsoft.AspNetCore.HttpsPolicy.HttpsRedirectionMiddleware[3]&#xD;
      Failed to determine the https port for redirect.&#xD;
info: VirtualCompany.Api[0]&#xD;
      ASP.NET Core Data Protection keys are persisted to C:\Users\Johan\AppData\Local\Temp\virtual-company-tests\data-protection-79f39bad0e5547e6a1f8f4c708c05525. Preserve this directory across restarts and deployments.&#xD;
info: DatabaseInitializationService[0]&#xD;
      Database initialization is disabled for this host.&#xD;
info: VirtualCompany.Infrastructure.Companies.ExecutiveCockpitDashboardCache[0]&#xD;
      Invalidated executive cockpit cache namespace for company a3b29a10-b522-4dd6-807e-b7060e855beb from trigger direct; lag 0.0027 ms.&#xD;
info: VirtualCompany.Infrastructure.Companies.ExecutiveCockpitDashboardCache[0]&#xD;
      Invalidated executive cockpit cache namespace for company 624390a6-fdae-45a3-a6ec-d3511d4c0d2d from trigger direct; lag 0.0004 ms.&#xD;
info: VirtualCompany.Infrastructure.Companies.ExecutiveCockpitDashboardCache[0]&#xD;
      Invalidated executive cockpit cache namespace for company a3b29a10-b522-4dd6-807e-b7060e855beb from trigger direct; lag 0.0023 ms.&#xD;
warn: Microsoft.AspNetCore.HttpsPolicy.HttpsRedirectionMiddleware[3]&#xD;
      Failed to determine the https port for redirect.&#xD;
info: VirtualCompany.Infrastructure.Companies.CompanyAgentStaffOverviewQueryService[0]&#xD;
      Agent staff finance summary is unavailable because finance is not initialized for company a3b29a10-b522-4dd6-807e-b7060e855beb.&#xD;
info: VirtualCompany.Api[0]&#xD;
      ASP.NET Core Data Protection keys are persisted to C:\Users\Johan\AppData\Local\Temp\virtual-company-tests\data-protection-35a55efe0b9b40408b9a23d34bb693cc. Preserve this directory across restarts and deployments.&#xD;
info: DatabaseInitializationService[0]&#xD;
      Database initialization is disabled for this host.&#xD;
info: VirtualCompany.Infrastructure.Companies.ExecutiveCockpitDashboardCache[0]&#xD;
      Invalidated executive cockpit cache namespace for company a3710f3e-e2c8-4515-bb61-894619b33585 from trigger direct; lag 0.0033 ms.&#xD;
info: VirtualCompany.Infrastructure.Companies.ExecutiveCockpitDashboardCache[0]&#xD;
      Invalidated executive cockpit cache namespace for company 590e3b1e-bd9e-486a-9759-9fd95a62845b from trigger direct; lag 0.0005 ms.&#xD;
warn: Microsoft.AspNetCore.HttpsPolicy.HttpsRedirectionMiddleware[3]&#xD;
      Failed to determine the https port for redirect.&#xD;
info: VirtualCompany.Infrastructure.Companies.CompanyAgentStaffOverviewQueryService[0]&#xD;
      Agent staff finance summary is unavailable because finance is not initialized for company a3710f3e-e2c8-4515-bb61-894619b33585.&#xD;
info: VirtualCompany.Api[0]&#xD;
      ASP.NET Core Data Protection keys are persisted to C:\Users\Johan\AppData\Local\Temp\virtual-company-tests\data-protection-be38e63f8f664d2fbded543d5a6c55cd. Preserve this directory across restarts and deployments.&#xD;
info: DatabaseInitializationService[0]&#xD;
      Database initialization is disabled for this host.&#xD;
info: VirtualCompany.Infrastructure.Companies.ExecutiveCockpitDashboardCache[0]&#xD;
      Invalidated executive cockpit cache namespace for company 749bd1ac-2fdf-4039-b80f-cb9034717e68 from trigger direct; lag 0.0066 ms.&#xD;
info: VirtualCompany.Infrastructure.Companies.ExecutiveCockpitDashboardCache[0]&#xD;
      Invalidated executive cockpit cache namespace for company 97073fa8-c399-47af-9f53-5172bccd3731 from trigger direct; lag 0.0004 ms.&#xD;
info: VirtualCompany.Infrastructure.Companies.ExecutiveCockpitDashboardCache[0]&#xD;
      Invalidated executive cockpit cache namespace for company 749bd1ac-2fdf-4039-b80f-cb9034717e68 from trigger direct; lag 0.0024 ms.&#xD;
warn: Microsoft.AspNetCore.HttpsPolicy.HttpsRedirectionMiddleware[3]&#xD;
      Failed to determine the https port for redirect.&#xD;
info: VirtualCompany.Infrastructure.Companies.CompanyAgentStaffOverviewQueryService[0]&#xD;
      Agent staff finance summary is unavailable because finance is not initialized for company 749bd1ac-2fdf-4039-b80f-cb9034717e68.&#xD;
info: VirtualCompany.Api[0]&#xD;
      ASP.NET Core Data Protection keys are persisted to C:\Users\Johan\AppData\Local\Temp\virtual-company-tests\data-protection-25247604c90b426d8d1a16becf09441d. Preserve this directory across restarts and deployments.&#xD;
info: DatabaseInitializationService[0]&#xD;
      Database initialization is disabled for this host.&#xD;
info: VirtualCompany.Infrastructure.Companies.ExecutiveCockpitDashboardCache[0]&#xD;
      Invalidated executive cockpit cache namespace for company c4478fee-7396-4809-ab2d-7792e32ae0a3 from trigger direct; lag 0.0024 ms.&#xD;
info: VirtualCompany.Infrastructure.Companies.ExecutiveCockpitDashboardCache[0]&#xD;
      Invalidated executive cockpit cache namespace for company 697cf7d1-e39f-4b52-b871-68758a48ef33 from trigger direct; lag 0.0004 ms.&#xD;
info: VirtualCompany.Infrastructure.Companies.ExecutiveCockpitDashboardCache[0]&#xD;
      Invalidated executive cockpit cache namespace for company c4478fee-7396-4809-ab2d-7792e32ae0a3 from trigger direct; lag 0.002 ms.&#xD;
warn: Microsoft.AspNetCore.HttpsPolicy.HttpsRedirectionMiddleware[3]&#xD;
      Failed to determine the https port for redirect.&#xD;
info: VirtualCompany.Api[0]&#xD;
      ASP.NET Core Data Protection keys are persisted to C:\Users\Johan\AppData\Local\Temp\virtual-company-tests\data-protection-0aaccc2fab19433599b266b54fd4e999. Preserve this directory across restarts and deployments.&#xD;
info: DatabaseInitializationService[0]&#xD;
      Database initialization is disabled for this host.&#xD;
info: VirtualCompany.Infrastructure.Companies.ExecutiveCockpitDashboardCache[0]&#xD;
      Invalidated executive cockpit cache namespace for company ae61422c-b192-4f40-b0b0-4156c6b5a0fa from trigger direct; lag 0.0019 ms.&#xD;
info: VirtualCompany.Infrastructure.Companies.ExecutiveCockpitDashboardCache[0]&#xD;
      Invalidated executive cockpit cache namespace for company a78f8485-24c8-48e3-9a31-b5a890d71f2c from trigger direct; lag 0.0004 ms.&#xD;
warn: Microsoft.AspNetCore.HttpsPolicy.HttpsRedirectionMiddleware[3]&#xD;
      Failed to determine the https port for redirect.&#xD;
info: VirtualCompany.Infrastructure.Auth.DevHeaderAuthenticationHandler[13]&#xD;
      AuthenticationScheme: DevHeader was forbidden.&#xD;
info: VirtualCompany.Api[0]&#xD;
      ASP.NET Core Data Protection keys are persisted to C:\Users\Johan\AppData\Local\Temp\virtual-company-tests\data-protection-012af6dfb6ef497e855c54fd99d2fece. Preserve this directory across restarts and deployments.&#xD;
info: DatabaseInitializationService[0]&#xD;
      Database initialization is disabled for this host.&#xD;
info: VirtualCompany.Infrastructure.Companies.ExecutiveCockpitDashboardCache[0]&#xD;
      Invalidated executive cockpit cache namespace for company c2bfb48a-51bb-4f01-a475-057ecb961285 from trigger direct; lag 0.0025 ms.&#xD;
info: VirtualCompany.Infrastructure.Companies.ExecutiveCockpitDashboardCache[0]&#xD;
      Invalidated executive cockpit cache namespace for company e61e7442-f76c-4d65-8c98-e0eb2bb11789 from trigger direct; lag 0.0005 ms.&#xD;
info: VirtualCompany.Infrastructure.Companies.ExecutiveCockpitDashboardCache[0]&#xD;
      Invalidated executive cockpit cache namespace for company c2bfb48a-51bb-4f01-a475-057ecb961285 from trigger direct; lag 0.0028 ms.&#xD;
warn: Microsoft.AspNetCore.HttpsPolicy.HttpsRedirectionMiddleware[3]&#xD;
      Failed to determine the https port for redirect.&#xD;
info: VirtualCompany.Api[0]&#xD;
      ASP.NET Core Data Protection keys are persisted to C:\Users\Johan\AppData\Local\Temp\virtual-company-tests\data-protection-0e27790064914d269cb1b83c8b44fb03. Preserve this directory across restarts and deployments.&#xD;
info: DatabaseInitializationService[0]&#xD;
      Database initialization is disabled for this host.&#xD;
info: VirtualCompany.Infrastructure.Companies.ExecutiveCockpitDashboardCache[0]&#xD;
      Invalidated executive cockpit cache namespace for company 8f7fb1f3-98f1-46ef-9ad2-4e323ef522d2 from trigger direct; lag 0.0024 ms.&#xD;
info: VirtualCompany.Infrastructure.Companies.ExecutiveCockpitDashboardCache[0]&#xD;
      Invalidated executive cockpit cache namespace for company 666be615-be96-4ea8-8c9a-ed28a795adff from trigger direct; lag 0.0004 ms.&#xD;
info: VirtualCompany.Infrastructure.Companies.ExecutiveCockpitDashboardCache[0]&#xD;
      Invalidated executive cockpit cache namespace for company 8f7fb1f3-98f1-46ef-9ad2-4e323ef522d2 from trigger direct; lag 0.0014 ms.&#xD;
warn: Microsoft.AspNetCore.HttpsPolicy.HttpsRedirectionMiddleware[3]&#xD;
      Failed to determine the https port for redirect.&#xD;
info: VirtualCompany.Infrastructure.Companies.CompanyAgentStaffOverviewQueryService[0]&#xD;
      Agent staff finance summary is unavailable because finance is not initialized for company 8f7fb1f3-98f1-46ef-9ad2-4e323ef522d2.&#xD;
info: VirtualCompany.Infrastructure.Companies.CompanyAgentStaffOverviewQueryService[0]&#xD;
      Agent staff finance summary is unavailable because finance is not initialized for company 8f7fb1f3-98f1-46ef-9ad2-4e323ef522d2.&#xD;
info: VirtualCompany.Api[0]&#xD;
      ASP.NET Core Data Protection keys are persisted to C:\Users\Johan\AppData\Local\Temp\virtual-company-tests\data-protection-b872ab0b25284911a6747840bd3676fa. Preserve this directory across restarts and deployments.&#xD;
info: DatabaseInitializationService[0]&#xD;
      Database initialization is disabled for this host.&#xD;
info: VirtualCompany.Infrastructure.Companies.ExecutiveCockpitDashboardCache[0]&#xD;
      Invalidated executive cockpit cache namespace for company eddf5c7c-735a-4ed4-a9d7-51e69b68e993 from trigger direct; lag 0.0027 ms.&#xD;
warn: Microsoft.AspNetCore.HttpsPolicy.HttpsRedirectionMiddleware[3]&#xD;
      Failed to determine the https port for redirect.&#xD;
info: VirtualCompany.Infrastructure.Companies.ExecutiveCockpitDashboardCache[0]&#xD;
      Invalidated executive cockpit cache namespace for company eddf5c7c-735a-4ed4-a9d7-51e69b68e993 from trigger direct; lag 0.0019 ms.&#xD;
info: VirtualCompany.Infrastructure.Companies.CompanyOutboxEnqueuer[0]&#xD;
      Enqueued company outbox message task_created (VirtualCompany.Application.Workflows.PlatformEventEnvelope) for company eddf5c7c-735a-4ed4-a9d7-51e69b68e993.&#xD;
info: VirtualCompany.Infrastructure.Companies.ExecutiveCockpitDashboardCache[0]&#xD;
      Invalidated executive cockpit cache namespace for company eddf5c7c-735a-4ed4-a9d7-51e69b68e993 from trigger direct; lag 0.0009 ms.&#xD;
info: VirtualCompany.Api[0]&#xD;
      ASP.NET Core Data Protection keys are persisted to C:\Users\Johan\AppData\Local\Temp\virtual-company-tests\data-protection-4c7d918779d3444fa2040e7ca1f55b0c. Preserve this directory across restarts and deployments.&#xD;
info: DatabaseInitializationService[0]&#xD;
      Database initialization is disabled for this host.&#xD;
info: VirtualCompany.Infrastructure.Companies.ExecutiveCockpitDashboardCache[0]&#xD;
      Invalidated executive cockpit cache namespace for company a0fd1075-cd35-4c1b-ac5d-a2003ee084e4 from trigger direct; lag 0.0023 ms.&#xD;
warn: Microsoft.AspNetCore.HttpsPolicy.HttpsRedirectionMiddleware[3]&#xD;
      Failed to determine the https port for redirect.&#xD;
info: VirtualCompany.Api[0]&#xD;
      ASP.NET Core Data Protection keys are persisted to C:\Users\Johan\AppData\Local\Temp\virtual-company-tests\data-protection-f5e8409f30ee46f083272d45cf6c135e. Preserve this directory across restarts and deployments.&#xD;
info: DatabaseInitializationService[0]&#xD;
      Database initialization is disabled for this host.&#xD;
info: VirtualCompany.Infrastructure.Companies.ExecutiveCockpitDashboardCache[0]&#xD;
      Invalidated executive cockpit cache namespace for company 7635d4b6-0bcf-45a3-9f41-2ee7e6c79a8f from trigger direct; lag 0.0025 ms.&#xD;
warn: Microsoft.AspNetCore.HttpsPolicy.HttpsRedirectionMiddleware[3]&#xD;
      Failed to determine the https port for redirect.&#xD;
info: VirtualCompany.Api[0]&#xD;
      ASP.NET Core Data Protection keys are persisted to C:\Users\Johan\AppData\Local\Temp\virtual-company-tests\data-protection-6dcd7c7bd04d47a5a5fb1cc86cff01bd. Preserve this directory across restarts and deployments.&#xD;
info: DatabaseInitializationService[0]&#xD;
      Database initialization is disabled for this host.&#xD;
info: VirtualCompany.Infrastructure.Companies.ExecutiveCockpitDashboardCache[0]&#xD;
      Invalidated executive cockpit cache namespace for company b4878b3e-2e05-41de-833b-81673549ed4b from trigger direct; lag 0.0022 ms.&#xD;
warn: Microsoft.AspNetCore.HttpsPolicy.HttpsRedirectionMiddleware[3]&#xD;
      Failed to determine the https port for redirect.&#xD;
info: VirtualCompany.Api[0]&#xD;
      ASP.NET Core Data Protection keys are persisted to C:\Users\Johan\AppData\Local\Temp\virtual-company-tests\data-protection-d570b34662f140b9b54417d3b545e1a4. Preserve this directory across restarts and deployments.&#xD;
info: DatabaseInitializationService[0]&#xD;
      Database initialization is disabled for this host.&#xD;
info: VirtualCompany.Infrastructure.Companies.ExecutiveCockpitDashboardCache[0]&#xD;
      Invalidated executive cockpit cache namespace for company a2796557-9b01-4ca7-b244-7a8be5b4c03b from trigger direct; lag 0.0033 ms.&#xD;
warn: Microsoft.AspNetCore.HttpsPolicy.HttpsRedirectionMiddleware[3]&#xD;
      Failed to determine the https port for redirect.&#xD;
[xUnit.net 00:00:35.42]   Finished:    VirtualCompany.Api.Tests&#xD;
</StdOut>
    </Output>
  </ResultSummary>
</TestRun>