<?xml version="1.0" encoding="utf-8"?>
<TestRun id="9aef93f3-d8a1-4a9e-90aa-fc16ec1fc7a4" name="Johan@DESKTOP-388F6FT 2026-10-04 09:51:57" runUser="DESKTOP-388F6FT\Johan" xmlns="http://microsoft.com/schemas/VisualStudio/TeamTest/2010">
  <Times creation="2026-10-04T09:51:57.6810332+02:00" queuing="2026-10-04T09:51:57.6810334+02:00" start="2026-10-04T09:51:56.6361153+02:00" finish="2026-10-04T09:51:57.6837013+02:00" />
  <TestSettings name="default" id="a2359a5d-31e9-45aa-a64a-c04cf7a9cf39">
    <Deployment runDeploymentRoot="Johan_DESKTOP-388F6FT_2026-10-04_09_51_57" />
  </TestSettings>
  <Results>
    <UnitTestResult executionId="81f43fd8-8c92-4f88-995e-be25edcf4053" testId="bf1edcd7-3751-65e9-db85-828a9808e021" testName="VirtualCompany.Api.Tests.DependencyInjectionArchitectureTests.Effective_factory_registrations_preserve_selected_implementations" computerName="DESKTOP-388F6FT" duration="00:00:00.0172660" startTime="2026-10-04T09:51:57.5852163+02:00" endTime="2026-10-04T09:51:57.5852165+02:00" testType="13cdc9d9-ddb5-4fa4-a97d-d965ccfc6d4b" outcome="Passed" testListId="8c84fa94-04c1-424b-9868-57a2d4851a1d" relativeResultsDirectory="81f43fd8-8c92-4f88-995e-be25edcf4053" />
    <UnitTestResult executionId="34195cfc-d119-4231-abdc-ed6e5e7df25f" testId="88463907-3cad-1e83-a4a1-fecc5d1f61b7" testName="VirtualCompany.Api.Tests.DependencyInjectionArchitectureTests.Provider_collections_preserve_membership_and_order" computerName="DESKTOP-388F6FT" duration="00:00:00.0212199" startTime="2026-10-04T09:51:57.5679204+02:00" endTime="2026-10-04T09:51:57.5679205+02:00" testType="13cdc9d9-ddb5-4fa4-a97d-d965ccfc6d4b" outcome="Passed" testListId="8c84fa94-04c1-424b-9868-57a2d4851a1d" relativeResultsDirectory="34195cfc-d119-4231-abdc-ed6e5e7df25f" />
    <UnitTestResult executionId="cb7ea225-54df-45f9-bb95-24583dcb9391" testId="b5e09830-9a1c-e128-452f-f2cde0650918" testName="VirtualCompany.Api.Tests.DependencyInjectionArchitectureTests.Production_composition_resolves_required_services_with_valid_lifetimes" computerName="DESKTOP-388F6FT" duration="00:00:00.1994916" startTime="2026-10-04T09:51:57.5472862+02:00" endTime="2026-10-04T09:51:57.5473027+02:00" testType="13cdc9d9-ddb5-4fa4-a97d-d965ccfc6d4b" outcome="Passed" testListId="8c84fa94-04c1-424b-9868-57a2d4851a1d" relativeResultsDirectory="cb7ea225-54df-45f9-bb95-24583dcb9391" />
    <UnitTestResult executionId="fce7b4ba-6bf4-4f23-81ea-cc4e4ed25605" testId="cbd6c4df-3f27-424a-9a1e-76f9dde54ef4" testName="VirtualCompany.Api.Tests.DependencyInjectionArchitectureTests.Production_composition_has_one_effective_registration_for_required_services" computerName="DESKTOP-388F6FT" duration="00:00:00.0074901" startTime="2026-10-04T09:51:57.5927656+02:00" endTime="2026-10-04T09:51:57.5927658+02:00" testType="13cdc9d9-ddb5-4fa4-a97d-d965ccfc6d4b" outcome="Passed" testListId="8c84fa94-04c1-424b-9868-57a2d4851a1d" relativeResultsDirectory="fce7b4ba-6bf4-4f23-81ea-cc4e4ed25605" />
    <UnitTestResult executionId="5b0e1411-1dd7-48d8-a959-ac8a5aef69f8" testId="fd25a3ad-e7f2-84cb-3bc1-8a4f7e603e3a" testName="VirtualCompany.Api.Tests.DependencyInjectionArchitectureTests.Every_hosted_service_is_registered_once" computerName="DESKTOP-388F6FT" duration="00:00:00.0295280" startTime="2026-10-04T09:51:57.6223478+02:00" endTime="2026-10-04T09:51:57.6223481+02:00" testType="13cdc9d9-ddb5-4fa4-a97d-d965ccfc6d4b" outcome="Passed" testListId="8c84fa94-04c1-424b-9868-57a2d4851a1d" relativeResultsDirectory="5b0e1411-1dd7-48d8-a959-ac8a5aef69f8" />
  </Results>
  <TestDefinitions>
    <UnitTest name="VirtualCompany.Api.Tests.DependencyInjectionArchitectureTests.Provider_collections_preserve_membership_and_order" storage="c:\users\johan\source\repos\virtual company\tests\virtualcompany.api.tests\bin\debug\net9.0\virtualcompany.api.tests.dll" id="88463907-3cad-1e83-a4a1-fecc5d1f61b7">
      <Execution id="34195cfc-d119-4231-abdc-ed6e5e7df25f" />
      <TestMethod codeBase="C:\Users\Johan\source\repos\Virtual Company\tests\VirtualCompany.Api.Tests\bin\Debug\net9.0\VirtualCompany.Api.Tests.dll" adapterTypeName="executor://xunit/VsTestRunner2/netcoreapp" className="VirtualCompany.Api.Tests.DependencyInjectionArchitectureTests" name="Provider_collections_preserve_membership_and_order" />
    </UnitTest>
    <UnitTest name="VirtualCompany.Api.Tests.DependencyInjectionArchitectureTests.Production_composition_resolves_required_services_with_valid_lifetimes" storage="c:\users\johan\source\repos\virtual company\tests\virtualcompany.api.tests\bin\debug\net9.0\virtualcompany.api.tests.dll" id="b5e09830-9a1c-e128-452f-f2cde0650918">
      <Execution id="cb7ea225-54df-45f9-bb95-24583dcb9391" />
      <TestMethod codeBase="C:\Users\Johan\source\repos\Virtual Company\tests\VirtualCompany.Api.Tests\bin\Debug\net9.0\VirtualCompany.Api.Tests.dll" adapterTypeName="executor://xunit/VsTestRunner2/netcoreapp" className="VirtualCompany.Api.Tests.DependencyInjectionArchitectureTests" name="Production_composition_resolves_required_services_with_valid_lifetimes" />
    </UnitTest>
    <UnitTest name="VirtualCompany.Api.Tests.DependencyInjectionArchitectureTests.Every_hosted_service_is_registered_once" storage="c:\users\johan\source\repos\virtual company\tests\virtualcompany.api.tests\bin\debug\net9.0\virtualcompany.api.tests.dll" id="fd25a3ad-e7f2-84cb-3bc1-8a4f7e603e3a">
      <Execution id="5b0e1411-1dd7-48d8-a959-ac8a5aef69f8" />
      <TestMethod codeBase="C:\Users\Johan\source\repos\Virtual Company\tests\VirtualCompany.Api.Tests\bin\Debug\net9.0\VirtualCompany.Api.Tests.dll" adapterTypeName="executor://xunit/VsTestRunner2/netcoreapp" className="VirtualCompany.Api.Tests.DependencyInjectionArchitectureTests" name="Every_hosted_service_is_registered_once" />
    </UnitTest>
    <UnitTest name="VirtualCompany.Api.Tests.DependencyInjectionArchitectureTests.Production_composition_has_one_effective_registration_for_required_services" storage="c:\users\johan\source\repos\virtual company\tests\virtualcompany.api.tests\bin\debug\net9.0\virtualcompany.api.tests.dll" id="cbd6c4df-3f27-424a-9a1e-76f9dde54ef4">
      <Execution id="fce7b4ba-6bf4-4f23-81ea-cc4e4ed25605" />
      <TestMethod codeBase="C:\Users\Johan\source\repos\Virtual Company\tests\VirtualCompany.Api.Tests\bin\Debug\net9.0\VirtualCompany.Api.Tests.dll" adapterTypeName="executor://xunit/VsTestRunner2/netcoreapp" className="VirtualCompany.Api.Tests.DependencyInjectionArchitectureTests" name="Production_composition_has_one_effective_registration_for_required_services" />
    </UnitTest>
    <UnitTest name="VirtualCompany.Api.Tests.DependencyInjectionArchitectureTests.Effective_factory_registrations_preserve_selected_implementations" storage="c:\users\johan\source\repos\virtual company\tests\virtualcompany.api.tests\bin\debug\net9.0\virtualcompany.api.tests.dll" id="bf1edcd7-3751-65e9-db85-828a9808e021">
      <Execution id="81f43fd8-8c92-4f88-995e-be25edcf4053" />
      <TestMethod codeBase="C:\Users\Johan\source\repos\Virtual Company\tests\VirtualCompany.Api.Tests\bin\Debug\net9.0\VirtualCompany.Api.Tests.dll" adapterTypeName="executor://xunit/VsTestRunner2/netcoreapp" className="VirtualCompany.Api.Tests.DependencyInjectionArchitectureTests" name="Effective_factory_registrations_preserve_selected_implementations" />
    </UnitTest>
  </TestDefinitions>
  <TestEntries>
    <TestEntry testId="bf1edcd7-3751-65e9-db85-828a9808e021" executionId="81f43fd8-8c92-4f88-995e-be25edcf4053" testListId="8c84fa94-04c1-424b-9868-57a2d4851a1d" />
    <TestEntry testId="88463907-3cad-1e83-a4a1-fecc5d1f61b7" executionId="34195cfc-d119-4231-abdc-ed6e5e7df25f" testListId="8c84fa94-04c1-424b-9868-57a2d4851a1d" />
    <TestEntry testId="b5e09830-9a1c-e128-452f-f2cde0650918" executionId="cb7ea225-54df-45f9-bb95-24583dcb9391" testListId="8c84fa94-04c1-424b-9868-57a2d4851a1d" />
    <TestEntry testId="cbd6c4df-3f27-424a-9a1e-76f9dde54ef4" executionId="fce7b4ba-6bf4-4f23-81ea-cc4e4ed25605" testListId="8c84fa94-04c1-424b-9868-57a2d4851a1d" />
    <TestEntry testId="fd25a3ad-e7f2-84cb-3bc1-8a4f7e603e3a" executionId="5b0e1411-1dd7-48d8-a959-ac8a5aef69f8" testListId="8c84fa94-04c1-424b-9868-57a2d4851a1d" />
  </TestEntries>
  <TestLists>
    <TestList name="Results Not in a List" id="8c84fa94-04c1-424b-9868-57a2d4851a1d" />
    <TestList name="All Loaded Results" id="19431567-8539-422a-85d7-44ee4e166bda" />
  </TestLists>
  <ResultSummary outcome="Completed">
    <Counters total="5" executed="5" passed="5" failed="0" error="0" timeout="0" aborted="0" inconclusive="0" passedButRunAborted="0" notRunnable="0" notExecuted="0" disconnected="0" warning="0" completed="0" inProgress="0" pending="0" />
    <Output>
      <StdOut>[xUnit.net 00:00:00.00] xUnit.net VSTest Adapter v2.8.2+699d445a1a (64-bit .NET 9.0.19)&#xD;
[xUnit.net 00:00:00.15]   Discovering: VirtualCompany.Api.Tests&#xD;
[xUnit.net 00:00:00.42]   Discovered:  VirtualCompany.Api.Tests&#xD;
[xUnit.net 00:00:00.43]   Starting:    VirtualCompany.Api.Tests&#xD;
[xUnit.net 00:00:00.73]   Finished:    VirtualCompany.Api.Tests&#xD;
</StdOut>
    </Output>
  </ResultSummary>
</TestRun>