<?xml version="1.0" encoding="utf-8"?>
<TestRun id="03a486b3-74c0-4e7d-b14b-01bd683b5c34" name="Johan@DESKTOP-388F6FT 2026-08-31 18:02:46" runUser="DESKTOP-388F6FT\Johan" xmlns="http://microsoft.com/schemas/VisualStudio/TeamTest/2010">
  <Times creation="2026-08-31T18:02:46.2363926+02:00" queuing="2026-08-31T18:02:46.2363927+02:00" start="2026-08-31T18:02:36.2779747+02:00" finish="2026-08-31T18:02:54.5569681+02:00" />
  <TestSettings name="default" id="e291cb46-841c-4491-9451-765bf2424b6e">
    <Deployment runDeploymentRoot="Johan_DESKTOP-388F6FT_2026-08-31_18_02_46" />
  </TestSettings>
  <Results>
    <UnitTestResult executionId="cb07fea5-cc89-4c98-a11d-9aad172768f9" testId="6024fb8f-76a8-df6c-de11-8f70ed488a2a" testName="VirtualCompany.Api.Tests.FinanceInvoiceDetailMappingIntegrationTests.Invoice_detail_hides_inaccessible_navigation_and_remains_tenant_scoped" computerName="DESKTOP-388F6FT" duration="00:00:08.8705513" startTime="2026-08-31T18:02:46.3765703+02:00" endTime="2026-08-31T18:02:46.3765704+02:00" testType="13cdc9d9-ddb5-4fa4-a97d-d965ccfc6d4b" outcome="Passed" testListId="8c84fa94-04c1-424b-9868-57a2d4851a1d" relativeResultsDirectory="cb07fea5-cc89-4c98-a11d-9aad172768f9" />
    <UnitTestResult executionId="11cc92d4-44d5-4f21-b54c-920f3539f907" testId="e506f843-8cc6-0320-2865-1195d1b3b322" testName="VirtualCompany.Api.Tests.FinanceReadEndpointsIntegrationTests.Finance_detail_endpoints_surface_route_drilldown_data_and_guard_linked_documents" computerName="DESKTOP-388F6FT" duration="00:00:01.5702953" startTime="2026-08-31T18:02:52.4800585+02:00" endTime="2026-08-31T18:02:52.4800586+02:00" testType="13cdc9d9-ddb5-4fa4-a97d-d965ccfc6d4b" outcome="Passed" testListId="8c84fa94-04c1-424b-9868-57a2d4851a1d" relativeResultsDirectory="11cc92d4-44d5-4f21-b54c-920f3539f907" />
    <UnitTestResult executionId="e5da008b-1936-496b-b8e5-150747314678" testId="1f0b1faa-5c92-062c-d94f-eec19d7c79ba" testName="VirtualCompany.Api.Tests.FinanceReadEndpointsIntegrationTests.Finance_read_endpoint_returns_structured_not_initialized_response_and_requests_fallback_seed" computerName="DESKTOP-388F6FT" duration="00:00:01.4499442" startTime="2026-08-31T18:02:49.5438720+02:00" endTime="2026-08-31T18:02:49.5438720+02:00" testType="13cdc9d9-ddb5-4fa4-a97d-d965ccfc6d4b" outcome="Passed" testListId="8c84fa94-04c1-424b-9868-57a2d4851a1d" relativeResultsDirectory="e5da008b-1936-496b-b8e5-150747314678" />
    <UnitTestResult executionId="0776e68d-d554-4ed3-9a7d-541bafb7a721" testId="4e1dfbb0-1077-ef22-7627-ccaab91783e6" testName="VirtualCompany.Api.Tests.FinanceInvoiceDetailMappingIntegrationTests.Invoice_detail_maps_workflow_context_and_missing_document_status_without_blocking_rendering" computerName="DESKTOP-388F6FT" duration="00:00:01.9646015" startTime="2026-08-31T18:02:50.0679580+02:00" endTime="2026-08-31T18:02:50.0679581+02:00" testType="13cdc9d9-ddb5-4fa4-a97d-d965ccfc6d4b" outcome="Passed" testListId="8c84fa94-04c1-424b-9868-57a2d4851a1d" relativeResultsDirectory="0776e68d-d554-4ed3-9a7d-541bafb7a721" />
    <UnitTestResult executionId="94ab902a-ed11-4969-aac2-5f1397ee709b" testId="73b28ab8-1656-b4f8-3cb0-b2632e16f46b" testName="VirtualCompany.Api.Tests.FinanceInvoiceDetailMappingIntegrationTests.Invoice_list_and_detail_map_summary_fields_and_available_document_metadata_end_to_end" computerName="DESKTOP-388F6FT" duration="00:00:01.7261960" startTime="2026-08-31T18:02:48.1030575+02:00" endTime="2026-08-31T18:02:48.1030577+02:00" testType="13cdc9d9-ddb5-4fa4-a97d-d965ccfc6d4b" outcome="Passed" testListId="8c84fa94-04c1-424b-9868-57a2d4851a1d" relativeResultsDirectory="94ab902a-ed11-4969-aac2-5f1397ee709b" />
    <UnitTestResult executionId="b071daad-de97-42e9-82cf-d31d04416a7d" testId="3eefbce6-0f7c-12fb-c348-ee1805739077" testName="VirtualCompany.Api.Tests.FinanceTransactionDetailMappingIntegrationTests.Transaction_list_and_detail_map_summary_fields_and_available_document_metadata_end_to_end" computerName="DESKTOP-388F6FT" duration="00:00:01.7307754" startTime="2026-08-31T18:02:47.9543045+02:00" endTime="2026-08-31T18:02:47.9543045+02:00" testType="13cdc9d9-ddb5-4fa4-a97d-d965ccfc6d4b" outcome="Passed" testListId="8c84fa94-04c1-424b-9868-57a2d4851a1d" relativeResultsDirectory="b071daad-de97-42e9-82cf-d31d04416a7d" />
    <UnitTestResult executionId="e0198ba8-b041-46ea-bbaa-a79a23a85c03" testId="d5e3c89e-a2f7-1750-7a4d-c4d198abbd8f" testName="VirtualCompany.Api.Tests.FinanceReadEndpointsIntegrationTests.Finance_read_endpoint_returns_structured_not_initialized_response_without_triggering_seed_when_fallback_is_disabled" computerName="DESKTOP-388F6FT" duration="00:00:01.0056160" startTime="2026-08-31T18:02:53.4860756+02:00" endTime="2026-08-31T18:02:53.4860758+02:00" testType="13cdc9d9-ddb5-4fa4-a97d-d965ccfc6d4b" outcome="Passed" testListId="8c84fa94-04c1-424b-9868-57a2d4851a1d" relativeResultsDirectory="e0198ba8-b041-46ea-bbaa-a79a23a85c03" />
    <UnitTestResult executionId="0c19df4c-13ba-4bb0-b31c-ce1c3fd62aa3" testId="d447b11a-9fab-69e5-5557-d8a180bd4bbf" testName="VirtualCompany.Api.Tests.FinanceTransactionDetailMappingIntegrationTests.Transaction_detail_is_tenant_scoped" computerName="DESKTOP-388F6FT" duration="00:00:08.7142786" startTime="2026-08-31T18:02:46.2229916+02:00" endTime="2026-08-31T18:02:46.2230002+02:00" testType="13cdc9d9-ddb5-4fa4-a97d-d965ccfc6d4b" outcome="Passed" testListId="8c84fa94-04c1-424b-9868-57a2d4851a1d" relativeResultsDirectory="0c19df4c-13ba-4bb0-b31c-ce1c3fd62aa3" />
    <UnitTestResult executionId="3db13580-981b-45a6-aa94-eb32bcf65f21" testId="a91797c9-1481-6335-327d-6c214ecf8599" testName="VirtualCompany.Api.Tests.FinanceTransactionDetailMappingIntegrationTests.Transaction_detail_surfaces_missing_and_inaccessible_document_states_without_blocking_rendering" computerName="DESKTOP-388F6FT" duration="00:00:01.5658270" startTime="2026-08-31T18:02:49.5204605+02:00" endTime="2026-08-31T18:02:49.5204605+02:00" testType="13cdc9d9-ddb5-4fa4-a97d-d965ccfc6d4b" outcome="Passed" testListId="8c84fa94-04c1-424b-9868-57a2d4851a1d" relativeResultsDirectory="3db13580-981b-45a6-aa94-eb32bcf65f21" />
    <UnitTestResult executionId="0c40adb5-a913-4247-9ce4-269f6ff98ae2" testId="605a999c-f5dc-e01d-cb13-2035e6fe01a6" testName="VirtualCompany.Api.Tests.FinanceSummaryUiContractIntegrationTests.Finance_summary_service_produces_error_state_inputs_when_finance_access_is_forbidden" computerName="DESKTOP-388F6FT" duration="00:00:01.5282474" startTime="2026-08-31T18:02:49.7647859+02:00" endTime="2026-08-31T18:02:49.7647860+02:00" testType="13cdc9d9-ddb5-4fa4-a97d-d965ccfc6d4b" outcome="Passed" testListId="8c84fa94-04c1-424b-9868-57a2d4851a1d" relativeResultsDirectory="0c40adb5-a913-4247-9ce4-269f6ff98ae2" />
    <UnitTestResult executionId="36d15db1-852d-4056-a26a-79ff34954bf8" testId="d30f1933-c83e-989a-1ef8-3c38c3726b6b" testName="VirtualCompany.Api.Tests.FinanceReadEndpointsIntegrationTests.Invoice_review_detail_actions_follow_workflow_actionable_state" computerName="DESKTOP-388F6FT" duration="00:00:01.3651374" startTime="2026-08-31T18:02:50.9092982+02:00" endTime="2026-08-31T18:02:50.9092983+02:00" testType="13cdc9d9-ddb5-4fa4-a97d-d965ccfc6d4b" outcome="Passed" testListId="8c84fa94-04c1-424b-9868-57a2d4851a1d" relativeResultsDirectory="36d15db1-852d-4056-a26a-79ff34954bf8" />
    <UnitTestResult executionId="79d71336-5823-4d39-a0e1-539cc36e14f2" testId="e0521554-5abb-42f5-19ab-d8184c60aa2a" testName="VirtualCompany.Api.Tests.FinanceSummaryUiContractIntegrationTests.Finance_summary_service_and_presenter_match_backend_values_for_the_active_tenant" computerName="DESKTOP-388F6FT" duration="00:00:01.9119632" startTime="2026-08-31T18:02:48.2362731+02:00" endTime="2026-08-31T18:02:48.2362733+02:00" testType="13cdc9d9-ddb5-4fa4-a97d-d965ccfc6d4b" outcome="Passed" testListId="8c84fa94-04c1-424b-9868-57a2d4851a1d" relativeResultsDirectory="79d71336-5823-4d39-a0e1-539cc36e14f2" />
    <UnitTestResult executionId="560a3ff2-f1c5-4e19-9b47-fe835789003f" testId="ccef24d7-6e91-ac39-17cb-eb7e04974419" testName="VirtualCompany.Api.Tests.FinanceReadEndpointsIntegrationTests.Finance_review_listing_returns_structured_not_initialized_response_instead_of_server_error" computerName="DESKTOP-388F6FT" duration="00:00:01.3248116" startTime="2026-08-31T18:02:48.0936870+02:00" endTime="2026-08-31T18:02:48.0936871+02:00" testType="13cdc9d9-ddb5-4fa4-a97d-d965ccfc6d4b" outcome="Passed" testListId="8c84fa94-04c1-424b-9868-57a2d4851a1d" relativeResultsDirectory="560a3ff2-f1c5-4e19-9b47-fe835789003f" />
    <UnitTestResult executionId="0cd275c1-948a-41be-af93-334cd4732d2d" testId="826cdd73-77ba-5149-2cd8-3935e5ce8ba0" testName="VirtualCompany.Api.Tests.FinanceReadEndpointsIntegrationTests.Finance_seeding_state_endpoint_uses_metadata_fast_path_when_complete_metadata_is_self_consistent" computerName="DESKTOP-388F6FT" duration="00:00:00.9572818" startTime="2026-08-31T18:02:54.4439010+02:00" endTime="2026-08-31T18:02:54.4439014+02:00" testType="13cdc9d9-ddb5-4fa4-a97d-d965ccfc6d4b" outcome="Passed" testListId="8c84fa94-04c1-424b-9868-57a2d4851a1d" relativeResultsDirectory="0cd275c1-948a-41be-af93-334cd4732d2d" />
    <UnitTestResult executionId="42a1b6ed-a9bf-404f-b819-4f2622ffd828" testId="4fbdaf03-06f0-8106-f2d7-ee7d4ad4a171" testName="VirtualCompany.Api.Tests.FinanceReadEndpointsIntegrationTests.Internal_finance_read_endpoints_return_typed_company_scoped_payloads" computerName="DESKTOP-388F6FT" duration="00:00:09.2625145" startTime="2026-08-31T18:02:46.7685850+02:00" endTime="2026-08-31T18:02:46.7685851+02:00" testType="13cdc9d9-ddb5-4fa4-a97d-d965ccfc6d4b" outcome="Passed" testListId="8c84fa94-04c1-424b-9868-57a2d4851a1d" relativeResultsDirectory="42a1b6ed-a9bf-404f-b819-4f2622ffd828" />
    <UnitTestResult executionId="65e64d50-f6c7-4589-b304-ee25edf25e79" testId="e5cd2dde-e0d6-b6f8-63dd-32975e7d96bc" testName="VirtualCompany.Api.Tests.FinanceSummaryUiContractIntegrationTests.Finance_summary_presenters_surface_empty_states_when_the_backend_returns_no_tenant_data" computerName="DESKTOP-388F6FT" duration="00:00:08.8178335" startTime="2026-08-31T18:02:46.3239926+02:00" endTime="2026-08-31T18:02:46.3239927+02:00" testType="13cdc9d9-ddb5-4fa4-a97d-d965ccfc6d4b" outcome="Passed" testListId="8c84fa94-04c1-424b-9868-57a2d4851a1d" relativeResultsDirectory="65e64d50-f6c7-4589-b304-ee25edf25e79" />
  </Results>
  <TestDefinitions>
    <UnitTest name="VirtualCompany.Api.Tests.FinanceReadEndpointsIntegrationTests.Internal_finance_read_endpoints_return_typed_company_scoped_payloads" storage="c:\users\johan\source\repos\virtual company\tests\virtualcompany.web.contract.tests\bin\release\net9.0\virtualcompany.web.contract.tests.dll" id="4fbdaf03-06f0-8106-f2d7-ee7d4ad4a171">
      <Execution id="42a1b6ed-a9bf-404f-b819-4f2622ffd828" />
      <TestMethod codeBase="C:\Users\Johan\source\repos\Virtual Company\tests\VirtualCompany.Web.Contract.Tests\bin\Release\net9.0\VirtualCompany.Web.Contract.Tests.dll" adapterTypeName="executor://xunit/VsTestRunner2/netcoreapp" className="VirtualCompany.Api.Tests.FinanceReadEndpointsIntegrationTests" name="Internal_finance_read_endpoints_return_typed_company_scoped_payloads" />
    </UnitTest>
    <UnitTest name="VirtualCompany.Api.Tests.FinanceSummaryUiContractIntegrationTests.Finance_summary_service_and_presenter_match_backend_values_for_the_active_tenant" storage="c:\users\johan\source\repos\virtual company\tests\virtualcompany.web.contract.tests\bin\release\net9.0\virtualcompany.web.contract.tests.dll" id="e0521554-5abb-42f5-19ab-d8184c60aa2a">
      <Execution id="79d71336-5823-4d39-a0e1-539cc36e14f2" />
      <TestMethod codeBase="C:\Users\Johan\source\repos\Virtual Company\tests\VirtualCompany.Web.Contract.Tests\bin\Release\net9.0\VirtualCompany.Web.Contract.Tests.dll" adapterTypeName="executor://xunit/VsTestRunner2/netcoreapp" className="VirtualCompany.Api.Tests.FinanceSummaryUiContractIntegrationTests" name="Finance_summary_service_and_presenter_match_backend_values_for_the_active_tenant" />
    </UnitTest>
    <UnitTest name="VirtualCompany.Api.Tests.FinanceReadEndpointsIntegrationTests.Finance_detail_endpoints_surface_route_drilldown_data_and_guard_linked_documents" storage="c:\users\johan\source\repos\virtual company\tests\virtualcompany.web.contract.tests\bin\release\net9.0\virtualcompany.web.contract.tests.dll" id="e506f843-8cc6-0320-2865-1195d1b3b322">
      <Execution id="11cc92d4-44d5-4f21-b54c-920f3539f907" />
      <TestMethod codeBase="C:\Users\Johan\source\repos\Virtual Company\tests\VirtualCompany.Web.Contract.Tests\bin\Release\net9.0\VirtualCompany.Web.Contract.Tests.dll" adapterTypeName="executor://xunit/VsTestRunner2/netcoreapp" className="VirtualCompany.Api.Tests.FinanceReadEndpointsIntegrationTests" name="Finance_detail_endpoints_surface_route_drilldown_data_and_guard_linked_documents" />
    </UnitTest>
    <UnitTest name="VirtualCompany.Api.Tests.FinanceSummaryUiContractIntegrationTests.Finance_summary_presenters_surface_empty_states_when_the_backend_returns_no_tenant_data" storage="c:\users\johan\source\repos\virtual company\tests\virtualcompany.web.contract.tests\bin\release\net9.0\virtualcompany.web.contract.tests.dll" id="e5cd2dde-e0d6-b6f8-63dd-32975e7d96bc">
      <Execution id="65e64d50-f6c7-4589-b304-ee25edf25e79" />
      <TestMethod codeBase="C:\Users\Johan\source\repos\Virtual Company\tests\VirtualCompany.Web.Contract.Tests\bin\Release\net9.0\VirtualCompany.Web.Contract.Tests.dll" adapterTypeName="executor://xunit/VsTestRunner2/netcoreapp" className="VirtualCompany.Api.Tests.FinanceSummaryUiContractIntegrationTests" name="Finance_summary_presenters_surface_empty_states_when_the_backend_returns_no_tenant_data" />
    </UnitTest>
    <UnitTest name="VirtualCompany.Api.Tests.FinanceTransactionDetailMappingIntegrationTests.Transaction_list_and_detail_map_summary_fields_and_available_document_metadata_end_to_end" storage="c:\users\johan\source\repos\virtual company\tests\virtualcompany.web.contract.tests\bin\release\net9.0\virtualcompany.web.contract.tests.dll" id="3eefbce6-0f7c-12fb-c348-ee1805739077">
      <Execution id="b071daad-de97-42e9-82cf-d31d04416a7d" />
      <TestMethod codeBase="C:\Users\Johan\source\repos\Virtual Company\tests\VirtualCompany.Web.Contract.Tests\bin\Release\net9.0\VirtualCompany.Web.Contract.Tests.dll" adapterTypeName="executor://xunit/VsTestRunner2/netcoreapp" className="VirtualCompany.Api.Tests.FinanceTransactionDetailMappingIntegrationTests" name="Transaction_list_and_detail_map_summary_fields_and_available_document_metadata_end_to_end" />
    </UnitTest>
    <UnitTest name="VirtualCompany.Api.Tests.FinanceReadEndpointsIntegrationTests.Finance_seeding_state_endpoint_uses_metadata_fast_path_when_complete_metadata_is_self_consistent" storage="c:\users\johan\source\repos\virtual company\tests\virtualcompany.web.contract.tests\bin\release\net9.0\virtualcompany.web.contract.tests.dll" id="826cdd73-77ba-5149-2cd8-3935e5ce8ba0">
      <Execution id="0cd275c1-948a-41be-af93-334cd4732d2d" />
      <TestMethod codeBase="C:\Users\Johan\source\repos\Virtual Company\tests\VirtualCompany.Web.Contract.Tests\bin\Release\net9.0\VirtualCompany.Web.Contract.Tests.dll" adapterTypeName="executor://xunit/VsTestRunner2/netcoreapp" className="VirtualCompany.Api.Tests.FinanceReadEndpointsIntegrationTests" name="Finance_seeding_state_endpoint_uses_metadata_fast_path_when_complete_metadata_is_self_consistent" />
    </UnitTest>
    <UnitTest name="VirtualCompany.Api.Tests.FinanceSummaryUiContractIntegrationTests.Finance_summary_service_produces_error_state_inputs_when_finance_access_is_forbidden" storage="c:\users\johan\source\repos\virtual company\tests\virtualcompany.web.contract.tests\bin\release\net9.0\virtualcompany.web.contract.tests.dll" id="605a999c-f5dc-e01d-cb13-2035e6fe01a6">
      <Execution id="0c40adb5-a913-4247-9ce4-269f6ff98ae2" />
      <TestMethod codeBase="C:\Users\Johan\source\repos\Virtual Company\tests\VirtualCompany.Web.Contract.Tests\bin\Release\net9.0\VirtualCompany.Web.Contract.Tests.dll" adapterTypeName="executor://xunit/VsTestRunner2/netcoreapp" className="VirtualCompany.Api.Tests.FinanceSummaryUiContractIntegrationTests" name="Finance_summary_service_produces_error_state_inputs_when_finance_access_is_forbidden" />
    </UnitTest>
    <UnitTest name="VirtualCompany.Api.Tests.FinanceReadEndpointsIntegrationTests.Finance_read_endpoint_returns_structured_not_initialized_response_and_requests_fallback_seed" storage="c:\users\johan\source\repos\virtual company\tests\virtualcompany.web.contract.tests\bin\release\net9.0\virtualcompany.web.contract.tests.dll" id="1f0b1faa-5c92-062c-d94f-eec19d7c79ba">
      <Execution id="e5da008b-1936-496b-b8e5-150747314678" />
      <TestMethod codeBase="C:\Users\Johan\source\repos\Virtual Company\tests\VirtualCompany.Web.Contract.Tests\bin\Release\net9.0\VirtualCompany.Web.Contract.Tests.dll" adapterTypeName="executor://xunit/VsTestRunner2/netcoreapp" className="VirtualCompany.Api.Tests.FinanceReadEndpointsIntegrationTests" name="Finance_read_endpoint_returns_structured_not_initialized_response_and_requests_fallback_seed" />
    </UnitTest>
    <UnitTest name="VirtualCompany.Api.Tests.FinanceTransactionDetailMappingIntegrationTests.Transaction_detail_surfaces_missing_and_inaccessible_document_states_without_blocking_rendering" storage="c:\users\johan\source\repos\virtual company\tests\virtualcompany.web.contract.tests\bin\release\net9.0\virtualcompany.web.contract.tests.dll" id="a91797c9-1481-6335-327d-6c214ecf8599">
      <Execution id="3db13580-981b-45a6-aa94-eb32bcf65f21" />
      <TestMethod codeBase="C:\Users\Johan\source\repos\Virtual Company\tests\VirtualCompany.Web.Contract.Tests\bin\Release\net9.0\VirtualCompany.Web.Contract.Tests.dll" adapterTypeName="executor://xunit/VsTestRunner2/netcoreapp" className="VirtualCompany.Api.Tests.FinanceTransactionDetailMappingIntegrationTests" name="Transaction_detail_surfaces_missing_and_inaccessible_document_states_without_blocking_rendering" />
    </UnitTest>
    <UnitTest name="VirtualCompany.Api.Tests.FinanceReadEndpointsIntegrationTests.Finance_read_endpoint_returns_structured_not_initialized_response_without_triggering_seed_when_fallback_is_disabled" storage="c:\users\johan\source\repos\virtual company\tests\virtualcompany.web.contract.tests\bin\release\net9.0\virtualcompany.web.contract.tests.dll" id="d5e3c89e-a2f7-1750-7a4d-c4d198abbd8f">
      <Execution id="e0198ba8-b041-46ea-bbaa-a79a23a85c03" />
      <TestMethod codeBase="C:\Users\Johan\source\repos\Virtual Company\tests\VirtualCompany.Web.Contract.Tests\bin\Release\net9.0\VirtualCompany.Web.Contract.Tests.dll" adapterTypeName="executor://xunit/VsTestRunner2/netcoreapp" className="VirtualCompany.Api.Tests.FinanceReadEndpointsIntegrationTests" name="Finance_read_endpoint_returns_structured_not_initialized_response_without_triggering_seed_when_fallback_is_disabled" />
    </UnitTest>
    <UnitTest name="VirtualCompany.Api.Tests.FinanceInvoiceDetailMappingIntegrationTests.Invoice_detail_maps_workflow_context_and_missing_document_status_without_blocking_rendering" storage="c:\users\johan\source\repos\virtual company\tests\virtualcompany.web.contract.tests\bin\release\net9.0\virtualcompany.web.contract.tests.dll" id="4e1dfbb0-1077-ef22-7627-ccaab91783e6">
      <Execution id="0776e68d-d554-4ed3-9a7d-541bafb7a721" />
      <TestMethod codeBase="C:\Users\Johan\source\repos\Virtual Company\tests\VirtualCompany.Web.Contract.Tests\bin\Release\net9.0\VirtualCompany.Web.Contract.Tests.dll" adapterTypeName="executor://xunit/VsTestRunner2/netcoreapp" className="VirtualCompany.Api.Tests.FinanceInvoiceDetailMappingIntegrationTests" name="Invoice_detail_maps_workflow_context_and_missing_document_status_without_blocking_rendering" />
    </UnitTest>
    <UnitTest name="VirtualCompany.Api.Tests.FinanceTransactionDetailMappingIntegrationTests.Transaction_detail_is_tenant_scoped" storage="c:\users\johan\source\repos\virtual company\tests\virtualcompany.web.contract.tests\bin\release\net9.0\virtualcompany.web.contract.tests.dll" id="d447b11a-9fab-69e5-5557-d8a180bd4bbf">
      <Execution id="0c19df4c-13ba-4bb0-b31c-ce1c3fd62aa3" />
      <TestMethod codeBase="C:\Users\Johan\source\repos\Virtual Company\tests\VirtualCompany.Web.Contract.Tests\bin\Release\net9.0\VirtualCompany.Web.Contract.Tests.dll" adapterTypeName="executor://xunit/VsTestRunner2/netcoreapp" className="VirtualCompany.Api.Tests.FinanceTransactionDetailMappingIntegrationTests" name="Transaction_detail_is_tenant_scoped" />
    </UnitTest>
    <UnitTest name="VirtualCompany.Api.Tests.FinanceReadEndpointsIntegrationTests.Finance_review_listing_returns_structured_not_initialized_response_instead_of_server_error" storage="c:\users\johan\source\repos\virtual company\tests\virtualcompany.web.contract.tests\bin\release\net9.0\virtualcompany.web.contract.tests.dll" id="ccef24d7-6e91-ac39-17cb-eb7e04974419">
      <Execution id="560a3ff2-f1c5-4e19-9b47-fe835789003f" />
      <TestMethod codeBase="C:\Users\Johan\source\repos\Virtual Company\tests\VirtualCompany.Web.Contract.Tests\bin\Release\net9.0\VirtualCompany.Web.Contract.Tests.dll" adapterTypeName="executor://xunit/VsTestRunner2/netcoreapp" className="VirtualCompany.Api.Tests.FinanceReadEndpointsIntegrationTests" name="Finance_review_listing_returns_structured_not_initialized_response_instead_of_server_error" />
    </UnitTest>
    <UnitTest name="VirtualCompany.Api.Tests.FinanceReadEndpointsIntegrationTests.Invoice_review_detail_actions_follow_workflow_actionable_state" storage="c:\users\johan\source\repos\virtual company\tests\virtualcompany.web.contract.tests\bin\release\net9.0\virtualcompany.web.contract.tests.dll" id="d30f1933-c83e-989a-1ef8-3c38c3726b6b">
      <Execution id="36d15db1-852d-4056-a26a-79ff34954bf8" />
      <TestMethod codeBase="C:\Users\Johan\source\repos\Virtual Company\tests\VirtualCompany.Web.Contract.Tests\bin\Release\net9.0\VirtualCompany.Web.Contract.Tests.dll" adapterTypeName="executor://xunit/VsTestRunner2/netcoreapp" className="VirtualCompany.Api.Tests.FinanceReadEndpointsIntegrationTests" name="Invoice_review_detail_actions_follow_workflow_actionable_state" />
    </UnitTest>
    <UnitTest name="VirtualCompany.Api.Tests.FinanceInvoiceDetailMappingIntegrationTests.Invoice_list_and_detail_map_summary_fields_and_available_document_metadata_end_to_end" storage="c:\users\johan\source\repos\virtual company\tests\virtualcompany.web.contract.tests\bin\release\net9.0\virtualcompany.web.contract.tests.dll" id="73b28ab8-1656-b4f8-3cb0-b2632e16f46b">
      <Execution id="94ab902a-ed11-4969-aac2-5f1397ee709b" />
      <TestMethod codeBase="C:\Users\Johan\source\repos\Virtual Company\tests\VirtualCompany.Web.Contract.Tests\bin\Release\net9.0\VirtualCompany.Web.Contract.Tests.dll" adapterTypeName="executor://xunit/VsTestRunner2/netcoreapp" className="VirtualCompany.Api.Tests.FinanceInvoiceDetailMappingIntegrationTests" name="Invoice_list_and_detail_map_summary_fields_and_available_document_metadata_end_to_end" />
    </UnitTest>
    <UnitTest name="VirtualCompany.Api.Tests.FinanceInvoiceDetailMappingIntegrationTests.Invoice_detail_hides_inaccessible_navigation_and_remains_tenant_scoped" storage="c:\users\johan\source\repos\virtual company\tests\virtualcompany.web.contract.tests\bin\release\net9.0\virtualcompany.web.contract.tests.dll" id="6024fb8f-76a8-df6c-de11-8f70ed488a2a">
      <Execution id="cb07fea5-cc89-4c98-a11d-9aad172768f9" />
      <TestMethod codeBase="C:\Users\Johan\source\repos\Virtual Company\tests\VirtualCompany.Web.Contract.Tests\bin\Release\net9.0\VirtualCompany.Web.Contract.Tests.dll" adapterTypeName="executor://xunit/VsTestRunner2/netcoreapp" className="VirtualCompany.Api.Tests.FinanceInvoiceDetailMappingIntegrationTests" name="Invoice_detail_hides_inaccessible_navigation_and_remains_tenant_scoped" />
    </UnitTest>
  </TestDefinitions>
  <TestEntries>
    <TestEntry testId="6024fb8f-76a8-df6c-de11-8f70ed488a2a" executionId="cb07fea5-cc89-4c98-a11d-9aad172768f9" testListId="8c84fa94-04c1-424b-9868-57a2d4851a1d" />
    <TestEntry testId="e506f843-8cc6-0320-2865-1195d1b3b322" executionId="11cc92d4-44d5-4f21-b54c-920f3539f907" testListId="8c84fa94-04c1-424b-9868-57a2d4851a1d" />
    <TestEntry testId="1f0b1faa-5c92-062c-d94f-eec19d7c79ba" executionId="e5da008b-1936-496b-b8e5-150747314678" testListId="8c84fa94-04c1-424b-9868-57a2d4851a1d" />
    <TestEntry testId="4e1dfbb0-1077-ef22-7627-ccaab91783e6" executionId="0776e68d-d554-4ed3-9a7d-541bafb7a721" testListId="8c84fa94-04c1-424b-9868-57a2d4851a1d" />
    <TestEntry testId="73b28ab8-1656-b4f8-3cb0-b2632e16f46b" executionId="94ab902a-ed11-4969-aac2-5f1397ee709b" testListId="8c84fa94-04c1-424b-9868-57a2d4851a1d" />
    <TestEntry testId="3eefbce6-0f7c-12fb-c348-ee1805739077" executionId="b071daad-de97-42e9-82cf-d31d04416a7d" testListId="8c84fa94-04c1-424b-9868-57a2d4851a1d" />
    <TestEntry testId="d5e3c89e-a2f7-1750-7a4d-c4d198abbd8f" executionId="e0198ba8-b041-46ea-bbaa-a79a23a85c03" testListId="8c84fa94-04c1-424b-9868-57a2d4851a1d" />
    <TestEntry testId="d447b11a-9fab-69e5-5557-d8a180bd4bbf" executionId="0c19df4c-13ba-4bb0-b31c-ce1c3fd62aa3" testListId="8c84fa94-04c1-424b-9868-57a2d4851a1d" />
    <TestEntry testId="a91797c9-1481-6335-327d-6c214ecf8599" executionId="3db13580-981b-45a6-aa94-eb32bcf65f21" testListId="8c84fa94-04c1-424b-9868-57a2d4851a1d" />
    <TestEntry testId="605a999c-f5dc-e01d-cb13-2035e6fe01a6" executionId="0c40adb5-a913-4247-9ce4-269f6ff98ae2" testListId="8c84fa94-04c1-424b-9868-57a2d4851a1d" />
    <TestEntry testId="d30f1933-c83e-989a-1ef8-3c38c3726b6b" executionId="36d15db1-852d-4056-a26a-79ff34954bf8" testListId="8c84fa94-04c1-424b-9868-57a2d4851a1d" />
    <TestEntry testId="e0521554-5abb-42f5-19ab-d8184c60aa2a" executionId="79d71336-5823-4d39-a0e1-539cc36e14f2" testListId="8c84fa94-04c1-424b-9868-57a2d4851a1d" />
    <TestEntry testId="ccef24d7-6e91-ac39-17cb-eb7e04974419" executionId="560a3ff2-f1c5-4e19-9b47-fe835789003f" testListId="8c84fa94-04c1-424b-9868-57a2d4851a1d" />
    <TestEntry testId="826cdd73-77ba-5149-2cd8-3935e5ce8ba0" executionId="0cd275c1-948a-41be-af93-334cd4732d2d" testListId="8c84fa94-04c1-424b-9868-57a2d4851a1d" />
    <TestEntry testId="4fbdaf03-06f0-8106-f2d7-ee7d4ad4a171" executionId="42a1b6ed-a9bf-404f-b819-4f2622ffd828" testListId="8c84fa94-04c1-424b-9868-57a2d4851a1d" />
    <TestEntry testId="e5cd2dde-e0d6-b6f8-63dd-32975e7d96bc" executionId="65e64d50-f6c7-4589-b304-ee25edf25e79" testListId="8c84fa94-04c1-424b-9868-57a2d4851a1d" />
  </TestEntries>
  <TestLists>
    <TestList name="Results Not in a List" id="8c84fa94-04c1-424b-9868-57a2d4851a1d" />
    <TestList name="All Loaded Results" id="19431567-8539-422a-85d7-44ee4e166bda" />
  </TestLists>
  <ResultSummary outcome="Completed">
    <Counters total="16" executed="16" passed="16" failed="0" error="0" timeout="0" aborted="0" inconclusive="0" passedButRunAborted="0" notRunnable="0" notExecuted="0" disconnected="0" warning="0" completed="0" inProgress="0" pending="0" />
    <Output>
      <StdOut>[xUnit.net 00:00:00.00] xUnit.net VSTest Adapter v2.8.2+699d445a1a (64-bit .NET 9.0.5)&#xD;
[xUnit.net 00:00:00.64]   Discovering: VirtualCompany.Web.Contract.Tests&#xD;
[xUnit.net 00:00:00.77]   Discovered:  VirtualCompany.Web.Contract.Tests&#xD;
[xUnit.net 00:00:00.77]   Starting:    VirtualCompany.Web.Contract.Tests&#xD;
info: DatabaseInitializationService[0]&#xD;
      Database initialization is disabled for this host.&#xD;
info: DatabaseInitializationService[0]&#xD;
      Database initialization is disabled for this host.&#xD;
info: DatabaseInitializationService[0]&#xD;
      Database initialization is disabled for this host.&#xD;
info: DatabaseInitializationService[0]&#xD;
      Database initialization is disabled for this host.&#xD;
warn: Microsoft.EntityFrameworkCore.Model.Validation[10622]&#xD;
      Entity 'BankTransaction' has a global query filter defined and is the required end of a relationship with the entity 'BankReconciliationFollowUp'. This may lead to unexpected results when the required entity is filtered out. Either configure the navigation as optional, or define matching query filters for both entities in the navigation. See https://go.microsoft.com/fwlink/?linkid=2131316 for more information.&#xD;
warn: Microsoft.EntityFrameworkCore.Model.Validation[10622]&#xD;
      Entity 'CompanyBankAccount' has a global query filter defined and is the required end of a relationship with the entity 'BankStatementImport'. This may lead to unexpected results when the required entity is filtered out. Either configure the navigation as optional, or define matching query filters for both entities in the navigation. See https://go.microsoft.com/fwlink/?linkid=2131316 for more information.&#xD;
warn: Microsoft.EntityFrameworkCore.Model.Validation[10622]&#xD;
      Entity 'CompanyBankAccount' has a global query filter defined and is the required end of a relationship with the entity 'BankStatementImportJob'. This may lead to unexpected results when the required entity is filtered out. Either configure the navigation as optional, or define matching query filters for both entities in the navigation. See https://go.microsoft.com/fwlink/?linkid=2131316 for more information.&#xD;
warn: Microsoft.EntityFrameworkCore.Model.Validation[10622]&#xD;
      Entity 'BankTransaction' has a global query filter defined and is the required end of a relationship with the entity 'BankStatementImportRow'. This may lead to unexpected results when the required entity is filtered out. Either configure the navigation as optional, or define matching query filters for both entities in the navigation. See https://go.microsoft.com/fwlink/?linkid=2131316 for more information.&#xD;
warn: Microsoft.EntityFrameworkCore.Model.Validation[10622]&#xD;
      Entity 'OperatingInitiative' has a global query filter defined and is the required end of a relationship with the entity 'OperatingDispatch'. This may lead to unexpected results when the required entity is filtered out. Either configure the navigation as optional, or define matching query filters for both entities in the navigation. See https://go.microsoft.com/fwlink/?linkid=2131316 for more information.&#xD;
warn: Microsoft.EntityFrameworkCore.Model.Validation[10622]&#xD;
      Entity 'Agent' has a global query filter defined and is the required end of a relationship with the entity 'OperatingInitiativeCollaborator'. This may lead to unexpected results when the required entity is filtered out. Either configure the navigation as optional, or define matching query filters for both entities in the navigation. See https://go.microsoft.com/fwlink/?linkid=2131316 for more information.&#xD;
warn: Microsoft.EntityFrameworkCore.Model.Validation[20601]&#xD;
      The 'SalesMeetingConfirmationStatus' property 'ConfirmationStatus' on entity type 'SalesMeetingInvitation' is configured with a database-generated default, but has no configured sentinel value. The database-generated default will always be used for inserts when the property has the value '0', since this is the CLR default for the 'SalesMeetingConfirmationStatus' type. Consider using a nullable type, using a nullable backing field, or setting the sentinel value for the property to ensure the database default is used when, and only when, appropriate. See https://aka.ms/efcore-docs-default-values for more information.&#xD;
info: VirtualCompany.Infrastructure.Companies.ExecutiveCockpitDashboardCache[0]&#xD;
      Invalidated executive cockpit cache namespace for company 572b1e82-868a-462d-a689-31b1d1eee4a4 from trigger direct; lag 1.7937 ms.&#xD;
info: VirtualCompany.Infrastructure.Companies.ExecutiveCockpitDashboardCache[0]&#xD;
      Invalidated executive cockpit cache namespace for company 6e429e66-fdbc-4450-92f9-f0cb45c97068 from trigger direct; lag 1.8043 ms.&#xD;
info: VirtualCompany.Infrastructure.Companies.ExecutiveCockpitDashboardCache[0]&#xD;
      Invalidated executive cockpit cache namespace for company 905d6a6a-88d7-4e76-b5a7-66782f9ee401 from trigger direct; lag 1.8001 ms.&#xD;
info: VirtualCompany.Infrastructure.Companies.ExecutiveCockpitDashboardCache[0]&#xD;
      Invalidated executive cockpit cache namespace for company 4c66e9a6-9984-4628-9e5b-43ed8ccb7b32 from trigger direct; lag 1.7965 ms.&#xD;
info: VirtualCompany.Infrastructure.Companies.ExecutiveCockpitDashboardCache[0]&#xD;
      Invalidated executive cockpit cache namespace for company 1e455e24-1427-4f9d-9afc-b35ca823c05e from trigger direct; lag 0.0016 ms.&#xD;
info: VirtualCompany.Infrastructure.Companies.ExecutiveCockpitDashboardCache[0]&#xD;
      Invalidated executive cockpit cache namespace for company 9119529c-1fa9-4802-8c07-b35360772913 from trigger direct; lag 0.0012 ms.&#xD;
info: VirtualCompany.Infrastructure.Companies.ExecutiveCockpitDashboardCache[0]&#xD;
      Invalidated executive cockpit cache namespace for company ce64d704-50d0-4738-a54e-4ed1f0d545cc from trigger direct; lag 0.002 ms.&#xD;
info: VirtualCompany.Infrastructure.Companies.ExecutiveCockpitDashboardCache[0]&#xD;
      Invalidated executive cockpit cache namespace for company ff292c30-c634-4c6d-a90b-ee6a185ed95a from trigger direct; lag 0.0013 ms.&#xD;
warn: Microsoft.AspNetCore.HttpsPolicy.HttpsRedirectionMiddleware[3]&#xD;
      Failed to determine the https port for redirect.&#xD;
warn: Microsoft.AspNetCore.HttpsPolicy.HttpsRedirectionMiddleware[3]&#xD;
      Failed to determine the https port for redirect.&#xD;
warn: Microsoft.AspNetCore.HttpsPolicy.HttpsRedirectionMiddleware[3]&#xD;
      Failed to determine the https port for redirect.&#xD;
warn: Microsoft.AspNetCore.HttpsPolicy.HttpsRedirectionMiddleware[3]&#xD;
      Failed to determine the https port for redirect.&#xD;
warn: VirtualCompany.Api.Controllers.InternalFinanceController[0]&#xD;
      Finance request read_not_initialized for HTTP GET /internal/companies/214272a1-2846-4fca-99bb-9ae0d4434f9a/finance/balances: Finance data has not been initialized for this company. Generate finance data before requesting finance records.&#xD;
      VirtualCompany.Application.Finance.FinanceNotInitializedException: Finance data has not been initialized for this company. Generate finance data before requesting finance records.&#xD;
         at VirtualCompany.Infrastructure.Finance.CompanyFinanceReadService.EnsureFinanceInitializedAsync(Guid companyId, CancellationToken cancellationToken, String sourceFilter) in C:\Users\Johan\source\repos\Virtual Company\src\VirtualCompany.Infrastructure.Finance\Finance\CompanyFinanceReadService.cs:line 155&#xD;
         at VirtualCompany.Infrastructure.Finance.CompanyFinanceReadService.GetBalancesAsync(GetFinanceBalancesQuery query, CancellationToken cancellationToken) in C:\Users\Johan\source\repos\Virtual Company\src\VirtualCompany.Infrastructure.Finance\Finance\CompanyFinanceReadService.AgentQueries.cs:line 25&#xD;
         at VirtualCompany.Api.Controllers.InternalFinanceController.ExecuteReadAsync[T](Func`1 read) in C:\Users\Johan\source\repos\Virtual Company\src\VirtualCompany.Api\Controllers\InternalFinanceController.cs:line 1852&#xD;
info: VirtualCompany.Api.Controllers.InternalFinanceController[0]&#xD;
      Finance request for company 214272a1-2846-4fca-99bb-9ae0d4434f9a returned not_initialized on /internal/companies/214272a1-2846-4fca-99bb-9ae0d4434f9a/finance/balances. TriggerSource=finance_entry, CorrelationId=730da27dacca43d3bf4e8fca95007aad, FallbackTriggered=False, SeedRequested=False, ProgressState=not_seeded.&#xD;
info: DatabaseInitializationService[0]&#xD;
      Database initialization is disabled for this host.&#xD;
info: DatabaseInitializationService[0]&#xD;
      Database initialization is disabled for this host.&#xD;
info: DatabaseInitializationService[0]&#xD;
      Database initialization is disabled for this host.&#xD;
info: DatabaseInitializationService[0]&#xD;
      Database initialization is disabled for this host.&#xD;
info: VirtualCompany.Infrastructure.Companies.ExecutiveCockpitDashboardCache[0]&#xD;
      Invalidated executive cockpit cache namespace for company 0fc665f3-4a5b-4128-8cec-e2d5d9234dbc from trigger direct; lag 0.0022 ms.&#xD;
info: VirtualCompany.Infrastructure.Companies.ExecutiveCockpitDashboardCache[0]&#xD;
      Invalidated executive cockpit cache namespace for company 08ceff26-89e6-4875-b495-2e935c8d896a from trigger direct; lag 0.0007 ms.&#xD;
warn: Microsoft.AspNetCore.HttpsPolicy.HttpsRedirectionMiddleware[3]&#xD;
      Failed to determine the https port for redirect.&#xD;
info: VirtualCompany.Infrastructure.Companies.ExecutiveCockpitDashboardCache[0]&#xD;
      Invalidated executive cockpit cache namespace for company eb75c96b-a543-4ffb-b7c4-8dd049cbfcbe from trigger direct; lag 0.0027 ms.&#xD;
info: VirtualCompany.Infrastructure.Companies.ExecutiveCockpitDashboardCache[0]&#xD;
      Invalidated executive cockpit cache namespace for company 8f466856-3c53-424b-978e-a07a5e50b6c4 from trigger direct; lag 0.0007 ms.&#xD;
info: DatabaseInitializationService[0]&#xD;
      Database initialization is disabled for this host.&#xD;
warn: Microsoft.AspNetCore.HttpsPolicy.HttpsRedirectionMiddleware[3]&#xD;
      Failed to determine the https port for redirect.&#xD;
info: VirtualCompany.Infrastructure.Companies.ExecutiveCockpitDashboardCache[0]&#xD;
      Invalidated executive cockpit cache namespace for company c101d063-ba19-456c-a795-95fe78d25fbc from trigger direct; lag 0.0014 ms.&#xD;
info: VirtualCompany.Infrastructure.Companies.ExecutiveCockpitDashboardCache[0]&#xD;
      Invalidated executive cockpit cache namespace for company cad09322-ea19-4295-9a3a-5e5d0ec311e3 from trigger direct; lag 0.0007 ms.&#xD;
warn: Microsoft.AspNetCore.HttpsPolicy.HttpsRedirectionMiddleware[3]&#xD;
      Failed to determine the https port for redirect.&#xD;
warn: Microsoft.AspNetCore.HttpsPolicy.HttpsRedirectionMiddleware[3]&#xD;
      Failed to determine the https port for redirect.&#xD;
info: VirtualCompany.Api.Controllers.InternalFinanceController[0]&#xD;
      Finance request for company eb759557-3e6a-46c7-a977-0c06d2a43e40 returned not_initialized on /internal/companies/eb759557-3e6a-46c7-a977-0c06d2a43e40/finance/reviews. TriggerSource=finance_entry, CorrelationId=6b1d41283158490fb3c570f28d5f4716, FallbackTriggered=False, SeedRequested=False, ProgressState=not_seeded.&#xD;
info: DatabaseInitializationService[0]&#xD;
      Database initialization is disabled for this host.&#xD;
info: DatabaseInitializationService[0]&#xD;
      Database initialization is disabled for this host.&#xD;
info: DatabaseInitializationService[0]&#xD;
      Database initialization is disabled for this host.&#xD;
warn: Microsoft.AspNetCore.HttpsPolicy.HttpsRedirectionMiddleware[3]&#xD;
      Failed to determine the https port for redirect.&#xD;
info: VirtualCompany.Infrastructure.Companies.ExecutiveCockpitDashboardCache[0]&#xD;
      Invalidated executive cockpit cache namespace for company 547774fc-e21b-4309-8efe-9d5ea4f71562 from trigger direct; lag 0.0027 ms.&#xD;
info: VirtualCompany.Infrastructure.Companies.ExecutiveCockpitDashboardCache[0]&#xD;
      Invalidated executive cockpit cache namespace for company 88070fdd-6bed-40c3-84e5-a9490ca5f629 from trigger direct; lag 0.0006 ms.&#xD;
warn: Microsoft.AspNetCore.HttpsPolicy.HttpsRedirectionMiddleware[3]&#xD;
      Failed to determine the https port for redirect.&#xD;
warn: VirtualCompany.Api.Controllers.InternalFinanceController[0]&#xD;
      Finance request read_not_initialized for HTTP GET /internal/companies/7af57d4a-376b-4337-87f9-32934c078fd1/finance/cash-balance: Finance data has not been initialized for this company. Generate finance data before requesting finance records.&#xD;
      VirtualCompany.Application.Finance.FinanceNotInitializedException: Finance data has not been initialized for this company. Generate finance data before requesting finance records.&#xD;
         at VirtualCompany.Infrastructure.Finance.CompanyFinanceReadService.EnsureFinanceInitializedAsync(Guid companyId, CancellationToken cancellationToken, String sourceFilter) in C:\Users\Johan\source\repos\Virtual Company\src\VirtualCompany.Infrastructure.Finance\Finance\CompanyFinanceReadService.cs:line 155&#xD;
         at VirtualCompany.Infrastructure.Finance.CompanyFinanceReadService.GetCashBalanceAsync(GetFinanceCashBalanceQuery query, CancellationToken cancellationToken) in C:\Users\Johan\source\repos\Virtual Company\src\VirtualCompany.Infrastructure.Finance\Finance\CompanyFinanceReadService.Reporting.cs:line 25&#xD;
         at VirtualCompany.Api.Controllers.InternalFinanceController.ExecuteReadAsync[T](Func`1 read) in C:\Users\Johan\source\repos\Virtual Company\src\VirtualCompany.Api\Controllers\InternalFinanceController.cs:line 1852&#xD;
info: VirtualCompany.Infrastructure.Finance.CompanyFinanceEntryService[0]&#xD;
      Queued finance seed background execution 4640688c-e4a5-4399-b82b-417a530fff5d for company 7af57d4a-376b-4337-87f9-32934c078fd1.&#xD;
info: VirtualCompany.Infrastructure.Finance.CompanyFinanceEntryService[0]&#xD;
      Finance seed orchestration requested from finance_fallback_seed in replace mode for company 7af57d4a-376b-4337-87f9-32934c078fd1 by system (null). Execution 4640688c-e4a5-4399-b82b-417a530fff5d with correlation 4e527868865d4b19ba0b2f292316a6a6 and idempotency key finance-seed:1c4b5751dc9368fe183e23b57d828589 moved from not_seeded to seeding.&#xD;
info: VirtualCompany.Api.Controllers.InternalFinanceController[0]&#xD;
      Finance request for company 7af57d4a-376b-4337-87f9-32934c078fd1 returned not_initialized on /internal/companies/7af57d4a-376b-4337-87f9-32934c078fd1/finance/cash-balance. TriggerSource=finance_fallback_seed, CorrelationId=4e527868865d4b19ba0b2f292316a6a6, FallbackTriggered=True, SeedRequested=True, ProgressState=seeding_requested.&#xD;
info: DatabaseInitializationService[0]&#xD;
      Database initialization is disabled for this host.&#xD;
info: VirtualCompany.Infrastructure.Companies.ExecutiveCockpitDashboardCache[0]&#xD;
      Invalidated executive cockpit cache namespace for company f059b294-4368-42d1-8b68-1f8d5038cf30 from trigger direct; lag 0.0027 ms.&#xD;
info: VirtualCompany.Infrastructure.Companies.ExecutiveCockpitDashboardCache[0]&#xD;
      Invalidated executive cockpit cache namespace for company 162d80d4-fc3a-409e-ab37-bc2768571144 from trigger direct; lag 0.0006 ms.&#xD;
warn: Microsoft.AspNetCore.HttpsPolicy.HttpsRedirectionMiddleware[3]&#xD;
      Failed to determine the https port for redirect.&#xD;
info: VirtualCompany.Infrastructure.Companies.ExecutiveCockpitDashboardCache[0]&#xD;
      Invalidated executive cockpit cache namespace for company 5a639e38-cbc5-453b-9a5f-22504e68b671 from trigger direct; lag 0.0031 ms.&#xD;
info: VirtualCompany.Infrastructure.Companies.ExecutiveCockpitDashboardCache[0]&#xD;
      Invalidated executive cockpit cache namespace for company 6d8a467a-1549-43ca-b091-a2c486db4ed5 from trigger direct; lag 0.0007 ms.&#xD;
warn: Microsoft.AspNetCore.HttpsPolicy.HttpsRedirectionMiddleware[3]&#xD;
      Failed to determine the https port for redirect.&#xD;
info: VirtualCompany.Infrastructure.Auth.DevHeaderAuthenticationHandler[13]&#xD;
      AuthenticationScheme: DevHeader was forbidden.&#xD;
info: VirtualCompany.Infrastructure.Companies.ExecutiveCockpitDashboardCache[0]&#xD;
      Invalidated executive cockpit cache namespace for company f059b294-4368-42d1-8b68-1f8d5038cf30 from trigger direct; lag 0.0034 ms.&#xD;
info: VirtualCompany.Infrastructure.Companies.CompanyOutboxEnqueuer[0]&#xD;
      Enqueued company outbox message company.notification.delivery_requested (VirtualCompany.Application.Companies.NotificationDeliveryRequestedMessage) for company f059b294-4368-42d1-8b68-1f8d5038cf30.&#xD;
info: VirtualCompany.Infrastructure.Companies.CompanyOutboxEnqueuer[0]&#xD;
      Enqueued company outbox message approval_updated (VirtualCompany.Application.Workflows.PlatformEventEnvelope) for company f059b294-4368-42d1-8b68-1f8d5038cf30.&#xD;
info: VirtualCompany.Infrastructure.Companies.ExecutiveCockpitDashboardCache[0]&#xD;
      Invalidated executive cockpit cache namespace for company f059b294-4368-42d1-8b68-1f8d5038cf30 from trigger direct; lag 0.0028 ms.&#xD;
info: VirtualCompany.Infrastructure.Companies.ExecutiveCockpitDashboardCache[0]&#xD;
      Invalidated executive cockpit cache namespace for company f059b294-4368-42d1-8b68-1f8d5038cf30 from trigger direct; lag 0.0007 ms.&#xD;
info: VirtualCompany.Infrastructure.Companies.ExecutiveCockpitDashboardCache[0]&#xD;
      Invalidated executive cockpit cache namespace for company f059b294-4368-42d1-8b68-1f8d5038cf30 from trigger direct; lag 0.0027 ms.&#xD;
info: VirtualCompany.Infrastructure.Companies.ExecutiveCockpitDashboardCache[0]&#xD;
      Invalidated executive cockpit cache namespace for company 86dac595-56ee-4184-9c75-3238df6186e0 from trigger direct; lag 0.0032 ms.&#xD;
info: VirtualCompany.Infrastructure.Companies.ExecutiveCockpitDashboardCache[0]&#xD;
      Invalidated executive cockpit cache namespace for company 08c8f639-732e-4c88-939c-ac24cb9cbf39 from trigger direct; lag 0.0006 ms.&#xD;
warn: Microsoft.AspNetCore.HttpsPolicy.HttpsRedirectionMiddleware[3]&#xD;
      Failed to determine the https port for redirect.&#xD;
info: VirtualCompany.Infrastructure.Companies.ExecutiveCockpitDashboardCache[0]&#xD;
      Invalidated executive cockpit cache namespace for company 86dac595-56ee-4184-9c75-3238df6186e0 from trigger direct; lag 0.0021 ms.&#xD;
info: VirtualCompany.Infrastructure.Companies.CompanyOutboxEnqueuer[0]&#xD;
      Enqueued company outbox message company.notification.delivery_requested (VirtualCompany.Application.Companies.NotificationDeliveryRequestedMessage) for company 86dac595-56ee-4184-9c75-3238df6186e0.&#xD;
info: VirtualCompany.Infrastructure.Companies.CompanyOutboxEnqueuer[0]&#xD;
      Enqueued company outbox message approval_updated (VirtualCompany.Application.Workflows.PlatformEventEnvelope) for company 86dac595-56ee-4184-9c75-3238df6186e0.&#xD;
info: VirtualCompany.Infrastructure.Companies.ExecutiveCockpitDashboardCache[0]&#xD;
      Invalidated executive cockpit cache namespace for company 86dac595-56ee-4184-9c75-3238df6186e0 from trigger direct; lag 0.0017 ms.&#xD;
info: VirtualCompany.Infrastructure.Companies.ExecutiveCockpitDashboardCache[0]&#xD;
      Invalidated executive cockpit cache namespace for company 86dac595-56ee-4184-9c75-3238df6186e0 from trigger direct; lag 0.0005 ms.&#xD;
info: VirtualCompany.Infrastructure.Companies.ExecutiveCockpitDashboardCache[0]&#xD;
      Invalidated executive cockpit cache namespace for company 86dac595-56ee-4184-9c75-3238df6186e0 from trigger direct; lag 0.0023 ms.&#xD;
info: VirtualCompany.Infrastructure.Companies.ExecutiveCockpitDashboardCache[0]&#xD;
      Invalidated executive cockpit cache namespace for company 86dac595-56ee-4184-9c75-3238df6186e0 from trigger direct; lag 0.0029 ms.&#xD;
info: VirtualCompany.Infrastructure.Companies.ExecutiveCockpitDashboardCache[0]&#xD;
      Invalidated executive cockpit cache namespace for company 86dac595-56ee-4184-9c75-3238df6186e0 from trigger direct; lag 0.0016 ms.&#xD;
info: DatabaseInitializationService[0]&#xD;
      Database initialization is disabled for this host.&#xD;
info: VirtualCompany.Infrastructure.Companies.ExecutiveCockpitDashboardCache[0]&#xD;
      Invalidated executive cockpit cache namespace for company caf1175d-6c25-4061-9434-b95813e57d1f from trigger direct; lag 0.0036 ms.&#xD;
info: VirtualCompany.Infrastructure.Companies.ExecutiveCockpitDashboardCache[0]&#xD;
      Invalidated executive cockpit cache namespace for company 446dbb0a-bd0b-4b8a-b197-9f0e09917a54 from trigger direct; lag 0.0006 ms.&#xD;
warn: Microsoft.AspNetCore.HttpsPolicy.HttpsRedirectionMiddleware[3]&#xD;
      Failed to determine the https port for redirect.&#xD;
info: VirtualCompany.Infrastructure.Companies.ExecutiveCockpitDashboardCache[0]&#xD;
      Invalidated executive cockpit cache namespace for company caf1175d-6c25-4061-9434-b95813e57d1f from trigger direct; lag 0.0027 ms.&#xD;
info: VirtualCompany.Infrastructure.Companies.ExecutiveCockpitDashboardCache[0]&#xD;
      Invalidated executive cockpit cache namespace for company caf1175d-6c25-4061-9434-b95813e57d1f from trigger direct; lag 0.0016 ms.&#xD;
info: DatabaseInitializationService[0]&#xD;
      Database initialization is disabled for this host.&#xD;
warn: Microsoft.AspNetCore.HttpsPolicy.HttpsRedirectionMiddleware[3]&#xD;
      Failed to determine the https port for redirect.&#xD;
warn: VirtualCompany.Api.Controllers.InternalFinanceController[0]&#xD;
      Finance request read_not_initialized for HTTP GET /internal/companies/de1302d1-1e48-4d1d-8d0e-5ae67279856b/finance/cash-balance: Finance data has not been initialized for this company. Generate finance data before requesting finance records.&#xD;
      VirtualCompany.Application.Finance.FinanceNotInitializedException: Finance data has not been initialized for this company. Generate finance data before requesting finance records.&#xD;
         at VirtualCompany.Infrastructure.Finance.CompanyFinanceReadService.EnsureFinanceInitializedAsync(Guid companyId, CancellationToken cancellationToken, String sourceFilter) in C:\Users\Johan\source\repos\Virtual Company\src\VirtualCompany.Infrastructure.Finance\Finance\CompanyFinanceReadService.cs:line 155&#xD;
         at VirtualCompany.Infrastructure.Finance.CompanyFinanceReadService.GetCashBalanceAsync(GetFinanceCashBalanceQuery query, CancellationToken cancellationToken) in C:\Users\Johan\source\repos\Virtual Company\src\VirtualCompany.Infrastructure.Finance\Finance\CompanyFinanceReadService.Reporting.cs:line 25&#xD;
         at VirtualCompany.Api.Controllers.InternalFinanceController.ExecuteReadAsync[T](Func`1 read) in C:\Users\Johan\source\repos\Virtual Company\src\VirtualCompany.Api\Controllers\InternalFinanceController.cs:line 1852&#xD;
info: VirtualCompany.Api.Controllers.InternalFinanceController[0]&#xD;
      Finance request for company de1302d1-1e48-4d1d-8d0e-5ae67279856b returned not_initialized on /internal/companies/de1302d1-1e48-4d1d-8d0e-5ae67279856b/finance/cash-balance. TriggerSource=finance_entry, CorrelationId=1e2e4202d709482b9217b061434e51d6, FallbackTriggered=False, SeedRequested=False, ProgressState=not_seeded.&#xD;
info: DatabaseInitializationService[0]&#xD;
      Database initialization is disabled for this host.&#xD;
warn: Microsoft.AspNetCore.HttpsPolicy.HttpsRedirectionMiddleware[3]&#xD;
      Failed to determine the https port for redirect.&#xD;
[xUnit.net 00:00:17.73]   Finished:    VirtualCompany.Web.Contract.Tests&#xD;
</StdOut>
    </Output>
  </ResultSummary>
</TestRun>