<?xml version="1.0" encoding="utf-8"?>
<TestRun id="470fba7e-179d-464a-b103-1957072fc831" name="Johan@DESKTOP-388F6FT 2026-10-08 20:41:16" runUser="DESKTOP-388F6FT\Johan" xmlns="http://microsoft.com/schemas/VisualStudio/TeamTest/2010">
  <Times creation="2026-10-08T20:41:16.1323765+02:00" queuing="2026-10-08T20:41:16.1323766+02:00" start="2026-10-08T20:41:15.2873939+02:00" finish="2026-10-08T20:41:16.2361269+02:00" />
  <TestSettings name="default" id="4e561047-7620-4071-a065-a59471e525da">
    <Deployment runDeploymentRoot="Johan_DESKTOP-388F6FT_2026-10-08_20_41_16" />
  </TestSettings>
  <Results>
    <UnitTestResult executionId="c0e93e5e-e2fb-46b8-b9a8-b6efa14a8dd4" testId="72728342-048b-cd59-82b2-58d94f451017" testName="VirtualCompany.Web.Tests.FinanceRollingPlanningJourneyTests.Typed_client_fails_closed_on_status_errors(code: 403)" computerName="DESKTOP-388F6FT" duration="00:00:00.0001979" startTime="2026-10-08T20:41:16.1443612+02:00" endTime="2026-10-08T20:41:16.1443612+02:00" testType="13cdc9d9-ddb5-4fa4-a97d-d965ccfc6d4b" outcome="Passed" testListId="8c84fa94-04c1-424b-9868-57a2d4851a1d" relativeResultsDirectory="c0e93e5e-e2fb-46b8-b9a8-b6efa14a8dd4" />
    <UnitTestResult executionId="26d7c2b6-1345-4e56-bb31-0139736c81eb" testId="0b581cc6-8ede-f4a4-bfd2-3aae4ac56d71" testName="VirtualCompany.Web.Tests.FinanceRollingPlanningJourneyTests.Typed_client_validates_company_filters_and_offline_state" computerName="DESKTOP-388F6FT" duration="00:00:00.0008144" startTime="2026-10-08T20:41:16.1845905+02:00" endTime="2026-10-08T20:41:16.1845906+02:00" testType="13cdc9d9-ddb5-4fa4-a97d-d965ccfc6d4b" outcome="Passed" testListId="8c84fa94-04c1-424b-9868-57a2d4851a1d" relativeResultsDirectory="26d7c2b6-1345-4e56-bb31-0139736c81eb" />
    <UnitTestResult executionId="605a5c5e-46fa-4a17-82c4-0ca3515b5296" testId="bba1df18-aa23-5825-c65d-643520dc93bc" testName="VirtualCompany.Web.Tests.FinanceRollingPlanningJourneyTests.Snapshot_report_is_retained_and_cannot_export_current_rows" computerName="DESKTOP-388F6FT" duration="00:00:00.0041186" startTime="2026-10-08T20:41:16.1483041+02:00" endTime="2026-10-08T20:41:16.1483043+02:00" testType="13cdc9d9-ddb5-4fa4-a97d-d965ccfc6d4b" outcome="Passed" testListId="8c84fa94-04c1-424b-9868-57a2d4851a1d" relativeResultsDirectory="605a5c5e-46fa-4a17-82c4-0ca3515b5296" />
    <UnitTestResult executionId="354ea132-483c-4125-9b98-166a59425b12" testId="42398952-03ad-6b57-06f2-2cc20c287561" testName="VirtualCompany.Web.Tests.FinanceRollingPlanningJourneyTests.Oversized_query_keeps_scoped_filter_choices_for_recovery_without_old_rows" computerName="DESKTOP-388F6FT" duration="00:00:00.0121394" startTime="2026-10-08T20:41:16.1421514+02:00" endTime="2026-10-08T20:41:16.1421515+02:00" testType="13cdc9d9-ddb5-4fa4-a97d-d965ccfc6d4b" outcome="Passed" testListId="8c84fa94-04c1-424b-9868-57a2d4851a1d" relativeResultsDirectory="354ea132-483c-4125-9b98-166a59425b12" />
    <UnitTestResult executionId="7310280a-f923-4586-b976-5de749dbc04e" testId="2002fa55-e01d-8fea-84ec-ce95c62495a6" testName="VirtualCompany.Web.Tests.FinanceRollingPlanningJourneyTests.Downloads_import_shared_module_after_fresh_authorization(compare: False)" computerName="DESKTOP-388F6FT" duration="00:00:00.2008059" startTime="2026-10-08T20:41:16.1072847+02:00" endTime="2026-10-08T20:41:16.1072848+02:00" testType="13cdc9d9-ddb5-4fa4-a97d-d965ccfc6d4b" outcome="Passed" testListId="8c84fa94-04c1-424b-9868-57a2d4851a1d" relativeResultsDirectory="7310280a-f923-4586-b976-5de749dbc04e" />
    <UnitTestResult executionId="3c14c8ce-e6b2-42f3-9e93-5a40abddc4e4" testId="e9d81944-6ab5-823f-85c6-5fbc0a8a1462" testName="VirtualCompany.Web.Tests.FinanceRollingPlanningJourneyTests.Evidence_keeps_unavailable_actuals_and_distinct_signed_values" computerName="DESKTOP-388F6FT" duration="00:00:00.0016023" startTime="2026-10-08T20:41:16.2030348+02:00" endTime="2026-10-08T20:41:16.2030350+02:00" testType="13cdc9d9-ddb5-4fa4-a97d-d965ccfc6d4b" outcome="Passed" testListId="8c84fa94-04c1-424b-9868-57a2d4851a1d" relativeResultsDirectory="3c14c8ce-e6b2-42f3-9e93-5a40abddc4e4" />
    <UnitTestResult executionId="1cf69200-d52b-4e67-b728-3a96696a9d69" testId="722fdc08-6878-23d4-3f72-ec4b8744bfd7" testName="VirtualCompany.Web.Tests.FinanceRollingPlanningJourneyTests.Restricted_reload_withholds_previous_rows_and_export" computerName="DESKTOP-388F6FT" duration="00:00:00.0037930" startTime="2026-10-08T20:41:16.1800745+02:00" endTime="2026-10-08T20:41:16.1800746+02:00" testType="13cdc9d9-ddb5-4fa4-a97d-d965ccfc6d4b" outcome="Passed" testListId="8c84fa94-04c1-424b-9868-57a2d4851a1d" relativeResultsDirectory="1cf69200-d52b-4e67-b728-3a96696a9d69" />
    <UnitTestResult executionId="d8fc592f-8c0c-4f60-84b1-788fdc3452e6" testId="9d021e0e-bf61-4061-6bc3-b969aab179a4" testName="VirtualCompany.Web.Tests.FinanceRollingPlanningJourneyTests.Typed_client_fails_closed_on_status_errors(code: 422)" computerName="DESKTOP-388F6FT" duration="00:00:00.0009100" startTime="2026-10-08T20:41:16.1430976+02:00" endTime="2026-10-08T20:41:16.1430977+02:00" testType="13cdc9d9-ddb5-4fa4-a97d-d965ccfc6d4b" outcome="Passed" testListId="8c84fa94-04c1-424b-9868-57a2d4851a1d" relativeResultsDirectory="d8fc592f-8c0c-4f60-84b1-788fdc3452e6" />
    <UnitTestResult executionId="28e32b17-3cb4-4c71-953e-a7c7970804d3" testId="5a1fd04d-bc2d-d471-eeed-75efaa34adc0" testName="VirtualCompany.Web.Tests.FinanceOperationalJourneyTests.Report_and_record_reads_preserve_configured_or_explicit_operational_source(source: null, expected: &quot;fortnox&quot;)" computerName="DESKTOP-388F6FT" duration="00:00:00.0370269" startTime="2026-10-08T20:41:16.0015533+02:00" endTime="2026-10-08T20:41:16.0015534+02:00" testType="13cdc9d9-ddb5-4fa4-a97d-d965ccfc6d4b" outcome="Passed" testListId="8c84fa94-04c1-424b-9868-57a2d4851a1d" relativeResultsDirectory="28e32b17-3cb4-4c71-953e-a7c7970804d3" />
    <UnitTestResult executionId="fff6ffef-1e26-4dfb-9a2e-f9bf566875b2" testId="4b7d2312-007a-3fdc-edb4-b8a6174be93e" testName="VirtualCompany.Web.Tests.FinanceRollingPlanningJourneyTests.Downloads_import_shared_module_after_fresh_authorization(compare: True)" computerName="DESKTOP-388F6FT" duration="00:00:00.0153698" startTime="2026-10-08T20:41:16.1227194+02:00" endTime="2026-10-08T20:41:16.1227194+02:00" testType="13cdc9d9-ddb5-4fa4-a97d-d965ccfc6d4b" outcome="Passed" testListId="8c84fa94-04c1-424b-9868-57a2d4851a1d" relativeResultsDirectory="fff6ffef-1e26-4dfb-9a2e-f9bf566875b2" />
    <UnitTestResult executionId="428924ce-d8ca-4428-9b80-e2ffb538496e" testId="1c6ce4d5-5041-b218-219c-f6f32a7f9a87" testName="VirtualCompany.Web.Tests.FinanceRollingPlanningJourneyTests.Source_drilldown_and_note_preserve_report_return_context" computerName="DESKTOP-388F6FT" duration="00:00:00.0040031" startTime="2026-10-08T20:41:16.1762640+02:00" endTime="2026-10-08T20:41:16.1762642+02:00" testType="13cdc9d9-ddb5-4fa4-a97d-d965ccfc6d4b" outcome="Passed" testListId="8c84fa94-04c1-424b-9868-57a2d4851a1d" relativeResultsDirectory="428924ce-d8ca-4428-9b80-e2ffb538496e" />
    <UnitTestResult executionId="1e44e158-7388-4808-aa7c-8af7cb72864e" testId="ae59af4d-4eb1-b410-8ba8-cd3df3716776" testName="VirtualCompany.Web.Tests.FinanceOperationalJourneyTests.Forecast_csv_contains_same_horizon_rows_and_separate_currency_cash_sources" computerName="DESKTOP-388F6FT" duration="00:00:00.0109987" startTime="2026-10-08T20:41:15.9188345+02:00" endTime="2026-10-08T20:41:15.9188439+02:00" testType="13cdc9d9-ddb5-4fa4-a97d-d965ccfc6d4b" outcome="Passed" testListId="8c84fa94-04c1-424b-9868-57a2d4851a1d" relativeResultsDirectory="1e44e158-7388-4808-aa7c-8af7cb72864e" />
    <UnitTestResult executionId="9f5e9ffd-cf8f-43c0-9f15-91244dd97a3e" testId="642870dd-1097-c1b7-c5f9-5f1f85ddab8a" testName="VirtualCompany.Web.Tests.FinanceRollingPlanningJourneyTests.Typed_client_fails_closed_on_status_errors(code: 400)" computerName="DESKTOP-388F6FT" duration="00:00:00.0001514" startTime="2026-10-08T20:41:16.1443447+02:00" endTime="2026-10-08T20:41:16.1443448+02:00" testType="13cdc9d9-ddb5-4fa4-a97d-d965ccfc6d4b" outcome="Passed" testListId="8c84fa94-04c1-424b-9868-57a2d4851a1d" relativeResultsDirectory="9f5e9ffd-cf8f-43c0-9f15-91244dd97a3e" />
    <UnitTestResult executionId="7e6b690f-7776-4d6a-8394-4dd7473f1e1f" testId="f70be495-2268-c109-abc8-fbb40547323d" testName="VirtualCompany.Web.Tests.FinanceOperationalJourneyTests.Durable_report_record_and_overview_returns_survive_reload_and_reject_foreign_or_malformed_origins" computerName="DESKTOP-388F6FT" duration="00:00:00.0010541" startTime="2026-10-08T20:41:16.0032930+02:00" endTime="2026-10-08T20:41:16.0032931+02:00" testType="13cdc9d9-ddb5-4fa4-a97d-d965ccfc6d4b" outcome="Passed" testListId="8c84fa94-04c1-424b-9868-57a2d4851a1d" relativeResultsDirectory="7e6b690f-7776-4d6a-8394-4dd7473f1e1f" />
    <UnitTestResult executionId="3b14d38e-8a3c-4219-947d-0d8f1ba2f7a6" testId="6cafbcb5-3922-6d3a-0078-ca46202eb731" testName="VirtualCompany.Web.Tests.FinanceRollingPlanningJourneyTests.Empty_comparison_explains_absent_baselines_and_retains_all_coverage" computerName="DESKTOP-388F6FT" duration="00:00:00.0036442" startTime="2026-10-08T20:41:16.1837479+02:00" endTime="2026-10-08T20:41:16.1837480+02:00" testType="13cdc9d9-ddb5-4fa4-a97d-d965ccfc6d4b" outcome="Passed" testListId="8c84fa94-04c1-424b-9868-57a2d4851a1d" relativeResultsDirectory="3b14d38e-8a3c-4219-947d-0d8f1ba2f7a6" />
    <UnitTestResult executionId="ad909e5d-a914-41ad-b78f-6290d819c71d" testId="d24da34c-0d34-2590-d95b-e0116d6f942c" testName="VirtualCompany.Web.Tests.FinanceOperationalJourneyTests.Typed_client_preserves_filters_scope_and_correlation_and_rejects_empty_company" computerName="DESKTOP-388F6FT" duration="00:00:00.0008218" startTime="2026-10-08T20:41:16.1246510+02:00" endTime="2026-10-08T20:41:16.1246511+02:00" testType="13cdc9d9-ddb5-4fa4-a97d-d965ccfc6d4b" outcome="Passed" testListId="8c84fa94-04c1-424b-9868-57a2d4851a1d" relativeResultsDirectory="ad909e5d-a914-41ad-b78f-6290d819c71d" />
    <UnitTestResult executionId="c56044d8-ea68-40c3-8096-79886c2d7434" testId="467ca831-cf47-5aa9-42c8-daad472cdfba" testName="VirtualCompany.Web.Tests.FinanceOperationalJourneyTests.Export_rereads_authorized_scope_and_clears_records_on_revocation(revoke: True)" computerName="DESKTOP-388F6FT" duration="00:00:00.0067950" startTime="2026-10-08T20:41:16.1176017+02:00" endTime="2026-10-08T20:41:16.1176018+02:00" testType="13cdc9d9-ddb5-4fa4-a97d-d965ccfc6d4b" outcome="Passed" testListId="8c84fa94-04c1-424b-9868-57a2d4851a1d" relativeResultsDirectory="c56044d8-ea68-40c3-8096-79886c2d7434" />
    <UnitTestResult executionId="677046c5-3cd3-46d2-b1ce-fb4260d527a9" testId="77268d00-d2c9-9a52-fcd4-d53bd496a249" testName="VirtualCompany.Web.Tests.FinanceOperationalJourneyTests.Interrupted_and_malformed_report_reads_offer_retry(timeout: True)" computerName="DESKTOP-388F6FT" duration="00:00:00.0002814" startTime="2026-10-08T20:41:15.9644500+02:00" endTime="2026-10-08T20:41:15.9644501+02:00" testType="13cdc9d9-ddb5-4fa4-a97d-d965ccfc6d4b" outcome="Passed" testListId="8c84fa94-04c1-424b-9868-57a2d4851a1d" relativeResultsDirectory="677046c5-3cd3-46d2-b1ce-fb4260d527a9" />
    <UnitTestResult executionId="8d71fba4-48c2-449b-8a2c-50cb50be814f" testId="6aa50352-d83b-8f8a-69da-5a029a534963" testName="VirtualCompany.Web.Tests.FinanceRollingPlanningJourneyTests.Applied_filter_context_is_distinct_from_pending_changes_and_survives_navigation" computerName="DESKTOP-388F6FT" duration="00:00:00.0129615" startTime="2026-10-08T20:41:16.2013977+02:00" endTime="2026-10-08T20:41:16.2013978+02:00" testType="13cdc9d9-ddb5-4fa4-a97d-d965ccfc6d4b" outcome="Passed" testListId="8c84fa94-04c1-424b-9868-57a2d4851a1d" relativeResultsDirectory="8d71fba4-48c2-449b-8a2c-50cb50be814f" />
    <UnitTestResult executionId="79918b84-7e8b-4d94-9653-77224f8f8989" testId="2042144a-7caf-5acf-2b3b-fa6707521a87" testName="VirtualCompany.Web.Tests.FinanceRollingPlanningJourneyTests.A_late_company_response_cannot_restore_old_evidence" computerName="DESKTOP-388F6FT" duration="00:00:00.0037643" startTime="2026-10-08T20:41:16.1883823+02:00" endTime="2026-10-08T20:41:16.1883824+02:00" testType="13cdc9d9-ddb5-4fa4-a97d-d965ccfc6d4b" outcome="Passed" testListId="8c84fa94-04c1-424b-9868-57a2d4851a1d" relativeResultsDirectory="79918b84-7e8b-4d94-9653-77224f8f8989" />
    <UnitTestResult executionId="0ed7b264-b8de-428e-ab34-ce01cbf5e368" testId="036b5a89-5647-523e-90bf-8e03e77997e6" testName="VirtualCompany.Web.Tests.FinanceOperationalJourneyTests.Export_rereads_authorized_scope_and_clears_records_on_revocation(revoke: False)" computerName="DESKTOP-388F6FT" duration="00:00:00.1039196" startTime="2026-10-08T20:41:16.1073084+02:00" endTime="2026-10-08T20:41:16.1073084+02:00" testType="13cdc9d9-ddb5-4fa4-a97d-d965ccfc6d4b" outcome="Passed" testListId="8c84fa94-04c1-424b-9868-57a2d4851a1d" relativeResultsDirectory="0ed7b264-b8de-428e-ab34-ce01cbf5e368" />
    <UnitTestResult executionId="a2b1068f-f807-434b-9957-ddf3468812c9" testId="b9a29080-ec42-b042-e5af-960e13889232" testName="VirtualCompany.Web.Tests.FinanceRollingPlanningJourneyTests.Reopened_forecast_keeps_original_values_and_assumptions_read_only" computerName="DESKTOP-388F6FT" duration="00:00:00.0072305" startTime="2026-10-08T20:41:16.1299741+02:00" endTime="2026-10-08T20:41:16.1299742+02:00" testType="13cdc9d9-ddb5-4fa4-a97d-d965ccfc6d4b" outcome="Passed" testListId="8c84fa94-04c1-424b-9868-57a2d4851a1d" relativeResultsDirectory="a2b1068f-f807-434b-9957-ddf3468812c9" />
    <UnitTestResult executionId="4ceffa83-359a-459d-8a0e-08afd6be8fce" testId="4476bc64-4883-6028-5b86-c91784753dfd" testName="VirtualCompany.Web.Tests.FinanceRollingPlanningJourneyTests.Populated_comparison_exposes_signed_measures_and_accessible_source_actions" computerName="DESKTOP-388F6FT" duration="00:00:00.0097882" startTime="2026-10-08T20:41:16.1581229+02:00" endTime="2026-10-08T20:41:16.1581230+02:00" testType="13cdc9d9-ddb5-4fa4-a97d-d965ccfc6d4b" outcome="Passed" testListId="8c84fa94-04c1-424b-9868-57a2d4851a1d" relativeResultsDirectory="4ceffa83-359a-459d-8a0e-08afd6be8fce" />
    <UnitTestResult executionId="1ffccd66-dbed-46b9-81aa-c1faad397375" testId="ddc47ca6-2053-a137-c2c5-b69d737e4999" testName="VirtualCompany.Web.Tests.FinanceRollingPlanningJourneyTests.Typed_client_fails_closed_on_status_errors(code: 409)" computerName="DESKTOP-388F6FT" duration="00:00:00.0001665" startTime="2026-10-08T20:41:16.1436058+02:00" endTime="2026-10-08T20:41:16.1436059+02:00" testType="13cdc9d9-ddb5-4fa4-a97d-d965ccfc6d4b" outcome="Passed" testListId="8c84fa94-04c1-424b-9868-57a2d4851a1d" relativeResultsDirectory="1ffccd66-dbed-46b9-81aa-c1faad397375" />
    <UnitTestResult executionId="8597a1fe-8a4d-4941-aed0-47829889560f" testId="657d3612-2c4f-ff11-6483-6e010f6ebe95" testName="VirtualCompany.Web.Tests.FinanceOperationalJourneyTests.Interrupted_and_malformed_report_reads_offer_retry(timeout: False)" computerName="DESKTOP-388F6FT" duration="00:00:00.0456044" startTime="2026-10-08T20:41:15.9641722+02:00" endTime="2026-10-08T20:41:15.9641724+02:00" testType="13cdc9d9-ddb5-4fa4-a97d-d965ccfc6d4b" outcome="Passed" testListId="8c84fa94-04c1-424b-9868-57a2d4851a1d" relativeResultsDirectory="8597a1fe-8a4d-4941-aed0-47829889560f" />
    <UnitTestResult executionId="9d4826ca-18bd-497b-8777-cf50dc48bb93" testId="25f17044-7cc0-5b51-02f7-abfd576f7256" testName="VirtualCompany.Web.Tests.FinanceRollingPlanningJourneyTests.Typed_client_fails_closed_on_status_errors(code: 404)" computerName="DESKTOP-388F6FT" duration="00:00:00.0001572" startTime="2026-10-08T20:41:16.1443726+02:00" endTime="2026-10-08T20:41:16.1443726+02:00" testType="13cdc9d9-ddb5-4fa4-a97d-d965ccfc6d4b" outcome="Passed" testListId="8c84fa94-04c1-424b-9868-57a2d4851a1d" relativeResultsDirectory="9d4826ca-18bd-497b-8777-cf50dc48bb93" />
    <UnitTestResult executionId="b8e9c656-3627-489b-a769-d3e60a29c26b" testId="d29e3bfd-576b-da2d-0306-82c393281199" testName="VirtualCompany.Web.Tests.FinanceRollingPlanningJourneyTests.Typed_client_fails_closed_on_status_errors(code: 503)" computerName="DESKTOP-388F6FT" duration="00:00:00.0002946" startTime="2026-10-08T20:41:16.1434128+02:00" endTime="2026-10-08T20:41:16.1434128+02:00" testType="13cdc9d9-ddb5-4fa4-a97d-d965ccfc6d4b" outcome="Passed" testListId="8c84fa94-04c1-424b-9868-57a2d4851a1d" relativeResultsDirectory="b8e9c656-3627-489b-a769-d3e60a29c26b" />
    <UnitTestResult executionId="9d8c3ea6-4c13-4ed9-b37f-ed1a3ad79fcd" testId="664199b0-8e86-ba77-56b0-884c5d3c0f34" testName="VirtualCompany.Web.Tests.FinanceOperationalJourneyTests.Cash_forecast_preserves_separate_currencies_missing_cash_and_inflow_outflow_source_records" computerName="DESKTOP-388F6FT" duration="00:00:00.0096609" startTime="2026-10-08T20:41:16.1237992+02:00" endTime="2026-10-08T20:41:16.1237992+02:00" testType="13cdc9d9-ddb5-4fa4-a97d-d965ccfc6d4b" outcome="Passed" testListId="8c84fa94-04c1-424b-9868-57a2d4851a1d" relativeResultsDirectory="9d8c3ea6-4c13-4ed9-b37f-ed1a3ad79fcd" />
    <UnitTestResult executionId="a5a090b1-b720-4408-a75c-0214cfed0607" testId="be461a39-df25-f9f3-ba63-22d2c8a0cfee" testName="VirtualCompany.Web.Tests.FinanceOperationalJourneyTests.Report_and_record_reads_preserve_configured_or_explicit_operational_source(source: &quot;operational&quot;, expected: &quot;operational&quot;)" computerName="DESKTOP-388F6FT" duration="00:00:00.0006227" startTime="2026-10-08T20:41:16.0021967+02:00" endTime="2026-10-08T20:41:16.0021968+02:00" testType="13cdc9d9-ddb5-4fa4-a97d-d965ccfc6d4b" outcome="Passed" testListId="8c84fa94-04c1-424b-9868-57a2d4851a1d" relativeResultsDirectory="a5a090b1-b720-4408-a75c-0214cfed0607" />
    <UnitTestResult executionId="d3a9fd42-d604-4533-91e1-1097261b7f87" testId="0caf78ec-5a7e-ce2b-619f-96ab1cf20170" testName="VirtualCompany.Web.Tests.FinanceRollingPlanningJourneyTests.First_load_failure_keeps_query_range_editable_and_company_change_clears_old_choices" computerName="DESKTOP-388F6FT" duration="00:00:00.0140521" startTime="2026-10-08T20:41:16.1722227+02:00" endTime="2026-10-08T20:41:16.1722228+02:00" testType="13cdc9d9-ddb5-4fa4-a97d-d965ccfc6d4b" outcome="Passed" testListId="8c84fa94-04c1-424b-9868-57a2d4851a1d" relativeResultsDirectory="d3a9fd42-d604-4533-91e1-1097261b7f87" />
  </Results>
  <TestDefinitions>
    <UnitTest name="VirtualCompany.Web.Tests.FinanceRollingPlanningJourneyTests.Source_drilldown_and_note_preserve_report_return_context" storage="c:\users\johan\source\repos\virtual company\tests\virtualcompany.web.tests\bin\debug\net9.0\virtualcompany.web.tests.dll" id="1c6ce4d5-5041-b218-219c-f6f32a7f9a87">
      <Execution id="428924ce-d8ca-4428-9b80-e2ffb538496e" />
      <TestMethod codeBase="C:\Users\Johan\source\repos\Virtual Company\tests\VirtualCompany.Web.Tests\bin\Debug\net9.0\VirtualCompany.Web.Tests.dll" adapterTypeName="executor://xunit/VsTestRunner2/netcoreapp" className="VirtualCompany.Web.Tests.FinanceRollingPlanningJourneyTests" name="Source_drilldown_and_note_preserve_report_return_context" />
    </UnitTest>
    <UnitTest name="VirtualCompany.Web.Tests.FinanceRollingPlanningJourneyTests.Evidence_keeps_unavailable_actuals_and_distinct_signed_values" storage="c:\users\johan\source\repos\virtual company\tests\virtualcompany.web.tests\bin\debug\net9.0\virtualcompany.web.tests.dll" id="e9d81944-6ab5-823f-85c6-5fbc0a8a1462">
      <Execution id="3c14c8ce-e6b2-42f3-9e93-5a40abddc4e4" />
      <TestMethod codeBase="C:\Users\Johan\source\repos\Virtual Company\tests\VirtualCompany.Web.Tests\bin\Debug\net9.0\VirtualCompany.Web.Tests.dll" adapterTypeName="executor://xunit/VsTestRunner2/netcoreapp" className="VirtualCompany.Web.Tests.FinanceRollingPlanningJourneyTests" name="Evidence_keeps_unavailable_actuals_and_distinct_signed_values" />
    </UnitTest>
    <UnitTest name="VirtualCompany.Web.Tests.FinanceOperationalJourneyTests.Export_rereads_authorized_scope_and_clears_records_on_revocation(revoke: True)" storage="c:\users\johan\source\repos\virtual company\tests\virtualcompany.web.tests\bin\debug\net9.0\virtualcompany.web.tests.dll" id="467ca831-cf47-5aa9-42c8-daad472cdfba">
      <Execution id="c56044d8-ea68-40c3-8096-79886c2d7434" />
      <TestMethod codeBase="C:\Users\Johan\source\repos\Virtual Company\tests\VirtualCompany.Web.Tests\bin\Debug\net9.0\VirtualCompany.Web.Tests.dll" adapterTypeName="executor://xunit/VsTestRunner2/netcoreapp" className="VirtualCompany.Web.Tests.FinanceOperationalJourneyTests" name="Export_rereads_authorized_scope_and_clears_records_on_revocation" />
    </UnitTest>
    <UnitTest name="VirtualCompany.Web.Tests.FinanceOperationalJourneyTests.Report_and_record_reads_preserve_configured_or_explicit_operational_source(source: null, expected: &quot;fortnox&quot;)" storage="c:\users\johan\source\repos\virtual company\tests\virtualcompany.web.tests\bin\debug\net9.0\virtualcompany.web.tests.dll" id="5a1fd04d-bc2d-d471-eeed-75efaa34adc0">
      <Execution id="28e32b17-3cb4-4c71-953e-a7c7970804d3" />
      <TestMethod codeBase="C:\Users\Johan\source\repos\Virtual Company\tests\VirtualCompany.Web.Tests\bin\Debug\net9.0\VirtualCompany.Web.Tests.dll" adapterTypeName="executor://xunit/VsTestRunner2/netcoreapp" className="VirtualCompany.Web.Tests.FinanceOperationalJourneyTests" name="Report_and_record_reads_preserve_configured_or_explicit_operational_source" />
    </UnitTest>
    <UnitTest name="VirtualCompany.Web.Tests.FinanceRollingPlanningJourneyTests.Restricted_reload_withholds_previous_rows_and_export" storage="c:\users\johan\source\repos\virtual company\tests\virtualcompany.web.tests\bin\debug\net9.0\virtualcompany.web.tests.dll" id="722fdc08-6878-23d4-3f72-ec4b8744bfd7">
      <Execution id="1cf69200-d52b-4e67-b728-3a96696a9d69" />
      <TestMethod codeBase="C:\Users\Johan\source\repos\Virtual Company\tests\VirtualCompany.Web.Tests\bin\Debug\net9.0\VirtualCompany.Web.Tests.dll" adapterTypeName="executor://xunit/VsTestRunner2/netcoreapp" className="VirtualCompany.Web.Tests.FinanceRollingPlanningJourneyTests" name="Restricted_reload_withholds_previous_rows_and_export" />
    </UnitTest>
    <UnitTest name="VirtualCompany.Web.Tests.FinanceOperationalJourneyTests.Report_and_record_reads_preserve_configured_or_explicit_operational_source(source: &quot;operational&quot;, expected: &quot;operational&quot;)" storage="c:\users\johan\source\repos\virtual company\tests\virtualcompany.web.tests\bin\debug\net9.0\virtualcompany.web.tests.dll" id="be461a39-df25-f9f3-ba63-22d2c8a0cfee">
      <Execution id="a5a090b1-b720-4408-a75c-0214cfed0607" />
      <TestMethod codeBase="C:\Users\Johan\source\repos\Virtual Company\tests\VirtualCompany.Web.Tests\bin\Debug\net9.0\VirtualCompany.Web.Tests.dll" adapterTypeName="executor://xunit/VsTestRunner2/netcoreapp" className="VirtualCompany.Web.Tests.FinanceOperationalJourneyTests" name="Report_and_record_reads_preserve_configured_or_explicit_operational_source" />
    </UnitTest>
    <UnitTest name="VirtualCompany.Web.Tests.FinanceOperationalJourneyTests.Forecast_csv_contains_same_horizon_rows_and_separate_currency_cash_sources" storage="c:\users\johan\source\repos\virtual company\tests\virtualcompany.web.tests\bin\debug\net9.0\virtualcompany.web.tests.dll" id="ae59af4d-4eb1-b410-8ba8-cd3df3716776">
      <Execution id="1e44e158-7388-4808-aa7c-8af7cb72864e" />
      <TestMethod codeBase="C:\Users\Johan\source\repos\Virtual Company\tests\VirtualCompany.Web.Tests\bin\Debug\net9.0\VirtualCompany.Web.Tests.dll" adapterTypeName="executor://xunit/VsTestRunner2/netcoreapp" className="VirtualCompany.Web.Tests.FinanceOperationalJourneyTests" name="Forecast_csv_contains_same_horizon_rows_and_separate_currency_cash_sources" />
    </UnitTest>
    <UnitTest name="VirtualCompany.Web.Tests.FinanceRollingPlanningJourneyTests.Empty_comparison_explains_absent_baselines_and_retains_all_coverage" storage="c:\users\johan\source\repos\virtual company\tests\virtualcompany.web.tests\bin\debug\net9.0\virtualcompany.web.tests.dll" id="6cafbcb5-3922-6d3a-0078-ca46202eb731">
      <Execution id="3b14d38e-8a3c-4219-947d-0d8f1ba2f7a6" />
      <TestMethod codeBase="C:\Users\Johan\source\repos\Virtual Company\tests\VirtualCompany.Web.Tests\bin\Debug\net9.0\VirtualCompany.Web.Tests.dll" adapterTypeName="executor://xunit/VsTestRunner2/netcoreapp" className="VirtualCompany.Web.Tests.FinanceRollingPlanningJourneyTests" name="Empty_comparison_explains_absent_baselines_and_retains_all_coverage" />
    </UnitTest>
    <UnitTest name="VirtualCompany.Web.Tests.FinanceRollingPlanningJourneyTests.Downloads_import_shared_module_after_fresh_authorization(compare: True)" storage="c:\users\johan\source\repos\virtual company\tests\virtualcompany.web.tests\bin\debug\net9.0\virtualcompany.web.tests.dll" id="4b7d2312-007a-3fdc-edb4-b8a6174be93e">
      <Execution id="fff6ffef-1e26-4dfb-9a2e-f9bf566875b2" />
      <TestMethod codeBase="C:\Users\Johan\source\repos\Virtual Company\tests\VirtualCompany.Web.Tests\bin\Debug\net9.0\VirtualCompany.Web.Tests.dll" adapterTypeName="executor://xunit/VsTestRunner2/netcoreapp" className="VirtualCompany.Web.Tests.FinanceRollingPlanningJourneyTests" name="Downloads_import_shared_module_after_fresh_authorization" />
    </UnitTest>
    <UnitTest name="VirtualCompany.Web.Tests.FinanceOperationalJourneyTests.Durable_report_record_and_overview_returns_survive_reload_and_reject_foreign_or_malformed_origins" storage="c:\users\johan\source\repos\virtual company\tests\virtualcompany.web.tests\bin\debug\net9.0\virtualcompany.web.tests.dll" id="f70be495-2268-c109-abc8-fbb40547323d">
      <Execution id="7e6b690f-7776-4d6a-8394-4dd7473f1e1f" />
      <TestMethod codeBase="C:\Users\Johan\source\repos\Virtual Company\tests\VirtualCompany.Web.Tests\bin\Debug\net9.0\VirtualCompany.Web.Tests.dll" adapterTypeName="executor://xunit/VsTestRunner2/netcoreapp" className="VirtualCompany.Web.Tests.FinanceOperationalJourneyTests" name="Durable_report_record_and_overview_returns_survive_reload_and_reject_foreign_or_malformed_origins" />
    </UnitTest>
    <UnitTest name="VirtualCompany.Web.Tests.FinanceRollingPlanningJourneyTests.First_load_failure_keeps_query_range_editable_and_company_change_clears_old_choices" storage="c:\users\johan\source\repos\virtual company\tests\virtualcompany.web.tests\bin\debug\net9.0\virtualcompany.web.tests.dll" id="0caf78ec-5a7e-ce2b-619f-96ab1cf20170">
      <Execution id="d3a9fd42-d604-4533-91e1-1097261b7f87" />
      <TestMethod codeBase="C:\Users\Johan\source\repos\Virtual Company\tests\VirtualCompany.Web.Tests\bin\Debug\net9.0\VirtualCompany.Web.Tests.dll" adapterTypeName="executor://xunit/VsTestRunner2/netcoreapp" className="VirtualCompany.Web.Tests.FinanceRollingPlanningJourneyTests" name="First_load_failure_keeps_query_range_editable_and_company_change_clears_old_choices" />
    </UnitTest>
    <UnitTest name="VirtualCompany.Web.Tests.FinanceOperationalJourneyTests.Interrupted_and_malformed_report_reads_offer_retry(timeout: True)" storage="c:\users\johan\source\repos\virtual company\tests\virtualcompany.web.tests\bin\debug\net9.0\virtualcompany.web.tests.dll" id="77268d00-d2c9-9a52-fcd4-d53bd496a249">
      <Execution id="677046c5-3cd3-46d2-b1ce-fb4260d527a9" />
      <TestMethod codeBase="C:\Users\Johan\source\repos\Virtual Company\tests\VirtualCompany.Web.Tests\bin\Debug\net9.0\VirtualCompany.Web.Tests.dll" adapterTypeName="executor://xunit/VsTestRunner2/netcoreapp" className="VirtualCompany.Web.Tests.FinanceOperationalJourneyTests" name="Interrupted_and_malformed_report_reads_offer_retry" />
    </UnitTest>
    <UnitTest name="VirtualCompany.Web.Tests.FinanceRollingPlanningJourneyTests.Typed_client_fails_closed_on_status_errors(code: 409)" storage="c:\users\johan\source\repos\virtual company\tests\virtualcompany.web.tests\bin\debug\net9.0\virtualcompany.web.tests.dll" id="ddc47ca6-2053-a137-c2c5-b69d737e4999">
      <Execution id="1ffccd66-dbed-46b9-81aa-c1faad397375" />
      <TestMethod codeBase="C:\Users\Johan\source\repos\Virtual Company\tests\VirtualCompany.Web.Tests\bin\Debug\net9.0\VirtualCompany.Web.Tests.dll" adapterTypeName="executor://xunit/VsTestRunner2/netcoreapp" className="VirtualCompany.Web.Tests.FinanceRollingPlanningJourneyTests" name="Typed_client_fails_closed_on_status_errors" />
    </UnitTest>
    <UnitTest name="VirtualCompany.Web.Tests.FinanceOperationalJourneyTests.Cash_forecast_preserves_separate_currencies_missing_cash_and_inflow_outflow_source_records" storage="c:\users\johan\source\repos\virtual company\tests\virtualcompany.web.tests\bin\debug\net9.0\virtualcompany.web.tests.dll" id="664199b0-8e86-ba77-56b0-884c5d3c0f34">
      <Execution id="9d8c3ea6-4c13-4ed9-b37f-ed1a3ad79fcd" />
      <TestMethod codeBase="C:\Users\Johan\source\repos\Virtual Company\tests\VirtualCompany.Web.Tests\bin\Debug\net9.0\VirtualCompany.Web.Tests.dll" adapterTypeName="executor://xunit/VsTestRunner2/netcoreapp" className="VirtualCompany.Web.Tests.FinanceOperationalJourneyTests" name="Cash_forecast_preserves_separate_currencies_missing_cash_and_inflow_outflow_source_records" />
    </UnitTest>
    <UnitTest name="VirtualCompany.Web.Tests.FinanceRollingPlanningJourneyTests.A_late_company_response_cannot_restore_old_evidence" storage="c:\users\johan\source\repos\virtual company\tests\virtualcompany.web.tests\bin\debug\net9.0\virtualcompany.web.tests.dll" id="2042144a-7caf-5acf-2b3b-fa6707521a87">
      <Execution id="79918b84-7e8b-4d94-9653-77224f8f8989" />
      <TestMethod codeBase="C:\Users\Johan\source\repos\Virtual Company\tests\VirtualCompany.Web.Tests\bin\Debug\net9.0\VirtualCompany.Web.Tests.dll" adapterTypeName="executor://xunit/VsTestRunner2/netcoreapp" className="VirtualCompany.Web.Tests.FinanceRollingPlanningJourneyTests" name="A_late_company_response_cannot_restore_old_evidence" />
    </UnitTest>
    <UnitTest name="VirtualCompany.Web.Tests.FinanceRollingPlanningJourneyTests.Typed_client_fails_closed_on_status_errors(code: 422)" storage="c:\users\johan\source\repos\virtual company\tests\virtualcompany.web.tests\bin\debug\net9.0\virtualcompany.web.tests.dll" id="9d021e0e-bf61-4061-6bc3-b969aab179a4">
      <Execution id="d8fc592f-8c0c-4f60-84b1-788fdc3452e6" />
      <TestMethod codeBase="C:\Users\Johan\source\repos\Virtual Company\tests\VirtualCompany.Web.Tests\bin\Debug\net9.0\VirtualCompany.Web.Tests.dll" adapterTypeName="executor://xunit/VsTestRunner2/netcoreapp" className="VirtualCompany.Web.Tests.FinanceRollingPlanningJourneyTests" name="Typed_client_fails_closed_on_status_errors" />
    </UnitTest>
    <UnitTest name="VirtualCompany.Web.Tests.FinanceRollingPlanningJourneyTests.Typed_client_fails_closed_on_status_errors(code: 404)" storage="c:\users\johan\source\repos\virtual company\tests\virtualcompany.web.tests\bin\debug\net9.0\virtualcompany.web.tests.dll" id="25f17044-7cc0-5b51-02f7-abfd576f7256">
      <Execution id="9d4826ca-18bd-497b-8777-cf50dc48bb93" />
      <TestMethod codeBase="C:\Users\Johan\source\repos\Virtual Company\tests\VirtualCompany.Web.Tests\bin\Debug\net9.0\VirtualCompany.Web.Tests.dll" adapterTypeName="executor://xunit/VsTestRunner2/netcoreapp" className="VirtualCompany.Web.Tests.FinanceRollingPlanningJourneyTests" name="Typed_client_fails_closed_on_status_errors" />
    </UnitTest>
    <UnitTest name="VirtualCompany.Web.Tests.FinanceRollingPlanningJourneyTests.Typed_client_fails_closed_on_status_errors(code: 403)" storage="c:\users\johan\source\repos\virtual company\tests\virtualcompany.web.tests\bin\debug\net9.0\virtualcompany.web.tests.dll" id="72728342-048b-cd59-82b2-58d94f451017">
      <Execution id="c0e93e5e-e2fb-46b8-b9a8-b6efa14a8dd4" />
      <TestMethod codeBase="C:\Users\Johan\source\repos\Virtual Company\tests\VirtualCompany.Web.Tests\bin\Debug\net9.0\VirtualCompany.Web.Tests.dll" adapterTypeName="executor://xunit/VsTestRunner2/netcoreapp" className="VirtualCompany.Web.Tests.FinanceRollingPlanningJourneyTests" name="Typed_client_fails_closed_on_status_errors" />
    </UnitTest>
    <UnitTest name="VirtualCompany.Web.Tests.FinanceOperationalJourneyTests.Typed_client_preserves_filters_scope_and_correlation_and_rejects_empty_company" storage="c:\users\johan\source\repos\virtual company\tests\virtualcompany.web.tests\bin\debug\net9.0\virtualcompany.web.tests.dll" id="d24da34c-0d34-2590-d95b-e0116d6f942c">
      <Execution id="ad909e5d-a914-41ad-b78f-6290d819c71d" />
      <TestMethod codeBase="C:\Users\Johan\source\repos\Virtual Company\tests\VirtualCompany.Web.Tests\bin\Debug\net9.0\VirtualCompany.Web.Tests.dll" adapterTypeName="executor://xunit/VsTestRunner2/netcoreapp" className="VirtualCompany.Web.Tests.FinanceOperationalJourneyTests" name="Typed_client_preserves_filters_scope_and_correlation_and_rejects_empty_company" />
    </UnitTest>
    <UnitTest name="VirtualCompany.Web.Tests.FinanceRollingPlanningJourneyTests.Typed_client_fails_closed_on_status_errors(code: 400)" storage="c:\users\johan\source\repos\virtual company\tests\virtualcompany.web.tests\bin\debug\net9.0\virtualcompany.web.tests.dll" id="642870dd-1097-c1b7-c5f9-5f1f85ddab8a">
      <Execution id="9f5e9ffd-cf8f-43c0-9f15-91244dd97a3e" />
      <TestMethod codeBase="C:\Users\Johan\source\repos\Virtual Company\tests\VirtualCompany.Web.Tests\bin\Debug\net9.0\VirtualCompany.Web.Tests.dll" adapterTypeName="executor://xunit/VsTestRunner2/netcoreapp" className="VirtualCompany.Web.Tests.FinanceRollingPlanningJourneyTests" name="Typed_client_fails_closed_on_status_errors" />
    </UnitTest>
    <UnitTest name="VirtualCompany.Web.Tests.FinanceRollingPlanningJourneyTests.Typed_client_fails_closed_on_status_errors(code: 503)" storage="c:\users\johan\source\repos\virtual company\tests\virtualcompany.web.tests\bin\debug\net9.0\virtualcompany.web.tests.dll" id="d29e3bfd-576b-da2d-0306-82c393281199">
      <Execution id="b8e9c656-3627-489b-a769-d3e60a29c26b" />
      <TestMethod codeBase="C:\Users\Johan\source\repos\Virtual Company\tests\VirtualCompany.Web.Tests\bin\Debug\net9.0\VirtualCompany.Web.Tests.dll" adapterTypeName="executor://xunit/VsTestRunner2/netcoreapp" className="VirtualCompany.Web.Tests.FinanceRollingPlanningJourneyTests" name="Typed_client_fails_closed_on_status_errors" />
    </UnitTest>
    <UnitTest name="VirtualCompany.Web.Tests.FinanceOperationalJourneyTests.Export_rereads_authorized_scope_and_clears_records_on_revocation(revoke: False)" storage="c:\users\johan\source\repos\virtual company\tests\virtualcompany.web.tests\bin\debug\net9.0\virtualcompany.web.tests.dll" id="036b5a89-5647-523e-90bf-8e03e77997e6">
      <Execution id="0ed7b264-b8de-428e-ab34-ce01cbf5e368" />
      <TestMethod codeBase="C:\Users\Johan\source\repos\Virtual Company\tests\VirtualCompany.Web.Tests\bin\Debug\net9.0\VirtualCompany.Web.Tests.dll" adapterTypeName="executor://xunit/VsTestRunner2/netcoreapp" className="VirtualCompany.Web.Tests.FinanceOperationalJourneyTests" name="Export_rereads_authorized_scope_and_clears_records_on_revocation" />
    </UnitTest>
    <UnitTest name="VirtualCompany.Web.Tests.FinanceRollingPlanningJourneyTests.Applied_filter_context_is_distinct_from_pending_changes_and_survives_navigation" storage="c:\users\johan\source\repos\virtual company\tests\virtualcompany.web.tests\bin\debug\net9.0\virtualcompany.web.tests.dll" id="6aa50352-d83b-8f8a-69da-5a029a534963">
      <Execution id="8d71fba4-48c2-449b-8a2c-50cb50be814f" />
      <TestMethod codeBase="C:\Users\Johan\source\repos\Virtual Company\tests\VirtualCompany.Web.Tests\bin\Debug\net9.0\VirtualCompany.Web.Tests.dll" adapterTypeName="executor://xunit/VsTestRunner2/netcoreapp" className="VirtualCompany.Web.Tests.FinanceRollingPlanningJourneyTests" name="Applied_filter_context_is_distinct_from_pending_changes_and_survives_navigation" />
    </UnitTest>
    <UnitTest name="VirtualCompany.Web.Tests.FinanceRollingPlanningJourneyTests.Snapshot_report_is_retained_and_cannot_export_current_rows" storage="c:\users\johan\source\repos\virtual company\tests\virtualcompany.web.tests\bin\debug\net9.0\virtualcompany.web.tests.dll" id="bba1df18-aa23-5825-c65d-643520dc93bc">
      <Execution id="605a5c5e-46fa-4a17-82c4-0ca3515b5296" />
      <TestMethod codeBase="C:\Users\Johan\source\repos\Virtual Company\tests\VirtualCompany.Web.Tests\bin\Debug\net9.0\VirtualCompany.Web.Tests.dll" adapterTypeName="executor://xunit/VsTestRunner2/netcoreapp" className="VirtualCompany.Web.Tests.FinanceRollingPlanningJourneyTests" name="Snapshot_report_is_retained_and_cannot_export_current_rows" />
    </UnitTest>
    <UnitTest name="VirtualCompany.Web.Tests.FinanceRollingPlanningJourneyTests.Oversized_query_keeps_scoped_filter_choices_for_recovery_without_old_rows" storage="c:\users\johan\source\repos\virtual company\tests\virtualcompany.web.tests\bin\debug\net9.0\virtualcompany.web.tests.dll" id="42398952-03ad-6b57-06f2-2cc20c287561">
      <Execution id="354ea132-483c-4125-9b98-166a59425b12" />
      <TestMethod codeBase="C:\Users\Johan\source\repos\Virtual Company\tests\VirtualCompany.Web.Tests\bin\Debug\net9.0\VirtualCompany.Web.Tests.dll" adapterTypeName="executor://xunit/VsTestRunner2/netcoreapp" className="VirtualCompany.Web.Tests.FinanceRollingPlanningJourneyTests" name="Oversized_query_keeps_scoped_filter_choices_for_recovery_without_old_rows" />
    </UnitTest>
    <UnitTest name="VirtualCompany.Web.Tests.FinanceRollingPlanningJourneyTests.Reopened_forecast_keeps_original_values_and_assumptions_read_only" storage="c:\users\johan\source\repos\virtual company\tests\virtualcompany.web.tests\bin\debug\net9.0\virtualcompany.web.tests.dll" id="b9a29080-ec42-b042-e5af-960e13889232">
      <Execution id="a2b1068f-f807-434b-9957-ddf3468812c9" />
      <TestMethod codeBase="C:\Users\Johan\source\repos\Virtual Company\tests\VirtualCompany.Web.Tests\bin\Debug\net9.0\VirtualCompany.Web.Tests.dll" adapterTypeName="executor://xunit/VsTestRunner2/netcoreapp" className="VirtualCompany.Web.Tests.FinanceRollingPlanningJourneyTests" name="Reopened_forecast_keeps_original_values_and_assumptions_read_only" />
    </UnitTest>
    <UnitTest name="VirtualCompany.Web.Tests.FinanceRollingPlanningJourneyTests.Typed_client_validates_company_filters_and_offline_state" storage="c:\users\johan\source\repos\virtual company\tests\virtualcompany.web.tests\bin\debug\net9.0\virtualcompany.web.tests.dll" id="0b581cc6-8ede-f4a4-bfd2-3aae4ac56d71">
      <Execution id="26d7c2b6-1345-4e56-bb31-0139736c81eb" />
      <TestMethod codeBase="C:\Users\Johan\source\repos\Virtual Company\tests\VirtualCompany.Web.Tests\bin\Debug\net9.0\VirtualCompany.Web.Tests.dll" adapterTypeName="executor://xunit/VsTestRunner2/netcoreapp" className="VirtualCompany.Web.Tests.FinanceRollingPlanningJourneyTests" name="Typed_client_validates_company_filters_and_offline_state" />
    </UnitTest>
    <UnitTest name="VirtualCompany.Web.Tests.FinanceRollingPlanningJourneyTests.Downloads_import_shared_module_after_fresh_authorization(compare: False)" storage="c:\users\johan\source\repos\virtual company\tests\virtualcompany.web.tests\bin\debug\net9.0\virtualcompany.web.tests.dll" id="2002fa55-e01d-8fea-84ec-ce95c62495a6">
      <Execution id="7310280a-f923-4586-b976-5de749dbc04e" />
      <TestMethod codeBase="C:\Users\Johan\source\repos\Virtual Company\tests\VirtualCompany.Web.Tests\bin\Debug\net9.0\VirtualCompany.Web.Tests.dll" adapterTypeName="executor://xunit/VsTestRunner2/netcoreapp" className="VirtualCompany.Web.Tests.FinanceRollingPlanningJourneyTests" name="Downloads_import_shared_module_after_fresh_authorization" />
    </UnitTest>
    <UnitTest name="VirtualCompany.Web.Tests.FinanceOperationalJourneyTests.Interrupted_and_malformed_report_reads_offer_retry(timeout: False)" storage="c:\users\johan\source\repos\virtual company\tests\virtualcompany.web.tests\bin\debug\net9.0\virtualcompany.web.tests.dll" id="657d3612-2c4f-ff11-6483-6e010f6ebe95">
      <Execution id="8597a1fe-8a4d-4941-aed0-47829889560f" />
      <TestMethod codeBase="C:\Users\Johan\source\repos\Virtual Company\tests\VirtualCompany.Web.Tests\bin\Debug\net9.0\VirtualCompany.Web.Tests.dll" adapterTypeName="executor://xunit/VsTestRunner2/netcoreapp" className="VirtualCompany.Web.Tests.FinanceOperationalJourneyTests" name="Interrupted_and_malformed_report_reads_offer_retry" />
    </UnitTest>
    <UnitTest name="VirtualCompany.Web.Tests.FinanceRollingPlanningJourneyTests.Populated_comparison_exposes_signed_measures_and_accessible_source_actions" storage="c:\users\johan\source\repos\virtual company\tests\virtualcompany.web.tests\bin\debug\net9.0\virtualcompany.web.tests.dll" id="4476bc64-4883-6028-5b86-c91784753dfd">
      <Execution id="4ceffa83-359a-459d-8a0e-08afd6be8fce" />
      <TestMethod codeBase="C:\Users\Johan\source\repos\Virtual Company\tests\VirtualCompany.Web.Tests\bin\Debug\net9.0\VirtualCompany.Web.Tests.dll" adapterTypeName="executor://xunit/VsTestRunner2/netcoreapp" className="VirtualCompany.Web.Tests.FinanceRollingPlanningJourneyTests" name="Populated_comparison_exposes_signed_measures_and_accessible_source_actions" />
    </UnitTest>
  </TestDefinitions>
  <TestEntries>
    <TestEntry testId="72728342-048b-cd59-82b2-58d94f451017" executionId="c0e93e5e-e2fb-46b8-b9a8-b6efa14a8dd4" testListId="8c84fa94-04c1-424b-9868-57a2d4851a1d" />
    <TestEntry testId="0b581cc6-8ede-f4a4-bfd2-3aae4ac56d71" executionId="26d7c2b6-1345-4e56-bb31-0139736c81eb" testListId="8c84fa94-04c1-424b-9868-57a2d4851a1d" />
    <TestEntry testId="bba1df18-aa23-5825-c65d-643520dc93bc" executionId="605a5c5e-46fa-4a17-82c4-0ca3515b5296" testListId="8c84fa94-04c1-424b-9868-57a2d4851a1d" />
    <TestEntry testId="42398952-03ad-6b57-06f2-2cc20c287561" executionId="354ea132-483c-4125-9b98-166a59425b12" testListId="8c84fa94-04c1-424b-9868-57a2d4851a1d" />
    <TestEntry testId="2002fa55-e01d-8fea-84ec-ce95c62495a6" executionId="7310280a-f923-4586-b976-5de749dbc04e" testListId="8c84fa94-04c1-424b-9868-57a2d4851a1d" />
    <TestEntry testId="e9d81944-6ab5-823f-85c6-5fbc0a8a1462" executionId="3c14c8ce-e6b2-42f3-9e93-5a40abddc4e4" testListId="8c84fa94-04c1-424b-9868-57a2d4851a1d" />
    <TestEntry testId="722fdc08-6878-23d4-3f72-ec4b8744bfd7" executionId="1cf69200-d52b-4e67-b728-3a96696a9d69" testListId="8c84fa94-04c1-424b-9868-57a2d4851a1d" />
    <TestEntry testId="9d021e0e-bf61-4061-6bc3-b969aab179a4" executionId="d8fc592f-8c0c-4f60-84b1-788fdc3452e6" testListId="8c84fa94-04c1-424b-9868-57a2d4851a1d" />
    <TestEntry testId="5a1fd04d-bc2d-d471-eeed-75efaa34adc0" executionId="28e32b17-3cb4-4c71-953e-a7c7970804d3" testListId="8c84fa94-04c1-424b-9868-57a2d4851a1d" />
    <TestEntry testId="4b7d2312-007a-3fdc-edb4-b8a6174be93e" executionId="fff6ffef-1e26-4dfb-9a2e-f9bf566875b2" testListId="8c84fa94-04c1-424b-9868-57a2d4851a1d" />
    <TestEntry testId="1c6ce4d5-5041-b218-219c-f6f32a7f9a87" executionId="428924ce-d8ca-4428-9b80-e2ffb538496e" testListId="8c84fa94-04c1-424b-9868-57a2d4851a1d" />
    <TestEntry testId="ae59af4d-4eb1-b410-8ba8-cd3df3716776" executionId="1e44e158-7388-4808-aa7c-8af7cb72864e" testListId="8c84fa94-04c1-424b-9868-57a2d4851a1d" />
    <TestEntry testId="642870dd-1097-c1b7-c5f9-5f1f85ddab8a" executionId="9f5e9ffd-cf8f-43c0-9f15-91244dd97a3e" testListId="8c84fa94-04c1-424b-9868-57a2d4851a1d" />
    <TestEntry testId="f70be495-2268-c109-abc8-fbb40547323d" executionId="7e6b690f-7776-4d6a-8394-4dd7473f1e1f" testListId="8c84fa94-04c1-424b-9868-57a2d4851a1d" />
    <TestEntry testId="6cafbcb5-3922-6d3a-0078-ca46202eb731" executionId="3b14d38e-8a3c-4219-947d-0d8f1ba2f7a6" testListId="8c84fa94-04c1-424b-9868-57a2d4851a1d" />
    <TestEntry testId="d24da34c-0d34-2590-d95b-e0116d6f942c" executionId="ad909e5d-a914-41ad-b78f-6290d819c71d" testListId="8c84fa94-04c1-424b-9868-57a2d4851a1d" />
    <TestEntry testId="467ca831-cf47-5aa9-42c8-daad472cdfba" executionId="c56044d8-ea68-40c3-8096-79886c2d7434" testListId="8c84fa94-04c1-424b-9868-57a2d4851a1d" />
    <TestEntry testId="77268d00-d2c9-9a52-fcd4-d53bd496a249" executionId="677046c5-3cd3-46d2-b1ce-fb4260d527a9" testListId="8c84fa94-04c1-424b-9868-57a2d4851a1d" />
    <TestEntry testId="6aa50352-d83b-8f8a-69da-5a029a534963" executionId="8d71fba4-48c2-449b-8a2c-50cb50be814f" testListId="8c84fa94-04c1-424b-9868-57a2d4851a1d" />
    <TestEntry testId="2042144a-7caf-5acf-2b3b-fa6707521a87" executionId="79918b84-7e8b-4d94-9653-77224f8f8989" testListId="8c84fa94-04c1-424b-9868-57a2d4851a1d" />
    <TestEntry testId="036b5a89-5647-523e-90bf-8e03e77997e6" executionId="0ed7b264-b8de-428e-ab34-ce01cbf5e368" testListId="8c84fa94-04c1-424b-9868-57a2d4851a1d" />
    <TestEntry testId="b9a29080-ec42-b042-e5af-960e13889232" executionId="a2b1068f-f807-434b-9957-ddf3468812c9" testListId="8c84fa94-04c1-424b-9868-57a2d4851a1d" />
    <TestEntry testId="4476bc64-4883-6028-5b86-c91784753dfd" executionId="4ceffa83-359a-459d-8a0e-08afd6be8fce" testListId="8c84fa94-04c1-424b-9868-57a2d4851a1d" />
    <TestEntry testId="ddc47ca6-2053-a137-c2c5-b69d737e4999" executionId="1ffccd66-dbed-46b9-81aa-c1faad397375" testListId="8c84fa94-04c1-424b-9868-57a2d4851a1d" />
    <TestEntry testId="657d3612-2c4f-ff11-6483-6e010f6ebe95" executionId="8597a1fe-8a4d-4941-aed0-47829889560f" testListId="8c84fa94-04c1-424b-9868-57a2d4851a1d" />
    <TestEntry testId="25f17044-7cc0-5b51-02f7-abfd576f7256" executionId="9d4826ca-18bd-497b-8777-cf50dc48bb93" testListId="8c84fa94-04c1-424b-9868-57a2d4851a1d" />
    <TestEntry testId="d29e3bfd-576b-da2d-0306-82c393281199" executionId="b8e9c656-3627-489b-a769-d3e60a29c26b" testListId="8c84fa94-04c1-424b-9868-57a2d4851a1d" />
    <TestEntry testId="664199b0-8e86-ba77-56b0-884c5d3c0f34" executionId="9d8c3ea6-4c13-4ed9-b37f-ed1a3ad79fcd" testListId="8c84fa94-04c1-424b-9868-57a2d4851a1d" />
    <TestEntry testId="be461a39-df25-f9f3-ba63-22d2c8a0cfee" executionId="a5a090b1-b720-4408-a75c-0214cfed0607" testListId="8c84fa94-04c1-424b-9868-57a2d4851a1d" />
    <TestEntry testId="0caf78ec-5a7e-ce2b-619f-96ab1cf20170" executionId="d3a9fd42-d604-4533-91e1-1097261b7f87" testListId="8c84fa94-04c1-424b-9868-57a2d4851a1d" />
  </TestEntries>
  <TestLists>
    <TestList name="Results Not in a List" id="8c84fa94-04c1-424b-9868-57a2d4851a1d" />
    <TestList name="All Loaded Results" id="19431567-8539-422a-85d7-44ee4e166bda" />
  </TestLists>
  <ResultSummary outcome="Completed">
    <Counters total="30" executed="30" passed="30" failed="0" error="0" timeout="0" aborted="0" inconclusive="0" passedButRunAborted="0" notRunnable="0" notExecuted="0" disconnected="0" warning="0" completed="0" inProgress="0" pending="0" />
    <Output>
      <StdOut>[xUnit.net 00:00:00.00] xUnit.net VSTest Adapter v2.8.2+699d445a1a (64-bit .NET 9.0.19)&#xD;
[xUnit.net 00:00:00.21]   Discovering: VirtualCompany.Web.Tests&#xD;
[xUnit.net 00:00:00.29]   Discovered:  VirtualCompany.Web.Tests&#xD;
[xUnit.net 00:00:00.29]   Starting:    VirtualCompany.Web.Tests&#xD;
[xUnit.net 00:00:00.61]   Finished:    VirtualCompany.Web.Tests&#xD;
</StdOut>
    </Output>
  </ResultSummary>
</TestRun>