<?xml version="1.0" encoding="utf-8"?>
<TestRun id="cacd976f-c6fb-4b92-b5b7-cac5d33150f4" name="Johan@DESKTOP-388F6FT 2026-09-01 16:52:51" runUser="DESKTOP-388F6FT\CodexSandboxOffline" xmlns="http://microsoft.com/schemas/VisualStudio/TeamTest/2010">
  <Times creation="2026-09-01T16:52:51.7755847+02:00" queuing="2026-09-01T16:52:51.7755852+02:00" start="2026-09-01T16:52:41.2104709+02:00" finish="2026-09-01T16:53:00.4494072+02:00" />
  <TestSettings name="default" id="44ef44f6-70de-4ae3-9cef-8ca263a0251e">
    <Deployment runDeploymentRoot="Johan_DESKTOP-388F6FT_2026-09-01_16_52_51" />
  </TestSettings>
  <Results>
    <UnitTestResult executionId="a72a1892-a12e-4ecd-8352-bb7a95ee54c4" testId="e506f843-8cc6-0320-2865-1195d1b3b322" testName="VirtualCompany.Api.Tests.FinanceReadEndpointsIntegrationTests.Finance_detail_endpoints_surface_route_drilldown_data_and_guard_linked_documents" computerName="DESKTOP-388F6FT" duration="00:00:01.3636278" startTime="2026-09-01T16:52:58.3420366+02:00" endTime="2026-09-01T16:52:58.3420368+02:00" testType="13cdc9d9-ddb5-4fa4-a97d-d965ccfc6d4b" outcome="Passed" testListId="8c84fa94-04c1-424b-9868-57a2d4851a1d" relativeResultsDirectory="a72a1892-a12e-4ecd-8352-bb7a95ee54c4" />
    <UnitTestResult executionId="665f7d18-e60a-4c71-a530-19e3a5d54310" testId="d5e3c89e-a2f7-1750-7a4d-c4d198abbd8f" testName="VirtualCompany.Api.Tests.FinanceReadEndpointsIntegrationTests.Finance_read_endpoint_returns_structured_not_initialized_response_without_triggering_seed_when_fallback_is_disabled" computerName="DESKTOP-388F6FT" duration="00:00:01.1648487" startTime="2026-09-01T16:52:59.5072150+02:00" endTime="2026-09-01T16:52:59.5072151+02:00" testType="13cdc9d9-ddb5-4fa4-a97d-d965ccfc6d4b" outcome="Passed" testListId="8c84fa94-04c1-424b-9868-57a2d4851a1d" relativeResultsDirectory="665f7d18-e60a-4c71-a530-19e3a5d54310" />
    <UnitTestResult executionId="2af48c0e-5858-404b-a9cb-d97a8b3f47cc" testId="d30f1933-c83e-989a-1ef8-3c38c3726b6b" testName="VirtualCompany.Api.Tests.FinanceReadEndpointsIntegrationTests.Invoice_review_detail_actions_follow_workflow_actionable_state" computerName="DESKTOP-388F6FT" duration="00:00:01.5134195" startTime="2026-09-01T16:52:56.9780993+02:00" endTime="2026-09-01T16:52:56.9780994+02:00" testType="13cdc9d9-ddb5-4fa4-a97d-d965ccfc6d4b" outcome="Passed" testListId="8c84fa94-04c1-424b-9868-57a2d4851a1d" relativeResultsDirectory="2af48c0e-5858-404b-a9cb-d97a8b3f47cc" />
    <UnitTestResult executionId="073a6e87-7317-4495-94a9-6565fa438090" testId="605a999c-f5dc-e01d-cb13-2035e6fe01a6" testName="VirtualCompany.Api.Tests.FinanceSummaryUiContractIntegrationTests.Finance_summary_service_produces_error_state_inputs_when_finance_access_is_forbidden" computerName="DESKTOP-388F6FT" duration="00:00:01.7022236" startTime="2026-09-01T16:52:55.6591830+02:00" endTime="2026-09-01T16:52:55.6591832+02:00" testType="13cdc9d9-ddb5-4fa4-a97d-d965ccfc6d4b" outcome="Passed" testListId="8c84fa94-04c1-424b-9868-57a2d4851a1d" relativeResultsDirectory="073a6e87-7317-4495-94a9-6565fa438090" />
    <UnitTestResult executionId="2e23e81e-8ea2-4df5-9a19-781e1bd7ed21" testId="4e1dfbb0-1077-ef22-7627-ccaab91783e6" testName="VirtualCompany.Api.Tests.FinanceInvoiceDetailMappingIntegrationTests.Invoice_detail_maps_workflow_context_and_missing_document_status_without_blocking_rendering" computerName="DESKTOP-388F6FT" duration="00:00:02.1564580" startTime="2026-09-01T16:52:56.0108158+02:00" endTime="2026-09-01T16:52:56.0108159+02:00" testType="13cdc9d9-ddb5-4fa4-a97d-d965ccfc6d4b" outcome="Passed" testListId="8c84fa94-04c1-424b-9868-57a2d4851a1d" relativeResultsDirectory="2e23e81e-8ea2-4df5-9a19-781e1bd7ed21" />
    <UnitTestResult executionId="82b69932-1166-46f5-854a-ff963e919a23" testId="e0521554-5abb-42f5-19ab-d8184c60aa2a" testName="VirtualCompany.Api.Tests.FinanceSummaryUiContractIntegrationTests.Finance_summary_service_and_presenter_match_backend_values_for_the_active_tenant" computerName="DESKTOP-388F6FT" duration="00:00:02.0752215" startTime="2026-09-01T16:52:53.9566322+02:00" endTime="2026-09-01T16:52:53.9566323+02:00" testType="13cdc9d9-ddb5-4fa4-a97d-d965ccfc6d4b" outcome="Passed" testListId="8c84fa94-04c1-424b-9868-57a2d4851a1d" relativeResultsDirectory="82b69932-1166-46f5-854a-ff963e919a23" />
    <UnitTestResult executionId="36a0b4cf-3472-43cb-a73b-74f9f3fff5da" testId="1f0b1faa-5c92-062c-d94f-eec19d7c79ba" testName="VirtualCompany.Api.Tests.FinanceReadEndpointsIntegrationTests.Finance_read_endpoint_returns_structured_not_initialized_response_and_requests_fallback_seed" computerName="DESKTOP-388F6FT" duration="00:00:01.6126114" startTime="2026-09-01T16:52:55.4644151+02:00" endTime="2026-09-01T16:52:55.4644152+02:00" testType="13cdc9d9-ddb5-4fa4-a97d-d965ccfc6d4b" outcome="Passed" testListId="8c84fa94-04c1-424b-9868-57a2d4851a1d" relativeResultsDirectory="36a0b4cf-3472-43cb-a73b-74f9f3fff5da" />
    <UnitTestResult executionId="fdf4ca18-10da-40c2-9468-0e06a7981869" testId="3eefbce6-0f7c-12fb-c348-ee1805739077" testName="VirtualCompany.Api.Tests.FinanceTransactionDetailMappingIntegrationTests.Transaction_list_and_detail_map_summary_fields_and_available_document_metadata_end_to_end" computerName="DESKTOP-388F6FT" duration="00:00:01.9523874" startTime="2026-09-01T16:52:53.7124117+02:00" endTime="2026-09-01T16:52:53.7124119+02:00" testType="13cdc9d9-ddb5-4fa4-a97d-d965ccfc6d4b" outcome="Passed" testListId="8c84fa94-04c1-424b-9868-57a2d4851a1d" relativeResultsDirectory="fdf4ca18-10da-40c2-9468-0e06a7981869" />
    <UnitTestResult executionId="e7734706-7d3e-452f-b560-74fcd05e320e" testId="4fbdaf03-06f0-8106-f2d7-ee7d4ad4a171" testName="VirtualCompany.Api.Tests.FinanceReadEndpointsIntegrationTests.Internal_finance_read_endpoints_return_typed_company_scoped_payloads" computerName="DESKTOP-388F6FT" duration="00:00:09.7911957" startTime="2026-09-01T16:52:52.4123208+02:00" endTime="2026-09-01T16:52:52.4123212+02:00" testType="13cdc9d9-ddb5-4fa4-a97d-d965ccfc6d4b" outcome="Passed" testListId="8c84fa94-04c1-424b-9868-57a2d4851a1d" relativeResultsDirectory="e7734706-7d3e-452f-b560-74fcd05e320e" />
    <UnitTestResult executionId="8e510eb1-de7c-4157-8037-249f1dbd886a" testId="ccef24d7-6e91-ac39-17cb-eb7e04974419" testName="VirtualCompany.Api.Tests.FinanceReadEndpointsIntegrationTests.Finance_review_listing_returns_structured_not_initialized_response_instead_of_server_error" computerName="DESKTOP-388F6FT" duration="00:00:01.4387832" startTime="2026-09-01T16:52:53.8515032+02:00" endTime="2026-09-01T16:52:53.8515034+02:00" testType="13cdc9d9-ddb5-4fa4-a97d-d965ccfc6d4b" outcome="Passed" testListId="8c84fa94-04c1-424b-9868-57a2d4851a1d" relativeResultsDirectory="8e510eb1-de7c-4157-8037-249f1dbd886a" />
    <UnitTestResult executionId="0c343637-eca1-43c0-908e-7ec1b19e2705" testId="73b28ab8-1656-b4f8-3cb0-b2632e16f46b" testName="VirtualCompany.Api.Tests.FinanceInvoiceDetailMappingIntegrationTests.Invoice_list_and_detail_map_summary_fields_and_available_document_metadata_end_to_end" computerName="DESKTOP-388F6FT" duration="00:00:01.8938288" startTime="2026-09-01T16:52:53.8539851+02:00" endTime="2026-09-01T16:52:53.8539854+02:00" testType="13cdc9d9-ddb5-4fa4-a97d-d965ccfc6d4b" outcome="Passed" testListId="8c84fa94-04c1-424b-9868-57a2d4851a1d" relativeResultsDirectory="0c343637-eca1-43c0-908e-7ec1b19e2705" />
    <UnitTestResult executionId="eee8136f-2d45-4634-821c-97d28fc47ec4" testId="e5cd2dde-e0d6-b6f8-63dd-32975e7d96bc" testName="VirtualCompany.Api.Tests.FinanceSummaryUiContractIntegrationTests.Finance_summary_presenters_surface_empty_states_when_the_backend_returns_no_tenant_data" computerName="DESKTOP-388F6FT" duration="00:00:09.2599634" startTime="2026-09-01T16:52:51.8811236+02:00" endTime="2026-09-01T16:52:51.8811237+02:00" testType="13cdc9d9-ddb5-4fa4-a97d-d965ccfc6d4b" outcome="Passed" testListId="8c84fa94-04c1-424b-9868-57a2d4851a1d" relativeResultsDirectory="eee8136f-2d45-4634-821c-97d28fc47ec4" />
    <UnitTestResult executionId="7884c6a8-d950-4ae7-9f4c-39db898b4595" testId="6024fb8f-76a8-df6c-de11-8f70ed488a2a" testName="VirtualCompany.Api.Tests.FinanceInvoiceDetailMappingIntegrationTests.Invoice_detail_hides_inaccessible_navigation_and_remains_tenant_scoped" computerName="DESKTOP-388F6FT" duration="00:00:09.3386436" startTime="2026-09-01T16:52:51.9598129+02:00" endTime="2026-09-01T16:52:51.9598130+02:00" testType="13cdc9d9-ddb5-4fa4-a97d-d965ccfc6d4b" outcome="Passed" testListId="8c84fa94-04c1-424b-9868-57a2d4851a1d" relativeResultsDirectory="7884c6a8-d950-4ae7-9f4c-39db898b4595" />
    <UnitTestResult executionId="6a999860-bcf7-4b60-b1f2-8441134372e9" testId="d447b11a-9fab-69e5-5557-d8a180bd4bbf" testName="VirtualCompany.Api.Tests.FinanceTransactionDetailMappingIntegrationTests.Transaction_detail_is_tenant_scoped" computerName="DESKTOP-388F6FT" duration="00:00:09.1356293" startTime="2026-09-01T16:52:51.7592944+02:00" endTime="2026-09-01T16:52:51.7593023+02:00" testType="13cdc9d9-ddb5-4fa4-a97d-d965ccfc6d4b" outcome="Passed" testListId="8c84fa94-04c1-424b-9868-57a2d4851a1d" relativeResultsDirectory="6a999860-bcf7-4b60-b1f2-8441134372e9" />
    <UnitTestResult executionId="405633d6-fe52-4258-a183-2e743046daa0" testId="a91797c9-1481-6335-327d-6c214ecf8599" testName="VirtualCompany.Api.Tests.FinanceTransactionDetailMappingIntegrationTests.Transaction_detail_surfaces_missing_and_inaccessible_document_states_without_blocking_rendering" computerName="DESKTOP-388F6FT" duration="00:00:01.7864391" startTime="2026-09-01T16:52:55.4992348+02:00" endTime="2026-09-01T16:52:55.4992350+02:00" testType="13cdc9d9-ddb5-4fa4-a97d-d965ccfc6d4b" outcome="Passed" testListId="8c84fa94-04c1-424b-9868-57a2d4851a1d" relativeResultsDirectory="405633d6-fe52-4258-a183-2e743046daa0" />
    <UnitTestResult executionId="4ffd8447-24df-4301-8b0a-f828831b9ded" testId="826cdd73-77ba-5149-2cd8-3935e5ce8ba0" testName="VirtualCompany.Api.Tests.FinanceReadEndpointsIntegrationTests.Finance_seeding_state_endpoint_uses_metadata_fast_path_when_complete_metadata_is_self_consistent" computerName="DESKTOP-388F6FT" duration="00:00:00.8470562" startTime="2026-09-01T16:53:00.3545776+02:00" endTime="2026-09-01T16:53:00.3545779+02:00" testType="13cdc9d9-ddb5-4fa4-a97d-d965ccfc6d4b" outcome="Passed" testListId="8c84fa94-04c1-424b-9868-57a2d4851a1d" relativeResultsDirectory="4ffd8447-24df-4301-8b0a-f828831b9ded" />
  </Results>
  <TestDefinitions>
    <UnitTest name="VirtualCompany.Api.Tests.FinanceReadEndpointsIntegrationTests.Internal_finance_read_endpoints_return_typed_company_scoped_payloads" storage="c:\users\johan\source\repos\virtual company\tests\virtualcompany.web.contract.tests\bin\release\net9.0\virtualcompany.web.contract.tests.dll" id="4fbdaf03-06f0-8106-f2d7-ee7d4ad4a171">
      <Execution id="e7734706-7d3e-452f-b560-74fcd05e320e" />
      <TestMethod codeBase="C:\Users\Johan\source\repos\Virtual Company\tests\VirtualCompany.Web.Contract.Tests\bin\Release\net9.0\VirtualCompany.Web.Contract.Tests.dll" adapterTypeName="executor://xunit/VsTestRunner2/netcoreapp" className="VirtualCompany.Api.Tests.FinanceReadEndpointsIntegrationTests" name="Internal_finance_read_endpoints_return_typed_company_scoped_payloads" />
    </UnitTest>
    <UnitTest name="VirtualCompany.Api.Tests.FinanceSummaryUiContractIntegrationTests.Finance_summary_service_and_presenter_match_backend_values_for_the_active_tenant" storage="c:\users\johan\source\repos\virtual company\tests\virtualcompany.web.contract.tests\bin\release\net9.0\virtualcompany.web.contract.tests.dll" id="e0521554-5abb-42f5-19ab-d8184c60aa2a">
      <Execution id="82b69932-1166-46f5-854a-ff963e919a23" />
      <TestMethod codeBase="C:\Users\Johan\source\repos\Virtual Company\tests\VirtualCompany.Web.Contract.Tests\bin\Release\net9.0\VirtualCompany.Web.Contract.Tests.dll" adapterTypeName="executor://xunit/VsTestRunner2/netcoreapp" className="VirtualCompany.Api.Tests.FinanceSummaryUiContractIntegrationTests" name="Finance_summary_service_and_presenter_match_backend_values_for_the_active_tenant" />
    </UnitTest>
    <UnitTest name="VirtualCompany.Api.Tests.FinanceReadEndpointsIntegrationTests.Finance_detail_endpoints_surface_route_drilldown_data_and_guard_linked_documents" storage="c:\users\johan\source\repos\virtual company\tests\virtualcompany.web.contract.tests\bin\release\net9.0\virtualcompany.web.contract.tests.dll" id="e506f843-8cc6-0320-2865-1195d1b3b322">
      <Execution id="a72a1892-a12e-4ecd-8352-bb7a95ee54c4" />
      <TestMethod codeBase="C:\Users\Johan\source\repos\Virtual Company\tests\VirtualCompany.Web.Contract.Tests\bin\Release\net9.0\VirtualCompany.Web.Contract.Tests.dll" adapterTypeName="executor://xunit/VsTestRunner2/netcoreapp" className="VirtualCompany.Api.Tests.FinanceReadEndpointsIntegrationTests" name="Finance_detail_endpoints_surface_route_drilldown_data_and_guard_linked_documents" />
    </UnitTest>
    <UnitTest name="VirtualCompany.Api.Tests.FinanceSummaryUiContractIntegrationTests.Finance_summary_presenters_surface_empty_states_when_the_backend_returns_no_tenant_data" storage="c:\users\johan\source\repos\virtual company\tests\virtualcompany.web.contract.tests\bin\release\net9.0\virtualcompany.web.contract.tests.dll" id="e5cd2dde-e0d6-b6f8-63dd-32975e7d96bc">
      <Execution id="eee8136f-2d45-4634-821c-97d28fc47ec4" />
      <TestMethod codeBase="C:\Users\Johan\source\repos\Virtual Company\tests\VirtualCompany.Web.Contract.Tests\bin\Release\net9.0\VirtualCompany.Web.Contract.Tests.dll" adapterTypeName="executor://xunit/VsTestRunner2/netcoreapp" className="VirtualCompany.Api.Tests.FinanceSummaryUiContractIntegrationTests" name="Finance_summary_presenters_surface_empty_states_when_the_backend_returns_no_tenant_data" />
    </UnitTest>
    <UnitTest name="VirtualCompany.Api.Tests.FinanceTransactionDetailMappingIntegrationTests.Transaction_list_and_detail_map_summary_fields_and_available_document_metadata_end_to_end" storage="c:\users\johan\source\repos\virtual company\tests\virtualcompany.web.contract.tests\bin\release\net9.0\virtualcompany.web.contract.tests.dll" id="3eefbce6-0f7c-12fb-c348-ee1805739077">
      <Execution id="fdf4ca18-10da-40c2-9468-0e06a7981869" />
      <TestMethod codeBase="C:\Users\Johan\source\repos\Virtual Company\tests\VirtualCompany.Web.Contract.Tests\bin\Release\net9.0\VirtualCompany.Web.Contract.Tests.dll" adapterTypeName="executor://xunit/VsTestRunner2/netcoreapp" className="VirtualCompany.Api.Tests.FinanceTransactionDetailMappingIntegrationTests" name="Transaction_list_and_detail_map_summary_fields_and_available_document_metadata_end_to_end" />
    </UnitTest>
    <UnitTest name="VirtualCompany.Api.Tests.FinanceReadEndpointsIntegrationTests.Finance_seeding_state_endpoint_uses_metadata_fast_path_when_complete_metadata_is_self_consistent" storage="c:\users\johan\source\repos\virtual company\tests\virtualcompany.web.contract.tests\bin\release\net9.0\virtualcompany.web.contract.tests.dll" id="826cdd73-77ba-5149-2cd8-3935e5ce8ba0">
      <Execution id="4ffd8447-24df-4301-8b0a-f828831b9ded" />
      <TestMethod codeBase="C:\Users\Johan\source\repos\Virtual Company\tests\VirtualCompany.Web.Contract.Tests\bin\Release\net9.0\VirtualCompany.Web.Contract.Tests.dll" adapterTypeName="executor://xunit/VsTestRunner2/netcoreapp" className="VirtualCompany.Api.Tests.FinanceReadEndpointsIntegrationTests" name="Finance_seeding_state_endpoint_uses_metadata_fast_path_when_complete_metadata_is_self_consistent" />
    </UnitTest>
    <UnitTest name="VirtualCompany.Api.Tests.FinanceSummaryUiContractIntegrationTests.Finance_summary_service_produces_error_state_inputs_when_finance_access_is_forbidden" storage="c:\users\johan\source\repos\virtual company\tests\virtualcompany.web.contract.tests\bin\release\net9.0\virtualcompany.web.contract.tests.dll" id="605a999c-f5dc-e01d-cb13-2035e6fe01a6">
      <Execution id="073a6e87-7317-4495-94a9-6565fa438090" />
      <TestMethod codeBase="C:\Users\Johan\source\repos\Virtual Company\tests\VirtualCompany.Web.Contract.Tests\bin\Release\net9.0\VirtualCompany.Web.Contract.Tests.dll" adapterTypeName="executor://xunit/VsTestRunner2/netcoreapp" className="VirtualCompany.Api.Tests.FinanceSummaryUiContractIntegrationTests" name="Finance_summary_service_produces_error_state_inputs_when_finance_access_is_forbidden" />
    </UnitTest>
    <UnitTest name="VirtualCompany.Api.Tests.FinanceReadEndpointsIntegrationTests.Finance_read_endpoint_returns_structured_not_initialized_response_and_requests_fallback_seed" storage="c:\users\johan\source\repos\virtual company\tests\virtualcompany.web.contract.tests\bin\release\net9.0\virtualcompany.web.contract.tests.dll" id="1f0b1faa-5c92-062c-d94f-eec19d7c79ba">
      <Execution id="36a0b4cf-3472-43cb-a73b-74f9f3fff5da" />
      <TestMethod codeBase="C:\Users\Johan\source\repos\Virtual Company\tests\VirtualCompany.Web.Contract.Tests\bin\Release\net9.0\VirtualCompany.Web.Contract.Tests.dll" adapterTypeName="executor://xunit/VsTestRunner2/netcoreapp" className="VirtualCompany.Api.Tests.FinanceReadEndpointsIntegrationTests" name="Finance_read_endpoint_returns_structured_not_initialized_response_and_requests_fallback_seed" />
    </UnitTest>
    <UnitTest name="VirtualCompany.Api.Tests.FinanceTransactionDetailMappingIntegrationTests.Transaction_detail_surfaces_missing_and_inaccessible_document_states_without_blocking_rendering" storage="c:\users\johan\source\repos\virtual company\tests\virtualcompany.web.contract.tests\bin\release\net9.0\virtualcompany.web.contract.tests.dll" id="a91797c9-1481-6335-327d-6c214ecf8599">
      <Execution id="405633d6-fe52-4258-a183-2e743046daa0" />
      <TestMethod codeBase="C:\Users\Johan\source\repos\Virtual Company\tests\VirtualCompany.Web.Contract.Tests\bin\Release\net9.0\VirtualCompany.Web.Contract.Tests.dll" adapterTypeName="executor://xunit/VsTestRunner2/netcoreapp" className="VirtualCompany.Api.Tests.FinanceTransactionDetailMappingIntegrationTests" name="Transaction_detail_surfaces_missing_and_inaccessible_document_states_without_blocking_rendering" />
    </UnitTest>
    <UnitTest name="VirtualCompany.Api.Tests.FinanceReadEndpointsIntegrationTests.Finance_read_endpoint_returns_structured_not_initialized_response_without_triggering_seed_when_fallback_is_disabled" storage="c:\users\johan\source\repos\virtual company\tests\virtualcompany.web.contract.tests\bin\release\net9.0\virtualcompany.web.contract.tests.dll" id="d5e3c89e-a2f7-1750-7a4d-c4d198abbd8f">
      <Execution id="665f7d18-e60a-4c71-a530-19e3a5d54310" />
      <TestMethod codeBase="C:\Users\Johan\source\repos\Virtual Company\tests\VirtualCompany.Web.Contract.Tests\bin\Release\net9.0\VirtualCompany.Web.Contract.Tests.dll" adapterTypeName="executor://xunit/VsTestRunner2/netcoreapp" className="VirtualCompany.Api.Tests.FinanceReadEndpointsIntegrationTests" name="Finance_read_endpoint_returns_structured_not_initialized_response_without_triggering_seed_when_fallback_is_disabled" />
    </UnitTest>
    <UnitTest name="VirtualCompany.Api.Tests.FinanceInvoiceDetailMappingIntegrationTests.Invoice_detail_maps_workflow_context_and_missing_document_status_without_blocking_rendering" storage="c:\users\johan\source\repos\virtual company\tests\virtualcompany.web.contract.tests\bin\release\net9.0\virtualcompany.web.contract.tests.dll" id="4e1dfbb0-1077-ef22-7627-ccaab91783e6">
      <Execution id="2e23e81e-8ea2-4df5-9a19-781e1bd7ed21" />
      <TestMethod codeBase="C:\Users\Johan\source\repos\Virtual Company\tests\VirtualCompany.Web.Contract.Tests\bin\Release\net9.0\VirtualCompany.Web.Contract.Tests.dll" adapterTypeName="executor://xunit/VsTestRunner2/netcoreapp" className="VirtualCompany.Api.Tests.FinanceInvoiceDetailMappingIntegrationTests" name="Invoice_detail_maps_workflow_context_and_missing_document_status_without_blocking_rendering" />
    </UnitTest>
    <UnitTest name="VirtualCompany.Api.Tests.FinanceTransactionDetailMappingIntegrationTests.Transaction_detail_is_tenant_scoped" storage="c:\users\johan\source\repos\virtual company\tests\virtualcompany.web.contract.tests\bin\release\net9.0\virtualcompany.web.contract.tests.dll" id="d447b11a-9fab-69e5-5557-d8a180bd4bbf">
      <Execution id="6a999860-bcf7-4b60-b1f2-8441134372e9" />
      <TestMethod codeBase="C:\Users\Johan\source\repos\Virtual Company\tests\VirtualCompany.Web.Contract.Tests\bin\Release\net9.0\VirtualCompany.Web.Contract.Tests.dll" adapterTypeName="executor://xunit/VsTestRunner2/netcoreapp" className="VirtualCompany.Api.Tests.FinanceTransactionDetailMappingIntegrationTests" name="Transaction_detail_is_tenant_scoped" />
    </UnitTest>
    <UnitTest name="VirtualCompany.Api.Tests.FinanceReadEndpointsIntegrationTests.Finance_review_listing_returns_structured_not_initialized_response_instead_of_server_error" storage="c:\users\johan\source\repos\virtual company\tests\virtualcompany.web.contract.tests\bin\release\net9.0\virtualcompany.web.contract.tests.dll" id="ccef24d7-6e91-ac39-17cb-eb7e04974419">
      <Execution id="8e510eb1-de7c-4157-8037-249f1dbd886a" />
      <TestMethod codeBase="C:\Users\Johan\source\repos\Virtual Company\tests\VirtualCompany.Web.Contract.Tests\bin\Release\net9.0\VirtualCompany.Web.Contract.Tests.dll" adapterTypeName="executor://xunit/VsTestRunner2/netcoreapp" className="VirtualCompany.Api.Tests.FinanceReadEndpointsIntegrationTests" name="Finance_review_listing_returns_structured_not_initialized_response_instead_of_server_error" />
    </UnitTest>
    <UnitTest name="VirtualCompany.Api.Tests.FinanceReadEndpointsIntegrationTests.Invoice_review_detail_actions_follow_workflow_actionable_state" storage="c:\users\johan\source\repos\virtual company\tests\virtualcompany.web.contract.tests\bin\release\net9.0\virtualcompany.web.contract.tests.dll" id="d30f1933-c83e-989a-1ef8-3c38c3726b6b">
      <Execution id="2af48c0e-5858-404b-a9cb-d97a8b3f47cc" />
      <TestMethod codeBase="C:\Users\Johan\source\repos\Virtual Company\tests\VirtualCompany.Web.Contract.Tests\bin\Release\net9.0\VirtualCompany.Web.Contract.Tests.dll" adapterTypeName="executor://xunit/VsTestRunner2/netcoreapp" className="VirtualCompany.Api.Tests.FinanceReadEndpointsIntegrationTests" name="Invoice_review_detail_actions_follow_workflow_actionable_state" />
    </UnitTest>
    <UnitTest name="VirtualCompany.Api.Tests.FinanceInvoiceDetailMappingIntegrationTests.Invoice_list_and_detail_map_summary_fields_and_available_document_metadata_end_to_end" storage="c:\users\johan\source\repos\virtual company\tests\virtualcompany.web.contract.tests\bin\release\net9.0\virtualcompany.web.contract.tests.dll" id="73b28ab8-1656-b4f8-3cb0-b2632e16f46b">
      <Execution id="0c343637-eca1-43c0-908e-7ec1b19e2705" />
      <TestMethod codeBase="C:\Users\Johan\source\repos\Virtual Company\tests\VirtualCompany.Web.Contract.Tests\bin\Release\net9.0\VirtualCompany.Web.Contract.Tests.dll" adapterTypeName="executor://xunit/VsTestRunner2/netcoreapp" className="VirtualCompany.Api.Tests.FinanceInvoiceDetailMappingIntegrationTests" name="Invoice_list_and_detail_map_summary_fields_and_available_document_metadata_end_to_end" />
    </UnitTest>
    <UnitTest name="VirtualCompany.Api.Tests.FinanceInvoiceDetailMappingIntegrationTests.Invoice_detail_hides_inaccessible_navigation_and_remains_tenant_scoped" storage="c:\users\johan\source\repos\virtual company\tests\virtualcompany.web.contract.tests\bin\release\net9.0\virtualcompany.web.contract.tests.dll" id="6024fb8f-76a8-df6c-de11-8f70ed488a2a">
      <Execution id="7884c6a8-d950-4ae7-9f4c-39db898b4595" />
      <TestMethod codeBase="C:\Users\Johan\source\repos\Virtual Company\tests\VirtualCompany.Web.Contract.Tests\bin\Release\net9.0\VirtualCompany.Web.Contract.Tests.dll" adapterTypeName="executor://xunit/VsTestRunner2/netcoreapp" className="VirtualCompany.Api.Tests.FinanceInvoiceDetailMappingIntegrationTests" name="Invoice_detail_hides_inaccessible_navigation_and_remains_tenant_scoped" />
    </UnitTest>
  </TestDefinitions>
  <TestEntries>
    <TestEntry testId="e506f843-8cc6-0320-2865-1195d1b3b322" executionId="a72a1892-a12e-4ecd-8352-bb7a95ee54c4" testListId="8c84fa94-04c1-424b-9868-57a2d4851a1d" />
    <TestEntry testId="d5e3c89e-a2f7-1750-7a4d-c4d198abbd8f" executionId="665f7d18-e60a-4c71-a530-19e3a5d54310" testListId="8c84fa94-04c1-424b-9868-57a2d4851a1d" />
    <TestEntry testId="d30f1933-c83e-989a-1ef8-3c38c3726b6b" executionId="2af48c0e-5858-404b-a9cb-d97a8b3f47cc" testListId="8c84fa94-04c1-424b-9868-57a2d4851a1d" />
    <TestEntry testId="605a999c-f5dc-e01d-cb13-2035e6fe01a6" executionId="073a6e87-7317-4495-94a9-6565fa438090" testListId="8c84fa94-04c1-424b-9868-57a2d4851a1d" />
    <TestEntry testId="4e1dfbb0-1077-ef22-7627-ccaab91783e6" executionId="2e23e81e-8ea2-4df5-9a19-781e1bd7ed21" testListId="8c84fa94-04c1-424b-9868-57a2d4851a1d" />
    <TestEntry testId="e0521554-5abb-42f5-19ab-d8184c60aa2a" executionId="82b69932-1166-46f5-854a-ff963e919a23" testListId="8c84fa94-04c1-424b-9868-57a2d4851a1d" />
    <TestEntry testId="1f0b1faa-5c92-062c-d94f-eec19d7c79ba" executionId="36a0b4cf-3472-43cb-a73b-74f9f3fff5da" testListId="8c84fa94-04c1-424b-9868-57a2d4851a1d" />
    <TestEntry testId="3eefbce6-0f7c-12fb-c348-ee1805739077" executionId="fdf4ca18-10da-40c2-9468-0e06a7981869" testListId="8c84fa94-04c1-424b-9868-57a2d4851a1d" />
    <TestEntry testId="4fbdaf03-06f0-8106-f2d7-ee7d4ad4a171" executionId="e7734706-7d3e-452f-b560-74fcd05e320e" testListId="8c84fa94-04c1-424b-9868-57a2d4851a1d" />
    <TestEntry testId="ccef24d7-6e91-ac39-17cb-eb7e04974419" executionId="8e510eb1-de7c-4157-8037-249f1dbd886a" testListId="8c84fa94-04c1-424b-9868-57a2d4851a1d" />
    <TestEntry testId="73b28ab8-1656-b4f8-3cb0-b2632e16f46b" executionId="0c343637-eca1-43c0-908e-7ec1b19e2705" testListId="8c84fa94-04c1-424b-9868-57a2d4851a1d" />
    <TestEntry testId="e5cd2dde-e0d6-b6f8-63dd-32975e7d96bc" executionId="eee8136f-2d45-4634-821c-97d28fc47ec4" testListId="8c84fa94-04c1-424b-9868-57a2d4851a1d" />
    <TestEntry testId="6024fb8f-76a8-df6c-de11-8f70ed488a2a" executionId="7884c6a8-d950-4ae7-9f4c-39db898b4595" testListId="8c84fa94-04c1-424b-9868-57a2d4851a1d" />
    <TestEntry testId="d447b11a-9fab-69e5-5557-d8a180bd4bbf" executionId="6a999860-bcf7-4b60-b1f2-8441134372e9" testListId="8c84fa94-04c1-424b-9868-57a2d4851a1d" />
    <TestEntry testId="a91797c9-1481-6335-327d-6c214ecf8599" executionId="405633d6-fe52-4258-a183-2e743046daa0" testListId="8c84fa94-04c1-424b-9868-57a2d4851a1d" />
    <TestEntry testId="826cdd73-77ba-5149-2cd8-3935e5ce8ba0" executionId="4ffd8447-24df-4301-8b0a-f828831b9ded" testListId="8c84fa94-04c1-424b-9868-57a2d4851a1d" />
  </TestEntries>
  <TestLists>
    <TestList name="Results Not in a List" id="8c84fa94-04c1-424b-9868-57a2d4851a1d" />
    <TestList name="All Loaded Results" id="19431567-8539-422a-85d7-44ee4e166bda" />
  </TestLists>
  <ResultSummary outcome="Completed">
    <Counters total="16" executed="16" passed="16" failed="0" error="0" timeout="0" aborted="0" inconclusive="0" passedButRunAborted="0" notRunnable="0" notExecuted="0" disconnected="0" warning="0" completed="0" inProgress="0" pending="0" />
    <Output>
      <StdOut>[xUnit.net 00:00:00.00] xUnit.net VSTest Adapter v2.8.2+699d445a1a (64-bit .NET 9.0.19)&#xD;
[xUnit.net 00:00:00.74]   Discovering: VirtualCompany.Web.Contract.Tests&#xD;
[xUnit.net 00:00:00.89]   Discovered:  VirtualCompany.Web.Contract.Tests&#xD;
[xUnit.net 00:00:00.89]   Starting:    VirtualCompany.Web.Contract.Tests&#xD;
info: DatabaseInitializationService[0]&#xD;
      Database initialization is disabled for this host.&#xD;
info: DatabaseInitializationService[0]&#xD;
      Database initialization is disabled for this host.&#xD;
info: DatabaseInitializationService[0]&#xD;
      Database initialization is disabled for this host.&#xD;
info: DatabaseInitializationService[0]&#xD;
      Database initialization is disabled for this host.&#xD;
warn: Microsoft.EntityFrameworkCore.Model.Validation[10622]&#xD;
      Entity 'BankTransaction' has a global query filter defined and is the required end of a relationship with the entity 'BankReconciliationFollowUp'. This may lead to unexpected results when the required entity is filtered out. Either configure the navigation as optional, or define matching query filters for both entities in the navigation. See https://go.microsoft.com/fwlink/?linkid=2131316 for more information.&#xD;
warn: Microsoft.EntityFrameworkCore.Model.Validation[10622]&#xD;
      Entity 'CompanyBankAccount' has a global query filter defined and is the required end of a relationship with the entity 'BankStatementImport'. This may lead to unexpected results when the required entity is filtered out. Either configure the navigation as optional, or define matching query filters for both entities in the navigation. See https://go.microsoft.com/fwlink/?linkid=2131316 for more information.&#xD;
warn: Microsoft.EntityFrameworkCore.Model.Validation[10622]&#xD;
      Entity 'CompanyBankAccount' has a global query filter defined and is the required end of a relationship with the entity 'BankStatementImportJob'. This may lead to unexpected results when the required entity is filtered out. Either configure the navigation as optional, or define matching query filters for both entities in the navigation. See https://go.microsoft.com/fwlink/?linkid=2131316 for more information.&#xD;
warn: Microsoft.EntityFrameworkCore.Model.Validation[10622]&#xD;
      Entity 'BankTransaction' has a global query filter defined and is the required end of a relationship with the entity 'BankStatementImportRow'. This may lead to unexpected results when the required entity is filtered out. Either configure the navigation as optional, or define matching query filters for both entities in the navigation. See https://go.microsoft.com/fwlink/?linkid=2131316 for more information.&#xD;
warn: Microsoft.EntityFrameworkCore.Model.Validation[10622]&#xD;
      Entity 'OperatingInitiative' has a global query filter defined and is the required end of a relationship with the entity 'OperatingDispatch'. This may lead to unexpected results when the required entity is filtered out. Either configure the navigation as optional, or define matching query filters for both entities in the navigation. See https://go.microsoft.com/fwlink/?linkid=2131316 for more information.&#xD;
warn: Microsoft.EntityFrameworkCore.Model.Validation[10622]&#xD;
      Entity 'Agent' has a global query filter defined and is the required end of a relationship with the entity 'OperatingInitiativeCollaborator'. This may lead to unexpected results when the required entity is filtered out. Either configure the navigation as optional, or define matching query filters for both entities in the navigation. See https://go.microsoft.com/fwlink/?linkid=2131316 for more information.&#xD;
warn: Microsoft.EntityFrameworkCore.Model.Validation[20601]&#xD;
      The 'SalesMeetingConfirmationStatus' property 'ConfirmationStatus' on entity type 'SalesMeetingInvitation' is configured with a database-generated default, but has no configured sentinel value. The database-generated default will always be used for inserts when the property has the value '0', since this is the CLR default for the 'SalesMeetingConfirmationStatus' type. Consider using a nullable type, using a nullable backing field, or setting the sentinel value for the property to ensure the database default is used when, and only when, appropriate. See https://aka.ms/efcore-docs-default-values for more information.&#xD;
info: VirtualCompany.Infrastructure.Companies.ExecutiveCockpitDashboardCache[0]&#xD;
      Invalidated executive cockpit cache namespace for company acc4e885-267a-4df9-b103-135dc85a9c5b from trigger direct; lag 1.684 ms.&#xD;
info: VirtualCompany.Infrastructure.Companies.ExecutiveCockpitDashboardCache[0]&#xD;
      Invalidated executive cockpit cache namespace for company c1970aa1-aa7a-4549-9a1c-3d494b1acdcc from trigger direct; lag 1.6806 ms.&#xD;
info: VirtualCompany.Infrastructure.Companies.ExecutiveCockpitDashboardCache[0]&#xD;
      Invalidated executive cockpit cache namespace for company ed46a28e-adab-46c7-b251-b902d2fec8fd from trigger direct; lag 1.7016 ms.&#xD;
info: VirtualCompany.Infrastructure.Companies.ExecutiveCockpitDashboardCache[0]&#xD;
      Invalidated executive cockpit cache namespace for company d1cddbd8-ef66-4017-9b27-42c5bee7bcdc from trigger direct; lag 1.7084 ms.&#xD;
info: VirtualCompany.Infrastructure.Companies.ExecutiveCockpitDashboardCache[0]&#xD;
      Invalidated executive cockpit cache namespace for company 13176cbb-06e6-40ef-98c2-6e8fde90342a from trigger direct; lag 0.0053 ms.&#xD;
info: VirtualCompany.Infrastructure.Companies.ExecutiveCockpitDashboardCache[0]&#xD;
      Invalidated executive cockpit cache namespace for company 7a3531ee-4cad-48f4-a0ce-41bdef5e0188 from trigger direct; lag 0.0057 ms.&#xD;
info: VirtualCompany.Infrastructure.Companies.ExecutiveCockpitDashboardCache[0]&#xD;
      Invalidated executive cockpit cache namespace for company 2e727576-1979-4e04-b2b9-47dabf459703 from trigger direct; lag 0.0057 ms.&#xD;
info: VirtualCompany.Infrastructure.Companies.ExecutiveCockpitDashboardCache[0]&#xD;
      Invalidated executive cockpit cache namespace for company 33faad47-92aa-4a9c-a26f-00b40fc57707 from trigger direct; lag 0.0063 ms.&#xD;
warn: Microsoft.AspNetCore.HttpsPolicy.HttpsRedirectionMiddleware[3]&#xD;
      Failed to determine the https port for redirect.&#xD;
warn: Microsoft.AspNetCore.HttpsPolicy.HttpsRedirectionMiddleware[3]&#xD;
      Failed to determine the https port for redirect.&#xD;
warn: Microsoft.AspNetCore.HttpsPolicy.HttpsRedirectionMiddleware[3]&#xD;
      Failed to determine the https port for redirect.&#xD;
warn: Microsoft.AspNetCore.HttpsPolicy.HttpsRedirectionMiddleware[3]&#xD;
      Failed to determine the https port for redirect.&#xD;
warn: VirtualCompany.Api.Controllers.InternalFinanceController[0]&#xD;
      Finance request read_not_initialized for HTTP GET /internal/companies/d37c4f57-706c-4af5-b2dd-9e98a3abf678/finance/balances: Finance data has not been initialized for this company. Generate finance data before requesting finance records.&#xD;
      VirtualCompany.Application.Finance.FinanceNotInitializedException: Finance data has not been initialized for this company. Generate finance data before requesting finance records.&#xD;
         at VirtualCompany.Infrastructure.Finance.CompanyFinanceReadService.EnsureFinanceInitializedAsync(Guid companyId, CancellationToken cancellationToken, String sourceFilter) in C:\Users\Johan\source\repos\Virtual Company\src\VirtualCompany.Infrastructure.Finance\Finance\CompanyFinanceReadService.cs:line 155&#xD;
         at VirtualCompany.Infrastructure.Finance.CompanyFinanceReadService.GetBalancesAsync(GetFinanceBalancesQuery query, CancellationToken cancellationToken) in C:\Users\Johan\source\repos\Virtual Company\src\VirtualCompany.Infrastructure.Finance\Finance\CompanyFinanceReadService.AgentQueries.cs:line 25&#xD;
         at VirtualCompany.Api.Controllers.InternalFinanceController.ExecuteReadAsync[T](Func`1 read) in C:\Users\Johan\source\repos\Virtual Company\src\VirtualCompany.Api\Controllers\InternalFinanceController.cs:line 1852&#xD;
info: VirtualCompany.Api.Controllers.InternalFinanceController[0]&#xD;
      Finance request for company d37c4f57-706c-4af5-b2dd-9e98a3abf678 returned not_initialized on /internal/companies/d37c4f57-706c-4af5-b2dd-9e98a3abf678/finance/balances. TriggerSource=finance_entry, CorrelationId=78e83bd9b8bb498081a964de0c6bed30, FallbackTriggered=False, SeedRequested=False, ProgressState=not_seeded.&#xD;
info: DatabaseInitializationService[0]&#xD;
      Database initialization is disabled for this host.&#xD;
info: DatabaseInitializationService[0]&#xD;
      Database initialization is disabled for this host.&#xD;
info: DatabaseInitializationService[0]&#xD;
      Database initialization is disabled for this host.&#xD;
info: DatabaseInitializationService[0]&#xD;
      Database initialization is disabled for this host.&#xD;
info: VirtualCompany.Infrastructure.Companies.ExecutiveCockpitDashboardCache[0]&#xD;
      Invalidated executive cockpit cache namespace for company d706b1ec-0244-47cb-bb6c-076a64628a4c from trigger direct; lag 0.003 ms.&#xD;
info: VirtualCompany.Infrastructure.Companies.ExecutiveCockpitDashboardCache[0]&#xD;
      Invalidated executive cockpit cache namespace for company c7972230-5c87-48b2-8f80-87ee41fd2ca0 from trigger direct; lag 0.0007 ms.&#xD;
warn: Microsoft.AspNetCore.HttpsPolicy.HttpsRedirectionMiddleware[3]&#xD;
      Failed to determine the https port for redirect.&#xD;
info: VirtualCompany.Infrastructure.Companies.ExecutiveCockpitDashboardCache[0]&#xD;
      Invalidated executive cockpit cache namespace for company 910f6fbd-5f3a-4ccd-83ab-9fac9b83a593 from trigger direct; lag 0.0029 ms.&#xD;
info: VirtualCompany.Infrastructure.Companies.ExecutiveCockpitDashboardCache[0]&#xD;
      Invalidated executive cockpit cache namespace for company d535ad8a-910f-42c6-a08b-ccc2046cf055 from trigger direct; lag 0.0007 ms.&#xD;
warn: Microsoft.AspNetCore.HttpsPolicy.HttpsRedirectionMiddleware[3]&#xD;
      Failed to determine the https port for redirect.&#xD;
info: VirtualCompany.Infrastructure.Companies.ExecutiveCockpitDashboardCache[0]&#xD;
      Invalidated executive cockpit cache namespace for company 31f72266-eb15-4273-837f-91a92d342423 from trigger direct; lag 0.0027 ms.&#xD;
info: VirtualCompany.Infrastructure.Companies.ExecutiveCockpitDashboardCache[0]&#xD;
      Invalidated executive cockpit cache namespace for company 66604ca0-7cff-48cd-a128-6f399569a0d1 from trigger direct; lag 0.0007 ms.&#xD;
warn: Microsoft.AspNetCore.HttpsPolicy.HttpsRedirectionMiddleware[3]&#xD;
      Failed to determine the https port for redirect.&#xD;
info: DatabaseInitializationService[0]&#xD;
      Database initialization is disabled for this host.&#xD;
warn: Microsoft.AspNetCore.HttpsPolicy.HttpsRedirectionMiddleware[3]&#xD;
      Failed to determine the https port for redirect.&#xD;
info: VirtualCompany.Api.Controllers.InternalFinanceController[0]&#xD;
      Finance request for company 610097ee-249e-4766-be7e-58a307740e05 returned not_initialized on /internal/companies/610097ee-249e-4766-be7e-58a307740e05/finance/reviews. TriggerSource=finance_entry, CorrelationId=2d38fcff35d547938d71bace21e516e1, FallbackTriggered=False, SeedRequested=False, ProgressState=not_seeded.&#xD;
info: DatabaseInitializationService[0]&#xD;
      Database initialization is disabled for this host.&#xD;
info: DatabaseInitializationService[0]&#xD;
      Database initialization is disabled for this host.&#xD;
info: DatabaseInitializationService[0]&#xD;
      Database initialization is disabled for this host.&#xD;
warn: Microsoft.AspNetCore.HttpsPolicy.HttpsRedirectionMiddleware[3]&#xD;
      Failed to determine the https port for redirect.&#xD;
warn: VirtualCompany.Api.Controllers.InternalFinanceController[0]&#xD;
      Finance request read_not_initialized for HTTP GET /internal/companies/e620b5ec-3b0f-4046-9c98-508e8b0de4d7/finance/cash-balance: Finance data has not been initialized for this company. Generate finance data before requesting finance records.&#xD;
      VirtualCompany.Application.Finance.FinanceNotInitializedException: Finance data has not been initialized for this company. Generate finance data before requesting finance records.&#xD;
         at VirtualCompany.Infrastructure.Finance.CompanyFinanceReadService.EnsureFinanceInitializedAsync(Guid companyId, CancellationToken cancellationToken, String sourceFilter) in C:\Users\Johan\source\repos\Virtual Company\src\VirtualCompany.Infrastructure.Finance\Finance\CompanyFinanceReadService.cs:line 155&#xD;
         at VirtualCompany.Infrastructure.Finance.CompanyFinanceReadService.GetCashBalanceAsync(GetFinanceCashBalanceQuery query, CancellationToken cancellationToken) in C:\Users\Johan\source\repos\Virtual Company\src\VirtualCompany.Infrastructure.Finance\Finance\CompanyFinanceReadService.Reporting.cs:line 25&#xD;
         at VirtualCompany.Api.Controllers.InternalFinanceController.ExecuteReadAsync[T](Func`1 read) in C:\Users\Johan\source\repos\Virtual Company\src\VirtualCompany.Api\Controllers\InternalFinanceController.cs:line 1852&#xD;
info: VirtualCompany.Infrastructure.Companies.ExecutiveCockpitDashboardCache[0]&#xD;
      Invalidated executive cockpit cache namespace for company 450ab814-eaf4-402c-ad22-8024a74ff724 from trigger direct; lag 0.0034 ms.&#xD;
info: VirtualCompany.Infrastructure.Companies.ExecutiveCockpitDashboardCache[0]&#xD;
      Invalidated executive cockpit cache namespace for company d4a7d033-db48-4ee3-be18-d2605fe6bcea from trigger direct; lag 0.0006 ms.&#xD;
warn: Microsoft.AspNetCore.HttpsPolicy.HttpsRedirectionMiddleware[3]&#xD;
      Failed to determine the https port for redirect.&#xD;
info: VirtualCompany.Infrastructure.Finance.CompanyFinanceEntryService[0]&#xD;
      Queued finance seed background execution 0adc8499-a0c5-4bc8-8c58-f1a4362b4d4d for company e620b5ec-3b0f-4046-9c98-508e8b0de4d7.&#xD;
info: VirtualCompany.Infrastructure.Finance.CompanyFinanceEntryService[0]&#xD;
      Finance seed orchestration requested from finance_fallback_seed in replace mode for company e620b5ec-3b0f-4046-9c98-508e8b0de4d7 by system (null). Execution 0adc8499-a0c5-4bc8-8c58-f1a4362b4d4d with correlation ccdcccd012d143648cce33759f676fca and idempotency key finance-seed:2d913ebf1337b6847c49c1fb329d745a moved from not_seeded to seeding.&#xD;
info: VirtualCompany.Api.Controllers.InternalFinanceController[0]&#xD;
      Finance request for company e620b5ec-3b0f-4046-9c98-508e8b0de4d7 returned not_initialized on /internal/companies/e620b5ec-3b0f-4046-9c98-508e8b0de4d7/finance/cash-balance. TriggerSource=finance_fallback_seed, CorrelationId=ccdcccd012d143648cce33759f676fca, FallbackTriggered=True, SeedRequested=True, ProgressState=seeding_requested.&#xD;
info: DatabaseInitializationService[0]&#xD;
      Database initialization is disabled for this host.&#xD;
info: VirtualCompany.Infrastructure.Companies.ExecutiveCockpitDashboardCache[0]&#xD;
      Invalidated executive cockpit cache namespace for company dc080d68-539d-4bc7-b57d-46a85f451947 from trigger direct; lag 0.0027 ms.&#xD;
info: VirtualCompany.Infrastructure.Companies.ExecutiveCockpitDashboardCache[0]&#xD;
      Invalidated executive cockpit cache namespace for company a9f0d858-127d-4249-b0e2-537a0663e698 from trigger direct; lag 0.0007 ms.&#xD;
warn: Microsoft.AspNetCore.HttpsPolicy.HttpsRedirectionMiddleware[3]&#xD;
      Failed to determine the https port for redirect.&#xD;
info: VirtualCompany.Infrastructure.Companies.ExecutiveCockpitDashboardCache[0]&#xD;
      Invalidated executive cockpit cache namespace for company df9a7d02-a55a-4bcd-bf93-b693e4c4c796 from trigger direct; lag 0.0023 ms.&#xD;
info: VirtualCompany.Infrastructure.Companies.ExecutiveCockpitDashboardCache[0]&#xD;
      Invalidated executive cockpit cache namespace for company 4e2da8ba-111d-42ee-826d-4ba83f523657 from trigger direct; lag 0.0007 ms.&#xD;
warn: Microsoft.AspNetCore.HttpsPolicy.HttpsRedirectionMiddleware[3]&#xD;
      Failed to determine the https port for redirect.&#xD;
info: VirtualCompany.Infrastructure.Auth.DevHeaderAuthenticationHandler[13]&#xD;
      AuthenticationScheme: DevHeader was forbidden.&#xD;
info: VirtualCompany.Infrastructure.Companies.ExecutiveCockpitDashboardCache[0]&#xD;
      Invalidated executive cockpit cache namespace for company dc080d68-539d-4bc7-b57d-46a85f451947 from trigger direct; lag 0.0034 ms.&#xD;
info: VirtualCompany.Infrastructure.Companies.CompanyOutboxEnqueuer[0]&#xD;
      Enqueued company outbox message company.notification.delivery_requested (VirtualCompany.Application.Companies.NotificationDeliveryRequestedMessage) for company dc080d68-539d-4bc7-b57d-46a85f451947.&#xD;
info: VirtualCompany.Infrastructure.Companies.CompanyOutboxEnqueuer[0]&#xD;
      Enqueued company outbox message approval_updated (VirtualCompany.Application.Workflows.PlatformEventEnvelope) for company dc080d68-539d-4bc7-b57d-46a85f451947.&#xD;
info: VirtualCompany.Infrastructure.Companies.ExecutiveCockpitDashboardCache[0]&#xD;
      Invalidated executive cockpit cache namespace for company dc080d68-539d-4bc7-b57d-46a85f451947 from trigger direct; lag 0.0033 ms.&#xD;
info: VirtualCompany.Infrastructure.Companies.ExecutiveCockpitDashboardCache[0]&#xD;
      Invalidated executive cockpit cache namespace for company dc080d68-539d-4bc7-b57d-46a85f451947 from trigger direct; lag 0.0007 ms.&#xD;
info: VirtualCompany.Infrastructure.Companies.ExecutiveCockpitDashboardCache[0]&#xD;
      Invalidated executive cockpit cache namespace for company dc080d68-539d-4bc7-b57d-46a85f451947 from trigger direct; lag 0.003 ms.&#xD;
info: VirtualCompany.Infrastructure.Companies.ExecutiveCockpitDashboardCache[0]&#xD;
      Invalidated executive cockpit cache namespace for company 59b65fc7-0445-4fce-93cf-c9027f8cea2f from trigger direct; lag 0.0035 ms.&#xD;
info: VirtualCompany.Infrastructure.Companies.ExecutiveCockpitDashboardCache[0]&#xD;
      Invalidated executive cockpit cache namespace for company c7e827da-7add-4c4b-9054-92a22768c603 from trigger direct; lag 0.0007 ms.&#xD;
warn: Microsoft.AspNetCore.HttpsPolicy.HttpsRedirectionMiddleware[3]&#xD;
      Failed to determine the https port for redirect.&#xD;
info: VirtualCompany.Infrastructure.Companies.ExecutiveCockpitDashboardCache[0]&#xD;
      Invalidated executive cockpit cache namespace for company 59b65fc7-0445-4fce-93cf-c9027f8cea2f from trigger direct; lag 0.002 ms.&#xD;
info: VirtualCompany.Infrastructure.Companies.CompanyOutboxEnqueuer[0]&#xD;
      Enqueued company outbox message company.notification.delivery_requested (VirtualCompany.Application.Companies.NotificationDeliveryRequestedMessage) for company 59b65fc7-0445-4fce-93cf-c9027f8cea2f.&#xD;
info: VirtualCompany.Infrastructure.Companies.CompanyOutboxEnqueuer[0]&#xD;
      Enqueued company outbox message approval_updated (VirtualCompany.Application.Workflows.PlatformEventEnvelope) for company 59b65fc7-0445-4fce-93cf-c9027f8cea2f.&#xD;
info: VirtualCompany.Infrastructure.Companies.ExecutiveCockpitDashboardCache[0]&#xD;
      Invalidated executive cockpit cache namespace for company 59b65fc7-0445-4fce-93cf-c9027f8cea2f from trigger direct; lag 0.0019 ms.&#xD;
info: VirtualCompany.Infrastructure.Companies.ExecutiveCockpitDashboardCache[0]&#xD;
      Invalidated executive cockpit cache namespace for company 59b65fc7-0445-4fce-93cf-c9027f8cea2f from trigger direct; lag 0.0006 ms.&#xD;
info: VirtualCompany.Infrastructure.Companies.ExecutiveCockpitDashboardCache[0]&#xD;
      Invalidated executive cockpit cache namespace for company 59b65fc7-0445-4fce-93cf-c9027f8cea2f from trigger direct; lag 0.001 ms.&#xD;
info: VirtualCompany.Infrastructure.Companies.ExecutiveCockpitDashboardCache[0]&#xD;
      Invalidated executive cockpit cache namespace for company 59b65fc7-0445-4fce-93cf-c9027f8cea2f from trigger direct; lag 0.0022 ms.&#xD;
info: VirtualCompany.Infrastructure.Companies.ExecutiveCockpitDashboardCache[0]&#xD;
      Invalidated executive cockpit cache namespace for company 59b65fc7-0445-4fce-93cf-c9027f8cea2f from trigger direct; lag 0.0013 ms.&#xD;
info: DatabaseInitializationService[0]&#xD;
      Database initialization is disabled for this host.&#xD;
info: VirtualCompany.Infrastructure.Companies.ExecutiveCockpitDashboardCache[0]&#xD;
      Invalidated executive cockpit cache namespace for company be643d22-45aa-4549-93e1-c37caec9cbac from trigger direct; lag 0.0036 ms.&#xD;
info: VirtualCompany.Infrastructure.Companies.ExecutiveCockpitDashboardCache[0]&#xD;
      Invalidated executive cockpit cache namespace for company 692890e7-6a85-469e-992d-92fc10a68fe7 from trigger direct; lag 0.0008 ms.&#xD;
warn: Microsoft.AspNetCore.HttpsPolicy.HttpsRedirectionMiddleware[3]&#xD;
      Failed to determine the https port for redirect.&#xD;
info: VirtualCompany.Infrastructure.Companies.ExecutiveCockpitDashboardCache[0]&#xD;
      Invalidated executive cockpit cache namespace for company be643d22-45aa-4549-93e1-c37caec9cbac from trigger direct; lag 0.0017 ms.&#xD;
info: VirtualCompany.Infrastructure.Companies.ExecutiveCockpitDashboardCache[0]&#xD;
      Invalidated executive cockpit cache namespace for company be643d22-45aa-4549-93e1-c37caec9cbac from trigger direct; lag 0.001 ms.&#xD;
info: DatabaseInitializationService[0]&#xD;
      Database initialization is disabled for this host.&#xD;
warn: Microsoft.AspNetCore.HttpsPolicy.HttpsRedirectionMiddleware[3]&#xD;
      Failed to determine the https port for redirect.&#xD;
warn: VirtualCompany.Api.Controllers.InternalFinanceController[0]&#xD;
      Finance request read_not_initialized for HTTP GET /internal/companies/af75c191-984a-4616-8395-38f5a74f84a1/finance/cash-balance: Finance data has not been initialized for this company. Generate finance data before requesting finance records.&#xD;
      VirtualCompany.Application.Finance.FinanceNotInitializedException: Finance data has not been initialized for this company. Generate finance data before requesting finance records.&#xD;
         at VirtualCompany.Infrastructure.Finance.CompanyFinanceReadService.EnsureFinanceInitializedAsync(Guid companyId, CancellationToken cancellationToken, String sourceFilter) in C:\Users\Johan\source\repos\Virtual Company\src\VirtualCompany.Infrastructure.Finance\Finance\CompanyFinanceReadService.cs:line 155&#xD;
         at VirtualCompany.Infrastructure.Finance.CompanyFinanceReadService.GetCashBalanceAsync(GetFinanceCashBalanceQuery query, CancellationToken cancellationToken) in C:\Users\Johan\source\repos\Virtual Company\src\VirtualCompany.Infrastructure.Finance\Finance\CompanyFinanceReadService.Reporting.cs:line 25&#xD;
         at VirtualCompany.Api.Controllers.InternalFinanceController.ExecuteReadAsync[T](Func`1 read) in C:\Users\Johan\source\repos\Virtual Company\src\VirtualCompany.Api\Controllers\InternalFinanceController.cs:line 1852&#xD;
info: VirtualCompany.Api.Controllers.InternalFinanceController[0]&#xD;
      Finance request for company af75c191-984a-4616-8395-38f5a74f84a1 returned not_initialized on /internal/companies/af75c191-984a-4616-8395-38f5a74f84a1/finance/cash-balance. TriggerSource=finance_entry, CorrelationId=c920a8bf1274414e954a9cc15860bb0b, FallbackTriggered=False, SeedRequested=False, ProgressState=not_seeded.&#xD;
info: DatabaseInitializationService[0]&#xD;
      Database initialization is disabled for this host.&#xD;
warn: Microsoft.AspNetCore.HttpsPolicy.HttpsRedirectionMiddleware[3]&#xD;
      Failed to determine the https port for redirect.&#xD;
[xUnit.net 00:00:18.65]   Finished:    VirtualCompany.Web.Contract.Tests&#xD;
</StdOut>
    </Output>
  </ResultSummary>
</TestRun>