<?xml version="1.0" encoding="utf-8"?>
<TestRun id="6b836d1b-98cb-43c3-a51a-73ed4f0d3fca" name="Johan@DESKTOP-388F6FT 2026-10-04 14:28:06" runUser="DESKTOP-388F6FT\Johan" xmlns="http://microsoft.com/schemas/VisualStudio/TeamTest/2010">
  <Times creation="2026-10-04T14:28:06.6318537+02:00" queuing="2026-10-04T14:28:06.6318538+02:00" start="2026-10-04T14:28:04.9280298+02:00" finish="2026-10-04T14:28:06.8099192+02:00" />
  <TestSettings name="default" id="527d0b2c-284f-4beb-b0c8-c9876c06ce83">
    <Deployment runDeploymentRoot="Johan_DESKTOP-388F6FT_2026-10-04_14_28_06" />
  </TestSettings>
  <Results>
    <UnitTestResult executionId="21f60cae-5675-4f78-b08c-40aeb2f56518" testId="d73ac0ed-a0da-0805-eca4-c0650cfad645" testName="VirtualCompany.Web.Tests.WeeklyWorkspaceJourneyTests.Each_role_renders_weekly_meaning_sources_and_exact_return(lens: &quot;company&quot;)" computerName="DESKTOP-388F6FT" duration="00:00:00.0011060" startTime="2026-10-04T14:28:06.7702704+02:00" endTime="2026-10-04T14:28:06.7702705+02:00" testType="13cdc9d9-ddb5-4fa4-a97d-d965ccfc6d4b" outcome="Passed" testListId="8c84fa94-04c1-424b-9868-57a2d4851a1d" relativeResultsDirectory="21f60cae-5675-4f78-b08c-40aeb2f56518" />
    <UnitTestResult executionId="9d28737c-fa8a-46ec-a317-d25184d15e8b" testId="52b226e5-0f76-9723-e523-411f312d7f7a" testName="VirtualCompany.Web.Tests.WeeklyWorkspaceJourneyTests.Period_role_and_week_controls_emit_intended_context" computerName="DESKTOP-388F6FT" duration="00:00:00.0080004" startTime="2026-10-04T14:28:06.7353795+02:00" endTime="2026-10-04T14:28:06.7353796+02:00" testType="13cdc9d9-ddb5-4fa4-a97d-d965ccfc6d4b" outcome="Passed" testListId="8c84fa94-04c1-424b-9868-57a2d4851a1d" relativeResultsDirectory="9d28737c-fa8a-46ec-a317-d25184d15e8b" />
    <UnitTestResult executionId="1780541c-82de-483a-9fc5-196634e8154d" testId="262bf405-f1f7-dbe1-b3bd-73bb37bf7dbb" testName="VirtualCompany.Web.Tests.WorkspaceShellTests.Monthly_switching_keeps_the_selected_month_and_return_origin" computerName="DESKTOP-388F6FT" duration="00:00:00.0079845" startTime="2026-10-04T14:28:06.6752652+02:00" endTime="2026-10-04T14:28:06.6752653+02:00" testType="13cdc9d9-ddb5-4fa4-a97d-d965ccfc6d4b" outcome="Passed" testListId="8c84fa94-04c1-424b-9868-57a2d4851a1d" relativeResultsDirectory="1780541c-82de-483a-9fc5-196634e8154d" />
    <UnitTestResult executionId="7f5e550d-81c8-4c74-ac1a-a6263117c6d8" testId="be226502-b68b-8d6d-b640-b757585562fe" testName="VirtualCompany.Web.Tests.WeeklyWorkspaceJourneyTests.Recovery_states_do_not_keep_old_records(state: &quot;empty&quot;)" computerName="DESKTOP-388F6FT" duration="00:00:00.0005756" startTime="2026-10-04T14:28:06.7411458+02:00" endTime="2026-10-04T14:28:06.7411458+02:00" testType="13cdc9d9-ddb5-4fa4-a97d-d965ccfc6d4b" outcome="Passed" testListId="8c84fa94-04c1-424b-9868-57a2d4851a1d" relativeResultsDirectory="7f5e550d-81c8-4c74-ac1a-a6263117c6d8" />
    <UnitTestResult executionId="1a0aa3af-697e-48c8-81ac-791fc222b15d" testId="08465cde-c40a-d60b-408f-75996f0de76d" testName="VirtualCompany.Web.Tests.WorkspaceShellTests.Weekly_retry_retains_the_selected_historical_period" computerName="DESKTOP-388F6FT" duration="00:00:00.0102569" startTime="2026-10-04T14:28:06.6081274+02:00" endTime="2026-10-04T14:28:06.6081275+02:00" testType="13cdc9d9-ddb5-4fa4-a97d-d965ccfc6d4b" outcome="Passed" testListId="8c84fa94-04c1-424b-9868-57a2d4851a1d" relativeResultsDirectory="1a0aa3af-697e-48c8-81ac-791fc222b15d" />
    <UnitTestResult executionId="b58f617a-f4ad-4a4c-956b-a7f2c33e2657" testId="c29374c9-2ba3-7152-1147-2006e04d8d4f" testName="VirtualCompany.Web.Tests.WeeklyWorkspaceJourneyTests.Source_details_page_and_prior_sources_preserve_company_role_week_and_metric" computerName="DESKTOP-388F6FT" duration="00:00:00.0066752" startTime="2026-10-04T14:28:06.7781278+02:00" endTime="2026-10-04T14:28:06.7781279+02:00" testType="13cdc9d9-ddb5-4fa4-a97d-d965ccfc6d4b" outcome="Passed" testListId="8c84fa94-04c1-424b-9868-57a2d4851a1d" relativeResultsDirectory="b58f617a-f4ad-4a4c-956b-a7f2c33e2657" />
    <UnitTestResult executionId="219bd91a-7488-42e7-b926-691369d1de0c" testId="cacbd115-74e2-a15f-7465-52d7671ecd65" testName="VirtualCompany.Web.Tests.WeeklyWorkspaceJourneyTests.Each_role_renders_weekly_meaning_sources_and_exact_return(lens: &quot;finance&quot;)" computerName="DESKTOP-388F6FT" duration="00:00:00.0010846" startTime="2026-10-04T14:28:06.7691306+02:00" endTime="2026-10-04T14:28:06.7691306+02:00" testType="13cdc9d9-ddb5-4fa4-a97d-d965ccfc6d4b" outcome="Passed" testListId="8c84fa94-04c1-424b-9868-57a2d4851a1d" relativeResultsDirectory="219bd91a-7488-42e7-b926-691369d1de0c" />
    <UnitTestResult executionId="718a98e3-c856-4671-854f-11cbdea37345" testId="029f535c-54e4-5992-e61b-8e57ae744e9f" testName="VirtualCompany.Web.Tests.WorkspaceShellTests.Company_context_label_does_not_reuse_the_active_company_on_a_foreign_link" computerName="DESKTOP-388F6FT" duration="00:00:00.0019329" startTime="2026-10-04T14:28:06.6177392+02:00" endTime="2026-10-04T14:28:06.6177392+02:00" testType="13cdc9d9-ddb5-4fa4-a97d-d965ccfc6d4b" outcome="Passed" testListId="8c84fa94-04c1-424b-9868-57a2d4851a1d" relativeResultsDirectory="718a98e3-c856-4671-854f-11cbdea37345" />
    <UnitTestResult executionId="64bd491f-98ac-4fda-873d-03ae10085949" testId="0a9db70d-7b49-b4fb-4337-8b3e813916c0" testName="VirtualCompany.Web.Tests.WeeklyWorkspaceJourneyTests.Typed_client_enforces_company_lens_offline_and_wire_scope" computerName="DESKTOP-388F6FT" duration="00:00:00.0213138" startTime="2026-10-04T14:28:06.7650138+02:00" endTime="2026-10-04T14:28:06.7650141+02:00" testType="13cdc9d9-ddb5-4fa4-a97d-d965ccfc6d4b" outcome="Passed" testListId="8c84fa94-04c1-424b-9868-57a2d4851a1d" relativeResultsDirectory="64bd491f-98ac-4fda-873d-03ae10085949" />
    <UnitTestResult executionId="4a6d5d60-328e-47ff-9b85-b68a2f6f87aa" testId="238df17e-3aa0-7074-5a92-893e56299039" testName="VirtualCompany.Web.Tests.WeeklyWorkspaceJourneyTests.Recovery_states_do_not_keep_old_records(state: &quot;error&quot;)" computerName="DESKTOP-388F6FT" duration="00:00:00.0013278" startTime="2026-10-04T14:28:06.7405502+02:00" endTime="2026-10-04T14:28:06.7405503+02:00" testType="13cdc9d9-ddb5-4fa4-a97d-d965ccfc6d4b" outcome="Passed" testListId="8c84fa94-04c1-424b-9868-57a2d4851a1d" relativeResultsDirectory="4a6d5d60-328e-47ff-9b85-b68a2f6f87aa" />
    <UnitTestResult executionId="2fc831b6-7451-4c68-ae6d-c4b161b9ac14" testId="1efe5018-2894-834f-758e-14318d0174e7" testName="VirtualCompany.Web.Tests.WeeklyWorkspaceJourneyTests.Each_role_renders_weekly_meaning_sources_and_exact_return(lens: &quot;sales&quot;)" computerName="DESKTOP-388F6FT" duration="00:00:00.0011140" startTime="2026-10-04T14:28:06.7714037+02:00" endTime="2026-10-04T14:28:06.7714037+02:00" testType="13cdc9d9-ddb5-4fa4-a97d-d965ccfc6d4b" outcome="Passed" testListId="8c84fa94-04c1-424b-9868-57a2d4851a1d" relativeResultsDirectory="2fc831b6-7451-4c68-ae6d-c4b161b9ac14" />
    <UnitTestResult executionId="af0d3698-f4dd-4929-b760-64191ad15f6b" testId="1f3898c4-2c03-42de-57a7-07968adc709b" testName="VirtualCompany.Web.Tests.WorkspaceShellTests.Inactive_or_unknown_company_never_loads_workspace_records" computerName="DESKTOP-388F6FT" duration="00:00:00.0014911" startTime="2026-10-04T14:28:06.6768346+02:00" endTime="2026-10-04T14:28:06.6768347+02:00" testType="13cdc9d9-ddb5-4fa4-a97d-d965ccfc6d4b" outcome="Passed" testListId="8c84fa94-04c1-424b-9868-57a2d4851a1d" relativeResultsDirectory="af0d3698-f4dd-4929-b760-64191ad15f6b" />
    <UnitTestResult executionId="803b394b-7aa9-4b71-8f07-0b7c5aa1e099" testId="2d2688a7-35c4-5d7b-aa95-a4066895b411" testName="VirtualCompany.Web.Tests.WorkspaceShellTests.Company_picker_excludes_inactive_memberships_and_starts_new_company_at_its_default" computerName="DESKTOP-388F6FT" duration="00:00:01.0126009" startTime="2026-10-04T14:28:06.5599305+02:00" endTime="2026-10-04T14:28:06.5599454+02:00" testType="13cdc9d9-ddb5-4fa4-a97d-d965ccfc6d4b" outcome="Passed" testListId="8c84fa94-04c1-424b-9868-57a2d4851a1d" relativeResultsDirectory="803b394b-7aa9-4b71-8f07-0b7c5aa1e099" />
    <UnitTestResult executionId="82b1f4a7-7ebc-4436-b0d2-950a7ef914f5" testId="5ce24387-ebe2-f918-bbb7-c49a482be49e" testName="VirtualCompany.Web.Tests.WeeklyWorkspaceJourneyTests.Recovery_states_do_not_keep_old_records(state: &quot;loading&quot;)" computerName="DESKTOP-388F6FT" duration="00:00:00.0005180" startTime="2026-10-04T14:28:06.7416892+02:00" endTime="2026-10-04T14:28:06.7416892+02:00" testType="13cdc9d9-ddb5-4fa4-a97d-d965ccfc6d4b" outcome="Passed" testListId="8c84fa94-04c1-424b-9868-57a2d4851a1d" relativeResultsDirectory="82b1f4a7-7ebc-4436-b0d2-950a7ef914f5" />
    <UnitTestResult executionId="55ada728-a7d8-4349-b95b-81f95ecdd590" testId="d41af1fd-65e1-f48b-70d7-ef03f3e917dd" testName="VirtualCompany.Web.Tests.WeeklyWorkspaceJourneyTests.Each_role_renders_weekly_meaning_sources_and_exact_return(lens: &quot;customers&quot;)" computerName="DESKTOP-388F6FT" duration="00:00:00.0016553" startTime="2026-10-04T14:28:06.7667032+02:00" endTime="2026-10-04T14:28:06.7667033+02:00" testType="13cdc9d9-ddb5-4fa4-a97d-d965ccfc6d4b" outcome="Passed" testListId="8c84fa94-04c1-424b-9868-57a2d4851a1d" relativeResultsDirectory="55ada728-a7d8-4349-b95b-81f95ecdd590" />
    <UnitTestResult executionId="aefe9176-1c59-467b-a1c1-5e92ae6c66a2" testId="79261410-4f26-733d-c7e7-c703a440e9cf" testName="VirtualCompany.Web.Tests.WorkspaceShellTests.Older_company_response_cannot_replace_newer_company_workspace" computerName="DESKTOP-388F6FT" duration="00:00:00.0193893" startTime="2026-10-04T14:28:06.6535220+02:00" endTime="2026-10-04T14:28:06.6535221+02:00" testType="13cdc9d9-ddb5-4fa4-a97d-d965ccfc6d4b" outcome="Passed" testListId="8c84fa94-04c1-424b-9868-57a2d4851a1d" relativeResultsDirectory="aefe9176-1c59-467b-a1c1-5e92ae6c66a2" />
    <UnitTestResult executionId="281cc691-541a-4a16-8c62-246c30ac0a39" testId="ea906779-28f2-54eb-7f14-47294a688f22" testName="VirtualCompany.Web.Tests.WorkspaceShellTests.Weekly_canonicalization_and_sidebar_return_retain_source_detail_context" computerName="DESKTOP-388F6FT" duration="00:00:00.0121243" startTime="2026-10-04T14:28:06.6222626+02:00" endTime="2026-10-04T14:28:06.6222628+02:00" testType="13cdc9d9-ddb5-4fa4-a97d-d965ccfc6d4b" outcome="Passed" testListId="8c84fa94-04c1-424b-9868-57a2d4851a1d" relativeResultsDirectory="281cc691-541a-4a16-8c62-246c30ac0a39" />
    <UnitTestResult executionId="3a49383b-5955-4ca7-83c3-4ea665fa713e" testId="bee11497-269c-f43f-57f8-0323d6961807" testName="VirtualCompany.Web.Tests.WorkspaceShellTests.Sidebar_overview_keeps_monthly_context_after_opening_a_business_record" computerName="DESKTOP-388F6FT" duration="00:00:00.0030532" startTime="2026-10-04T14:28:06.6570017+02:00" endTime="2026-10-04T14:28:06.6570017+02:00" testType="13cdc9d9-ddb5-4fa4-a97d-d965ccfc6d4b" outcome="Passed" testListId="8c84fa94-04c1-424b-9868-57a2d4851a1d" relativeResultsDirectory="3a49383b-5955-4ca7-83c3-4ea665fa713e" />
    <UnitTestResult executionId="8fa662d0-72f5-4841-b9d4-5cff0944bd3e" testId="2f521ba2-bd6e-93a0-5c5c-6653e8d2b9fb" testName="VirtualCompany.Web.Tests.WeeklyWorkspaceJourneyTests.Missing_prior_balance_is_unavailable_and_due_schedule_uses_the_full_week" computerName="DESKTOP-388F6FT" duration="00:00:00.0037544" startTime="2026-10-04T14:28:06.7392026+02:00" endTime="2026-10-04T14:28:06.7392027+02:00" testType="13cdc9d9-ddb5-4fa4-a97d-d965ccfc6d4b" outcome="Passed" testListId="8c84fa94-04c1-424b-9868-57a2d4851a1d" relativeResultsDirectory="8fa662d0-72f5-4841-b9d4-5cff0944bd3e" />
    <UnitTestResult executionId="05300217-3c71-4651-8f9e-586d70533291" testId="17f314e9-0b59-2bed-c5d4-703486311930" testName="VirtualCompany.Web.Tests.WorkspaceShellTests.Weekly_company_switch_ignores_a_late_response_from_the_previous_company" computerName="DESKTOP-388F6FT" duration="00:00:00.0034260" startTime="2026-10-04T14:28:06.6672255+02:00" endTime="2026-10-04T14:28:06.6672256+02:00" testType="13cdc9d9-ddb5-4fa4-a97d-d965ccfc6d4b" outcome="Passed" testListId="8c84fa94-04c1-424b-9868-57a2d4851a1d" relativeResultsDirectory="05300217-3c71-4651-8f9e-586d70533291" />
    <UnitTestResult executionId="ebddfd71-87c6-4610-bdf0-8c9b0a8d1419" testId="31d5c04d-1e1d-9702-a435-c0e4ba791d7c" testName="VirtualCompany.Web.Tests.WeeklyWorkspaceJourneyTests.Missing_sample_and_unauthorized_metric_are_explicit_and_foreign_workspace_is_cleared" computerName="DESKTOP-388F6FT" duration="00:00:00.0014478" startTime="2026-10-04T14:28:06.7436438+02:00" endTime="2026-10-04T14:28:06.7436439+02:00" testType="13cdc9d9-ddb5-4fa4-a97d-d965ccfc6d4b" outcome="Passed" testListId="8c84fa94-04c1-424b-9868-57a2d4851a1d" relativeResultsDirectory="ebddfd71-87c6-4610-bdf0-8c9b0a8d1419" />
    <UnitTestResult executionId="0e1850ef-895b-42a9-ac02-a9aca7eeac81" testId="7720a092-b105-e7ea-96f8-ebc18cb962ab" testName="VirtualCompany.Web.Tests.WeeklyWorkspaceJourneyTests.Each_role_renders_weekly_meaning_sources_and_exact_return(lens: &quot;marketing&quot;)" computerName="DESKTOP-388F6FT" duration="00:00:00.0012794" startTime="2026-10-04T14:28:06.7680190+02:00" endTime="2026-10-04T14:28:06.7680191+02:00" testType="13cdc9d9-ddb5-4fa4-a97d-d965ccfc6d4b" outcome="Passed" testListId="8c84fa94-04c1-424b-9868-57a2d4851a1d" relativeResultsDirectory="0e1850ef-895b-42a9-ac02-a9aca7eeac81" />
    <UnitTestResult executionId="b910b9ef-c6a0-474a-b0c4-7c476fe9596b" testId="68940689-6a23-e954-c7b7-67bcc9f23cc6" testName="VirtualCompany.Web.Tests.WeeklyWorkspaceJourneyTests.Campaign_source_opens_the_exact_scoped_record_or_explicitly_refuses_an_unknown_id(unknown: False)" computerName="DESKTOP-388F6FT" duration="00:00:00.0165344" startTime="2026-10-04T14:28:06.7273423+02:00" endTime="2026-10-04T14:28:06.7273423+02:00" testType="13cdc9d9-ddb5-4fa4-a97d-d965ccfc6d4b" outcome="Passed" testListId="8c84fa94-04c1-424b-9868-57a2d4851a1d" relativeResultsDirectory="b910b9ef-c6a0-474a-b0c4-7c476fe9596b" />
    <UnitTestResult executionId="5d45ad1b-934a-40cb-8bb9-66e23d76955d" testId="3994f506-2423-b406-8f99-775b69f0bbb9" testName="VirtualCompany.Web.Tests.WorkspaceShellTests.Dashboard_uses_server_default_and_keeps_only_available_responsibilities" computerName="DESKTOP-388F6FT" duration="00:00:00.0065362" startTime="2026-10-04T14:28:06.6636054+02:00" endTime="2026-10-04T14:28:06.6636055+02:00" testType="13cdc9d9-ddb5-4fa4-a97d-d965ccfc6d4b" outcome="Passed" testListId="8c84fa94-04c1-424b-9868-57a2d4851a1d" relativeResultsDirectory="5d45ad1b-934a-40cb-8bb9-66e23d76955d" />
    <UnitTestResult executionId="76be0b26-9415-416c-8aea-256c42d0f164" testId="89ec513a-08e7-993e-b9e1-e87fe9d4c7f1" testName="VirtualCompany.Web.Tests.WorkspaceShellTests.Departing_dashboard_does_not_canonicalize_over_business_navigation" computerName="DESKTOP-388F6FT" duration="00:00:00.0106859" startTime="2026-10-04T14:28:06.6329941+02:00" endTime="2026-10-04T14:28:06.6329941+02:00" testType="13cdc9d9-ddb5-4fa4-a97d-d965ccfc6d4b" outcome="Passed" testListId="8c84fa94-04c1-424b-9868-57a2d4851a1d" relativeResultsDirectory="76be0b26-9415-416c-8aea-256c42d0f164" />
    <UnitTestResult executionId="f20591c8-af2f-4a52-be43-a2cae6907de9" testId="b3daf40b-2c65-4171-e030-e49e22a9d524" testName="VirtualCompany.Web.Tests.WeeklyWorkspaceJourneyTests.Recovery_states_do_not_keep_old_records(state: &quot;restricted&quot;)" computerName="DESKTOP-388F6FT" duration="00:00:00.0004562" startTime="2026-10-04T14:28:06.7421696+02:00" endTime="2026-10-04T14:28:06.7421697+02:00" testType="13cdc9d9-ddb5-4fa4-a97d-d965ccfc6d4b" outcome="Passed" testListId="8c84fa94-04c1-424b-9868-57a2d4851a1d" relativeResultsDirectory="f20591c8-af2f-4a52-be43-a2cae6907de9" />
    <UnitTestResult executionId="97e1f3d3-d171-4c9e-b81b-443cc1a06620" testId="4ac1f85b-f858-0b3b-e10b-1757e7520dac" testName="VirtualCompany.Web.Tests.WeeklyWorkspaceJourneyTests.Campaign_source_opens_the_exact_scoped_record_or_explicitly_refuses_an_unknown_id(unknown: True)" computerName="DESKTOP-388F6FT" duration="00:00:00.0319462" startTime="2026-10-04T14:28:06.7107665+02:00" endTime="2026-10-04T14:28:06.7107666+02:00" testType="13cdc9d9-ddb5-4fa4-a97d-d965ccfc6d4b" outcome="Passed" testListId="8c84fa94-04c1-424b-9868-57a2d4851a1d" relativeResultsDirectory="97e1f3d3-d171-4c9e-b81b-443cc1a06620" />
    <UnitTestResult executionId="7e46d16f-9c34-4d4c-bc2d-687c9a53271e" testId="1734ceae-1455-9448-ce56-0cbba843f2a3" testName="VirtualCompany.Web.Tests.WorkspaceShellTests.Invalid_monthly_link_shows_a_recoverable_error" computerName="DESKTOP-388F6FT" duration="00:00:00.0390386" startTime="2026-10-04T14:28:06.5978878+02:00" endTime="2026-10-04T14:28:06.5978879+02:00" testType="13cdc9d9-ddb5-4fa4-a97d-d965ccfc6d4b" outcome="Passed" testListId="8c84fa94-04c1-424b-9868-57a2d4851a1d" relativeResultsDirectory="7e46d16f-9c34-4d4c-bc2d-687c9a53271e" />
  </Results>
  <TestDefinitions>
    <UnitTest name="VirtualCompany.Web.Tests.WeeklyWorkspaceJourneyTests.Source_details_page_and_prior_sources_preserve_company_role_week_and_metric" storage="c:\users\johan\source\repos\virtual company\tests\virtualcompany.web.tests\bin\debug\net9.0\virtualcompany.web.tests.dll" id="c29374c9-2ba3-7152-1147-2006e04d8d4f">
      <Execution id="b58f617a-f4ad-4a4c-956b-a7f2c33e2657" />
      <TestMethod codeBase="C:\Users\Johan\source\repos\Virtual Company\tests\VirtualCompany.Web.Tests\bin\Debug\net9.0\VirtualCompany.Web.Tests.dll" adapterTypeName="executor://xunit/VsTestRunner2/netcoreapp" className="VirtualCompany.Web.Tests.WeeklyWorkspaceJourneyTests" name="Source_details_page_and_prior_sources_preserve_company_role_week_and_metric" />
    </UnitTest>
    <UnitTest name="VirtualCompany.Web.Tests.WeeklyWorkspaceJourneyTests.Each_role_renders_weekly_meaning_sources_and_exact_return(lens: &quot;marketing&quot;)" storage="c:\users\johan\source\repos\virtual company\tests\virtualcompany.web.tests\bin\debug\net9.0\virtualcompany.web.tests.dll" id="7720a092-b105-e7ea-96f8-ebc18cb962ab">
      <Execution id="0e1850ef-895b-42a9-ac02-a9aca7eeac81" />
      <TestMethod codeBase="C:\Users\Johan\source\repos\Virtual Company\tests\VirtualCompany.Web.Tests\bin\Debug\net9.0\VirtualCompany.Web.Tests.dll" adapterTypeName="executor://xunit/VsTestRunner2/netcoreapp" className="VirtualCompany.Web.Tests.WeeklyWorkspaceJourneyTests" name="Each_role_renders_weekly_meaning_sources_and_exact_return" />
    </UnitTest>
    <UnitTest name="VirtualCompany.Web.Tests.WeeklyWorkspaceJourneyTests.Each_role_renders_weekly_meaning_sources_and_exact_return(lens: &quot;sales&quot;)" storage="c:\users\johan\source\repos\virtual company\tests\virtualcompany.web.tests\bin\debug\net9.0\virtualcompany.web.tests.dll" id="1efe5018-2894-834f-758e-14318d0174e7">
      <Execution id="2fc831b6-7451-4c68-ae6d-c4b161b9ac14" />
      <TestMethod codeBase="C:\Users\Johan\source\repos\Virtual Company\tests\VirtualCompany.Web.Tests\bin\Debug\net9.0\VirtualCompany.Web.Tests.dll" adapterTypeName="executor://xunit/VsTestRunner2/netcoreapp" className="VirtualCompany.Web.Tests.WeeklyWorkspaceJourneyTests" name="Each_role_renders_weekly_meaning_sources_and_exact_return" />
    </UnitTest>
    <UnitTest name="VirtualCompany.Web.Tests.WorkspaceShellTests.Dashboard_uses_server_default_and_keeps_only_available_responsibilities" storage="c:\users\johan\source\repos\virtual company\tests\virtualcompany.web.tests\bin\debug\net9.0\virtualcompany.web.tests.dll" id="3994f506-2423-b406-8f99-775b69f0bbb9">
      <Execution id="5d45ad1b-934a-40cb-8bb9-66e23d76955d" />
      <TestMethod codeBase="C:\Users\Johan\source\repos\Virtual Company\tests\VirtualCompany.Web.Tests\bin\Debug\net9.0\VirtualCompany.Web.Tests.dll" adapterTypeName="executor://xunit/VsTestRunner2/netcoreapp" className="VirtualCompany.Web.Tests.WorkspaceShellTests" name="Dashboard_uses_server_default_and_keeps_only_available_responsibilities" />
    </UnitTest>
    <UnitTest name="VirtualCompany.Web.Tests.WeeklyWorkspaceJourneyTests.Typed_client_enforces_company_lens_offline_and_wire_scope" storage="c:\users\johan\source\repos\virtual company\tests\virtualcompany.web.tests\bin\debug\net9.0\virtualcompany.web.tests.dll" id="0a9db70d-7b49-b4fb-4337-8b3e813916c0">
      <Execution id="64bd491f-98ac-4fda-873d-03ae10085949" />
      <TestMethod codeBase="C:\Users\Johan\source\repos\Virtual Company\tests\VirtualCompany.Web.Tests\bin\Debug\net9.0\VirtualCompany.Web.Tests.dll" adapterTypeName="executor://xunit/VsTestRunner2/netcoreapp" className="VirtualCompany.Web.Tests.WeeklyWorkspaceJourneyTests" name="Typed_client_enforces_company_lens_offline_and_wire_scope" />
    </UnitTest>
    <UnitTest name="VirtualCompany.Web.Tests.WorkspaceShellTests.Older_company_response_cannot_replace_newer_company_workspace" storage="c:\users\johan\source\repos\virtual company\tests\virtualcompany.web.tests\bin\debug\net9.0\virtualcompany.web.tests.dll" id="79261410-4f26-733d-c7e7-c703a440e9cf">
      <Execution id="aefe9176-1c59-467b-a1c1-5e92ae6c66a2" />
      <TestMethod codeBase="C:\Users\Johan\source\repos\Virtual Company\tests\VirtualCompany.Web.Tests\bin\Debug\net9.0\VirtualCompany.Web.Tests.dll" adapterTypeName="executor://xunit/VsTestRunner2/netcoreapp" className="VirtualCompany.Web.Tests.WorkspaceShellTests" name="Older_company_response_cannot_replace_newer_company_workspace" />
    </UnitTest>
    <UnitTest name="VirtualCompany.Web.Tests.WorkspaceShellTests.Weekly_retry_retains_the_selected_historical_period" storage="c:\users\johan\source\repos\virtual company\tests\virtualcompany.web.tests\bin\debug\net9.0\virtualcompany.web.tests.dll" id="08465cde-c40a-d60b-408f-75996f0de76d">
      <Execution id="1a0aa3af-697e-48c8-81ac-791fc222b15d" />
      <TestMethod codeBase="C:\Users\Johan\source\repos\Virtual Company\tests\VirtualCompany.Web.Tests\bin\Debug\net9.0\VirtualCompany.Web.Tests.dll" adapterTypeName="executor://xunit/VsTestRunner2/netcoreapp" className="VirtualCompany.Web.Tests.WorkspaceShellTests" name="Weekly_retry_retains_the_selected_historical_period" />
    </UnitTest>
    <UnitTest name="VirtualCompany.Web.Tests.WeeklyWorkspaceJourneyTests.Recovery_states_do_not_keep_old_records(state: &quot;restricted&quot;)" storage="c:\users\johan\source\repos\virtual company\tests\virtualcompany.web.tests\bin\debug\net9.0\virtualcompany.web.tests.dll" id="b3daf40b-2c65-4171-e030-e49e22a9d524">
      <Execution id="f20591c8-af2f-4a52-be43-a2cae6907de9" />
      <TestMethod codeBase="C:\Users\Johan\source\repos\Virtual Company\tests\VirtualCompany.Web.Tests\bin\Debug\net9.0\VirtualCompany.Web.Tests.dll" adapterTypeName="executor://xunit/VsTestRunner2/netcoreapp" className="VirtualCompany.Web.Tests.WeeklyWorkspaceJourneyTests" name="Recovery_states_do_not_keep_old_records" />
    </UnitTest>
    <UnitTest name="VirtualCompany.Web.Tests.WorkspaceShellTests.Departing_dashboard_does_not_canonicalize_over_business_navigation" storage="c:\users\johan\source\repos\virtual company\tests\virtualcompany.web.tests\bin\debug\net9.0\virtualcompany.web.tests.dll" id="89ec513a-08e7-993e-b9e1-e87fe9d4c7f1">
      <Execution id="76be0b26-9415-416c-8aea-256c42d0f164" />
      <TestMethod codeBase="C:\Users\Johan\source\repos\Virtual Company\tests\VirtualCompany.Web.Tests\bin\Debug\net9.0\VirtualCompany.Web.Tests.dll" adapterTypeName="executor://xunit/VsTestRunner2/netcoreapp" className="VirtualCompany.Web.Tests.WorkspaceShellTests" name="Departing_dashboard_does_not_canonicalize_over_business_navigation" />
    </UnitTest>
    <UnitTest name="VirtualCompany.Web.Tests.WeeklyWorkspaceJourneyTests.Missing_prior_balance_is_unavailable_and_due_schedule_uses_the_full_week" storage="c:\users\johan\source\repos\virtual company\tests\virtualcompany.web.tests\bin\debug\net9.0\virtualcompany.web.tests.dll" id="2f521ba2-bd6e-93a0-5c5c-6653e8d2b9fb">
      <Execution id="8fa662d0-72f5-4841-b9d4-5cff0944bd3e" />
      <TestMethod codeBase="C:\Users\Johan\source\repos\Virtual Company\tests\VirtualCompany.Web.Tests\bin\Debug\net9.0\VirtualCompany.Web.Tests.dll" adapterTypeName="executor://xunit/VsTestRunner2/netcoreapp" className="VirtualCompany.Web.Tests.WeeklyWorkspaceJourneyTests" name="Missing_prior_balance_is_unavailable_and_due_schedule_uses_the_full_week" />
    </UnitTest>
    <UnitTest name="VirtualCompany.Web.Tests.WeeklyWorkspaceJourneyTests.Recovery_states_do_not_keep_old_records(state: &quot;loading&quot;)" storage="c:\users\johan\source\repos\virtual company\tests\virtualcompany.web.tests\bin\debug\net9.0\virtualcompany.web.tests.dll" id="5ce24387-ebe2-f918-bbb7-c49a482be49e">
      <Execution id="82b1f4a7-7ebc-4436-b0d2-950a7ef914f5" />
      <TestMethod codeBase="C:\Users\Johan\source\repos\Virtual Company\tests\VirtualCompany.Web.Tests\bin\Debug\net9.0\VirtualCompany.Web.Tests.dll" adapterTypeName="executor://xunit/VsTestRunner2/netcoreapp" className="VirtualCompany.Web.Tests.WeeklyWorkspaceJourneyTests" name="Recovery_states_do_not_keep_old_records" />
    </UnitTest>
    <UnitTest name="VirtualCompany.Web.Tests.WorkspaceShellTests.Weekly_company_switch_ignores_a_late_response_from_the_previous_company" storage="c:\users\johan\source\repos\virtual company\tests\virtualcompany.web.tests\bin\debug\net9.0\virtualcompany.web.tests.dll" id="17f314e9-0b59-2bed-c5d4-703486311930">
      <Execution id="05300217-3c71-4651-8f9e-586d70533291" />
      <TestMethod codeBase="C:\Users\Johan\source\repos\Virtual Company\tests\VirtualCompany.Web.Tests\bin\Debug\net9.0\VirtualCompany.Web.Tests.dll" adapterTypeName="executor://xunit/VsTestRunner2/netcoreapp" className="VirtualCompany.Web.Tests.WorkspaceShellTests" name="Weekly_company_switch_ignores_a_late_response_from_the_previous_company" />
    </UnitTest>
    <UnitTest name="VirtualCompany.Web.Tests.WeeklyWorkspaceJourneyTests.Missing_sample_and_unauthorized_metric_are_explicit_and_foreign_workspace_is_cleared" storage="c:\users\johan\source\repos\virtual company\tests\virtualcompany.web.tests\bin\debug\net9.0\virtualcompany.web.tests.dll" id="31d5c04d-1e1d-9702-a435-c0e4ba791d7c">
      <Execution id="ebddfd71-87c6-4610-bdf0-8c9b0a8d1419" />
      <TestMethod codeBase="C:\Users\Johan\source\repos\Virtual Company\tests\VirtualCompany.Web.Tests\bin\Debug\net9.0\VirtualCompany.Web.Tests.dll" adapterTypeName="executor://xunit/VsTestRunner2/netcoreapp" className="VirtualCompany.Web.Tests.WeeklyWorkspaceJourneyTests" name="Missing_sample_and_unauthorized_metric_are_explicit_and_foreign_workspace_is_cleared" />
    </UnitTest>
    <UnitTest name="VirtualCompany.Web.Tests.WorkspaceShellTests.Weekly_canonicalization_and_sidebar_return_retain_source_detail_context" storage="c:\users\johan\source\repos\virtual company\tests\virtualcompany.web.tests\bin\debug\net9.0\virtualcompany.web.tests.dll" id="ea906779-28f2-54eb-7f14-47294a688f22">
      <Execution id="281cc691-541a-4a16-8c62-246c30ac0a39" />
      <TestMethod codeBase="C:\Users\Johan\source\repos\Virtual Company\tests\VirtualCompany.Web.Tests\bin\Debug\net9.0\VirtualCompany.Web.Tests.dll" adapterTypeName="executor://xunit/VsTestRunner2/netcoreapp" className="VirtualCompany.Web.Tests.WorkspaceShellTests" name="Weekly_canonicalization_and_sidebar_return_retain_source_detail_context" />
    </UnitTest>
    <UnitTest name="VirtualCompany.Web.Tests.WeeklyWorkspaceJourneyTests.Each_role_renders_weekly_meaning_sources_and_exact_return(lens: &quot;finance&quot;)" storage="c:\users\johan\source\repos\virtual company\tests\virtualcompany.web.tests\bin\debug\net9.0\virtualcompany.web.tests.dll" id="cacbd115-74e2-a15f-7465-52d7671ecd65">
      <Execution id="219bd91a-7488-42e7-b926-691369d1de0c" />
      <TestMethod codeBase="C:\Users\Johan\source\repos\Virtual Company\tests\VirtualCompany.Web.Tests\bin\Debug\net9.0\VirtualCompany.Web.Tests.dll" adapterTypeName="executor://xunit/VsTestRunner2/netcoreapp" className="VirtualCompany.Web.Tests.WeeklyWorkspaceJourneyTests" name="Each_role_renders_weekly_meaning_sources_and_exact_return" />
    </UnitTest>
    <UnitTest name="VirtualCompany.Web.Tests.WeeklyWorkspaceJourneyTests.Period_role_and_week_controls_emit_intended_context" storage="c:\users\johan\source\repos\virtual company\tests\virtualcompany.web.tests\bin\debug\net9.0\virtualcompany.web.tests.dll" id="52b226e5-0f76-9723-e523-411f312d7f7a">
      <Execution id="9d28737c-fa8a-46ec-a317-d25184d15e8b" />
      <TestMethod codeBase="C:\Users\Johan\source\repos\Virtual Company\tests\VirtualCompany.Web.Tests\bin\Debug\net9.0\VirtualCompany.Web.Tests.dll" adapterTypeName="executor://xunit/VsTestRunner2/netcoreapp" className="VirtualCompany.Web.Tests.WeeklyWorkspaceJourneyTests" name="Period_role_and_week_controls_emit_intended_context" />
    </UnitTest>
    <UnitTest name="VirtualCompany.Web.Tests.WorkspaceShellTests.Company_picker_excludes_inactive_memberships_and_starts_new_company_at_its_default" storage="c:\users\johan\source\repos\virtual company\tests\virtualcompany.web.tests\bin\debug\net9.0\virtualcompany.web.tests.dll" id="2d2688a7-35c4-5d7b-aa95-a4066895b411">
      <Execution id="803b394b-7aa9-4b71-8f07-0b7c5aa1e099" />
      <TestMethod codeBase="C:\Users\Johan\source\repos\Virtual Company\tests\VirtualCompany.Web.Tests\bin\Debug\net9.0\VirtualCompany.Web.Tests.dll" adapterTypeName="executor://xunit/VsTestRunner2/netcoreapp" className="VirtualCompany.Web.Tests.WorkspaceShellTests" name="Company_picker_excludes_inactive_memberships_and_starts_new_company_at_its_default" />
    </UnitTest>
    <UnitTest name="VirtualCompany.Web.Tests.WeeklyWorkspaceJourneyTests.Campaign_source_opens_the_exact_scoped_record_or_explicitly_refuses_an_unknown_id(unknown: False)" storage="c:\users\johan\source\repos\virtual company\tests\virtualcompany.web.tests\bin\debug\net9.0\virtualcompany.web.tests.dll" id="68940689-6a23-e954-c7b7-67bcc9f23cc6">
      <Execution id="b910b9ef-c6a0-474a-b0c4-7c476fe9596b" />
      <TestMethod codeBase="C:\Users\Johan\source\repos\Virtual Company\tests\VirtualCompany.Web.Tests\bin\Debug\net9.0\VirtualCompany.Web.Tests.dll" adapterTypeName="executor://xunit/VsTestRunner2/netcoreapp" className="VirtualCompany.Web.Tests.WeeklyWorkspaceJourneyTests" name="Campaign_source_opens_the_exact_scoped_record_or_explicitly_refuses_an_unknown_id" />
    </UnitTest>
    <UnitTest name="VirtualCompany.Web.Tests.WorkspaceShellTests.Company_context_label_does_not_reuse_the_active_company_on_a_foreign_link" storage="c:\users\johan\source\repos\virtual company\tests\virtualcompany.web.tests\bin\debug\net9.0\virtualcompany.web.tests.dll" id="029f535c-54e4-5992-e61b-8e57ae744e9f">
      <Execution id="718a98e3-c856-4671-854f-11cbdea37345" />
      <TestMethod codeBase="C:\Users\Johan\source\repos\Virtual Company\tests\VirtualCompany.Web.Tests\bin\Debug\net9.0\VirtualCompany.Web.Tests.dll" adapterTypeName="executor://xunit/VsTestRunner2/netcoreapp" className="VirtualCompany.Web.Tests.WorkspaceShellTests" name="Company_context_label_does_not_reuse_the_active_company_on_a_foreign_link" />
    </UnitTest>
    <UnitTest name="VirtualCompany.Web.Tests.WeeklyWorkspaceJourneyTests.Each_role_renders_weekly_meaning_sources_and_exact_return(lens: &quot;company&quot;)" storage="c:\users\johan\source\repos\virtual company\tests\virtualcompany.web.tests\bin\debug\net9.0\virtualcompany.web.tests.dll" id="d73ac0ed-a0da-0805-eca4-c0650cfad645">
      <Execution id="21f60cae-5675-4f78-b08c-40aeb2f56518" />
      <TestMethod codeBase="C:\Users\Johan\source\repos\Virtual Company\tests\VirtualCompany.Web.Tests\bin\Debug\net9.0\VirtualCompany.Web.Tests.dll" adapterTypeName="executor://xunit/VsTestRunner2/netcoreapp" className="VirtualCompany.Web.Tests.WeeklyWorkspaceJourneyTests" name="Each_role_renders_weekly_meaning_sources_and_exact_return" />
    </UnitTest>
    <UnitTest name="VirtualCompany.Web.Tests.WeeklyWorkspaceJourneyTests.Campaign_source_opens_the_exact_scoped_record_or_explicitly_refuses_an_unknown_id(unknown: True)" storage="c:\users\johan\source\repos\virtual company\tests\virtualcompany.web.tests\bin\debug\net9.0\virtualcompany.web.tests.dll" id="4ac1f85b-f858-0b3b-e10b-1757e7520dac">
      <Execution id="97e1f3d3-d171-4c9e-b81b-443cc1a06620" />
      <TestMethod codeBase="C:\Users\Johan\source\repos\Virtual Company\tests\VirtualCompany.Web.Tests\bin\Debug\net9.0\VirtualCompany.Web.Tests.dll" adapterTypeName="executor://xunit/VsTestRunner2/netcoreapp" className="VirtualCompany.Web.Tests.WeeklyWorkspaceJourneyTests" name="Campaign_source_opens_the_exact_scoped_record_or_explicitly_refuses_an_unknown_id" />
    </UnitTest>
    <UnitTest name="VirtualCompany.Web.Tests.WorkspaceShellTests.Monthly_switching_keeps_the_selected_month_and_return_origin" storage="c:\users\johan\source\repos\virtual company\tests\virtualcompany.web.tests\bin\debug\net9.0\virtualcompany.web.tests.dll" id="262bf405-f1f7-dbe1-b3bd-73bb37bf7dbb">
      <Execution id="1780541c-82de-483a-9fc5-196634e8154d" />
      <TestMethod codeBase="C:\Users\Johan\source\repos\Virtual Company\tests\VirtualCompany.Web.Tests\bin\Debug\net9.0\VirtualCompany.Web.Tests.dll" adapterTypeName="executor://xunit/VsTestRunner2/netcoreapp" className="VirtualCompany.Web.Tests.WorkspaceShellTests" name="Monthly_switching_keeps_the_selected_month_and_return_origin" />
    </UnitTest>
    <UnitTest name="VirtualCompany.Web.Tests.WeeklyWorkspaceJourneyTests.Each_role_renders_weekly_meaning_sources_and_exact_return(lens: &quot;customers&quot;)" storage="c:\users\johan\source\repos\virtual company\tests\virtualcompany.web.tests\bin\debug\net9.0\virtualcompany.web.tests.dll" id="d41af1fd-65e1-f48b-70d7-ef03f3e917dd">
      <Execution id="55ada728-a7d8-4349-b95b-81f95ecdd590" />
      <TestMethod codeBase="C:\Users\Johan\source\repos\Virtual Company\tests\VirtualCompany.Web.Tests\bin\Debug\net9.0\VirtualCompany.Web.Tests.dll" adapterTypeName="executor://xunit/VsTestRunner2/netcoreapp" className="VirtualCompany.Web.Tests.WeeklyWorkspaceJourneyTests" name="Each_role_renders_weekly_meaning_sources_and_exact_return" />
    </UnitTest>
    <UnitTest name="VirtualCompany.Web.Tests.WeeklyWorkspaceJourneyTests.Recovery_states_do_not_keep_old_records(state: &quot;error&quot;)" storage="c:\users\johan\source\repos\virtual company\tests\virtualcompany.web.tests\bin\debug\net9.0\virtualcompany.web.tests.dll" id="238df17e-3aa0-7074-5a92-893e56299039">
      <Execution id="4a6d5d60-328e-47ff-9b85-b68a2f6f87aa" />
      <TestMethod codeBase="C:\Users\Johan\source\repos\Virtual Company\tests\VirtualCompany.Web.Tests\bin\Debug\net9.0\VirtualCompany.Web.Tests.dll" adapterTypeName="executor://xunit/VsTestRunner2/netcoreapp" className="VirtualCompany.Web.Tests.WeeklyWorkspaceJourneyTests" name="Recovery_states_do_not_keep_old_records" />
    </UnitTest>
    <UnitTest name="VirtualCompany.Web.Tests.WeeklyWorkspaceJourneyTests.Recovery_states_do_not_keep_old_records(state: &quot;empty&quot;)" storage="c:\users\johan\source\repos\virtual company\tests\virtualcompany.web.tests\bin\debug\net9.0\virtualcompany.web.tests.dll" id="be226502-b68b-8d6d-b640-b757585562fe">
      <Execution id="7f5e550d-81c8-4c74-ac1a-a6263117c6d8" />
      <TestMethod codeBase="C:\Users\Johan\source\repos\Virtual Company\tests\VirtualCompany.Web.Tests\bin\Debug\net9.0\VirtualCompany.Web.Tests.dll" adapterTypeName="executor://xunit/VsTestRunner2/netcoreapp" className="VirtualCompany.Web.Tests.WeeklyWorkspaceJourneyTests" name="Recovery_states_do_not_keep_old_records" />
    </UnitTest>
    <UnitTest name="VirtualCompany.Web.Tests.WorkspaceShellTests.Inactive_or_unknown_company_never_loads_workspace_records" storage="c:\users\johan\source\repos\virtual company\tests\virtualcompany.web.tests\bin\debug\net9.0\virtualcompany.web.tests.dll" id="1f3898c4-2c03-42de-57a7-07968adc709b">
      <Execution id="af0d3698-f4dd-4929-b760-64191ad15f6b" />
      <TestMethod codeBase="C:\Users\Johan\source\repos\Virtual Company\tests\VirtualCompany.Web.Tests\bin\Debug\net9.0\VirtualCompany.Web.Tests.dll" adapterTypeName="executor://xunit/VsTestRunner2/netcoreapp" className="VirtualCompany.Web.Tests.WorkspaceShellTests" name="Inactive_or_unknown_company_never_loads_workspace_records" />
    </UnitTest>
    <UnitTest name="VirtualCompany.Web.Tests.WorkspaceShellTests.Sidebar_overview_keeps_monthly_context_after_opening_a_business_record" storage="c:\users\johan\source\repos\virtual company\tests\virtualcompany.web.tests\bin\debug\net9.0\virtualcompany.web.tests.dll" id="bee11497-269c-f43f-57f8-0323d6961807">
      <Execution id="3a49383b-5955-4ca7-83c3-4ea665fa713e" />
      <TestMethod codeBase="C:\Users\Johan\source\repos\Virtual Company\tests\VirtualCompany.Web.Tests\bin\Debug\net9.0\VirtualCompany.Web.Tests.dll" adapterTypeName="executor://xunit/VsTestRunner2/netcoreapp" className="VirtualCompany.Web.Tests.WorkspaceShellTests" name="Sidebar_overview_keeps_monthly_context_after_opening_a_business_record" />
    </UnitTest>
    <UnitTest name="VirtualCompany.Web.Tests.WorkspaceShellTests.Invalid_monthly_link_shows_a_recoverable_error" storage="c:\users\johan\source\repos\virtual company\tests\virtualcompany.web.tests\bin\debug\net9.0\virtualcompany.web.tests.dll" id="1734ceae-1455-9448-ce56-0cbba843f2a3">
      <Execution id="7e46d16f-9c34-4d4c-bc2d-687c9a53271e" />
      <TestMethod codeBase="C:\Users\Johan\source\repos\Virtual Company\tests\VirtualCompany.Web.Tests\bin\Debug\net9.0\VirtualCompany.Web.Tests.dll" adapterTypeName="executor://xunit/VsTestRunner2/netcoreapp" className="VirtualCompany.Web.Tests.WorkspaceShellTests" name="Invalid_monthly_link_shows_a_recoverable_error" />
    </UnitTest>
  </TestDefinitions>
  <TestEntries>
    <TestEntry testId="d73ac0ed-a0da-0805-eca4-c0650cfad645" executionId="21f60cae-5675-4f78-b08c-40aeb2f56518" testListId="8c84fa94-04c1-424b-9868-57a2d4851a1d" />
    <TestEntry testId="52b226e5-0f76-9723-e523-411f312d7f7a" executionId="9d28737c-fa8a-46ec-a317-d25184d15e8b" testListId="8c84fa94-04c1-424b-9868-57a2d4851a1d" />
    <TestEntry testId="262bf405-f1f7-dbe1-b3bd-73bb37bf7dbb" executionId="1780541c-82de-483a-9fc5-196634e8154d" testListId="8c84fa94-04c1-424b-9868-57a2d4851a1d" />
    <TestEntry testId="be226502-b68b-8d6d-b640-b757585562fe" executionId="7f5e550d-81c8-4c74-ac1a-a6263117c6d8" testListId="8c84fa94-04c1-424b-9868-57a2d4851a1d" />
    <TestEntry testId="08465cde-c40a-d60b-408f-75996f0de76d" executionId="1a0aa3af-697e-48c8-81ac-791fc222b15d" testListId="8c84fa94-04c1-424b-9868-57a2d4851a1d" />
    <TestEntry testId="c29374c9-2ba3-7152-1147-2006e04d8d4f" executionId="b58f617a-f4ad-4a4c-956b-a7f2c33e2657" testListId="8c84fa94-04c1-424b-9868-57a2d4851a1d" />
    <TestEntry testId="cacbd115-74e2-a15f-7465-52d7671ecd65" executionId="219bd91a-7488-42e7-b926-691369d1de0c" testListId="8c84fa94-04c1-424b-9868-57a2d4851a1d" />
    <TestEntry testId="029f535c-54e4-5992-e61b-8e57ae744e9f" executionId="718a98e3-c856-4671-854f-11cbdea37345" testListId="8c84fa94-04c1-424b-9868-57a2d4851a1d" />
    <TestEntry testId="0a9db70d-7b49-b4fb-4337-8b3e813916c0" executionId="64bd491f-98ac-4fda-873d-03ae10085949" testListId="8c84fa94-04c1-424b-9868-57a2d4851a1d" />
    <TestEntry testId="238df17e-3aa0-7074-5a92-893e56299039" executionId="4a6d5d60-328e-47ff-9b85-b68a2f6f87aa" testListId="8c84fa94-04c1-424b-9868-57a2d4851a1d" />
    <TestEntry testId="1efe5018-2894-834f-758e-14318d0174e7" executionId="2fc831b6-7451-4c68-ae6d-c4b161b9ac14" testListId="8c84fa94-04c1-424b-9868-57a2d4851a1d" />
    <TestEntry testId="1f3898c4-2c03-42de-57a7-07968adc709b" executionId="af0d3698-f4dd-4929-b760-64191ad15f6b" testListId="8c84fa94-04c1-424b-9868-57a2d4851a1d" />
    <TestEntry testId="2d2688a7-35c4-5d7b-aa95-a4066895b411" executionId="803b394b-7aa9-4b71-8f07-0b7c5aa1e099" testListId="8c84fa94-04c1-424b-9868-57a2d4851a1d" />
    <TestEntry testId="5ce24387-ebe2-f918-bbb7-c49a482be49e" executionId="82b1f4a7-7ebc-4436-b0d2-950a7ef914f5" testListId="8c84fa94-04c1-424b-9868-57a2d4851a1d" />
    <TestEntry testId="d41af1fd-65e1-f48b-70d7-ef03f3e917dd" executionId="55ada728-a7d8-4349-b95b-81f95ecdd590" testListId="8c84fa94-04c1-424b-9868-57a2d4851a1d" />
    <TestEntry testId="79261410-4f26-733d-c7e7-c703a440e9cf" executionId="aefe9176-1c59-467b-a1c1-5e92ae6c66a2" testListId="8c84fa94-04c1-424b-9868-57a2d4851a1d" />
    <TestEntry testId="ea906779-28f2-54eb-7f14-47294a688f22" executionId="281cc691-541a-4a16-8c62-246c30ac0a39" testListId="8c84fa94-04c1-424b-9868-57a2d4851a1d" />
    <TestEntry testId="bee11497-269c-f43f-57f8-0323d6961807" executionId="3a49383b-5955-4ca7-83c3-4ea665fa713e" testListId="8c84fa94-04c1-424b-9868-57a2d4851a1d" />
    <TestEntry testId="2f521ba2-bd6e-93a0-5c5c-6653e8d2b9fb" executionId="8fa662d0-72f5-4841-b9d4-5cff0944bd3e" testListId="8c84fa94-04c1-424b-9868-57a2d4851a1d" />
    <TestEntry testId="17f314e9-0b59-2bed-c5d4-703486311930" executionId="05300217-3c71-4651-8f9e-586d70533291" testListId="8c84fa94-04c1-424b-9868-57a2d4851a1d" />
    <TestEntry testId="31d5c04d-1e1d-9702-a435-c0e4ba791d7c" executionId="ebddfd71-87c6-4610-bdf0-8c9b0a8d1419" testListId="8c84fa94-04c1-424b-9868-57a2d4851a1d" />
    <TestEntry testId="7720a092-b105-e7ea-96f8-ebc18cb962ab" executionId="0e1850ef-895b-42a9-ac02-a9aca7eeac81" testListId="8c84fa94-04c1-424b-9868-57a2d4851a1d" />
    <TestEntry testId="68940689-6a23-e954-c7b7-67bcc9f23cc6" executionId="b910b9ef-c6a0-474a-b0c4-7c476fe9596b" testListId="8c84fa94-04c1-424b-9868-57a2d4851a1d" />
    <TestEntry testId="3994f506-2423-b406-8f99-775b69f0bbb9" executionId="5d45ad1b-934a-40cb-8bb9-66e23d76955d" testListId="8c84fa94-04c1-424b-9868-57a2d4851a1d" />
    <TestEntry testId="89ec513a-08e7-993e-b9e1-e87fe9d4c7f1" executionId="76be0b26-9415-416c-8aea-256c42d0f164" testListId="8c84fa94-04c1-424b-9868-57a2d4851a1d" />
    <TestEntry testId="b3daf40b-2c65-4171-e030-e49e22a9d524" executionId="f20591c8-af2f-4a52-be43-a2cae6907de9" testListId="8c84fa94-04c1-424b-9868-57a2d4851a1d" />
    <TestEntry testId="4ac1f85b-f858-0b3b-e10b-1757e7520dac" executionId="97e1f3d3-d171-4c9e-b81b-443cc1a06620" testListId="8c84fa94-04c1-424b-9868-57a2d4851a1d" />
    <TestEntry testId="1734ceae-1455-9448-ce56-0cbba843f2a3" executionId="7e46d16f-9c34-4d4c-bc2d-687c9a53271e" testListId="8c84fa94-04c1-424b-9868-57a2d4851a1d" />
  </TestEntries>
  <TestLists>
    <TestList name="Results Not in a List" id="8c84fa94-04c1-424b-9868-57a2d4851a1d" />
    <TestList name="All Loaded Results" id="19431567-8539-422a-85d7-44ee4e166bda" />
  </TestLists>
  <ResultSummary outcome="Completed">
    <Counters total="28" executed="28" passed="28" failed="0" error="0" timeout="0" aborted="0" inconclusive="0" passedButRunAborted="0" notRunnable="0" notExecuted="0" disconnected="0" warning="0" completed="0" inProgress="0" pending="0" />
    <Output>
      <StdOut>[xUnit.net 00:00:00.00] xUnit.net VSTest Adapter v2.8.2+699d445a1a (64-bit .NET 9.0.19)&#xD;
[xUnit.net 00:00:00.21]   Discovering: VirtualCompany.Web.Tests&#xD;
[xUnit.net 00:00:00.28]   Discovered:  VirtualCompany.Web.Tests&#xD;
[xUnit.net 00:00:00.29]   Starting:    VirtualCompany.Web.Tests&#xD;
[xUnit.net 00:00:01.57]   Finished:    VirtualCompany.Web.Tests&#xD;
</StdOut>
    </Output>
  </ResultSummary>
</TestRun>