<?xml version="1.0" encoding="utf-8"?>
<TestRun id="9f0c3d85-17a5-4f3d-ae83-2d4b9a65685d" name="Johan@DESKTOP-388F6FT 2026-10-02 09:31:12" runUser="DESKTOP-388F6FT\CodexSandboxOffline" xmlns="http://microsoft.com/schemas/VisualStudio/TeamTest/2010">
  <Times creation="2026-10-02T09:31:12.2304332+02:00" queuing="2026-10-02T09:31:12.2304334+02:00" start="2026-10-02T09:31:11.7866895+02:00" finish="2026-10-02T09:31:26.2997567+02:00" />
  <TestSettings name="default" id="95eafb93-8d93-4024-afea-82b35085d11a">
    <Deployment runDeploymentRoot="Johan_DESKTOP-388F6FT_2026-10-02_09_31_12" />
  </TestSettings>
  <Results>
    <UnitTestResult executionId="ece2177a-0673-4bf6-8e6a-2a1fbc9a0760" testId="d5194572-b89a-b4d8-d5da-4c2069506ff4" testName="VirtualCompany.Finance.Tests.TreasuryWorkspaceQueryServiceTests.Read_model_rejects_a_company_outside_the_resolved_tenant_before_loading_sources" computerName="DESKTOP-388F6FT" duration="00:00:00.0795066" startTime="2026-10-02T09:31:12.2701563+02:00" endTime="2026-10-02T09:31:12.2701568+02:00" testType="13cdc9d9-ddb5-4fa4-a97d-d965ccfc6d4b" outcome="Passed" testListId="8c84fa94-04c1-424b-9868-57a2d4851a1d" relativeResultsDirectory="ece2177a-0673-4bf6-8e6a-2a1fbc9a0760" />
    <UnitTestResult executionId="50368a62-b239-4d3e-b5ef-db74214a7b97" testId="aa76cc32-aadf-e374-9f2c-e96f21b4d1db" testName="VirtualCompany.Finance.Tests.FinanceOperationalReportTests.Owning_aging_buckets_use_UTC_calendar_cutoff_and_missing_cash_is_not_zero(days: 60, bucket: &quot;past_due_31_60&quot;)" computerName="DESKTOP-388F6FT" duration="00:00:00.4813515" startTime="2026-10-02T09:31:25.3095821+02:00" endTime="2026-10-02T09:31:25.3095824+02:00" testType="13cdc9d9-ddb5-4fa4-a97d-d965ccfc6d4b" outcome="Passed" testListId="8c84fa94-04c1-424b-9868-57a2d4851a1d" relativeResultsDirectory="50368a62-b239-4d3e-b5ef-db74214a7b97" />
    <UnitTestResult executionId="4828ddb6-6c34-4df9-a5f2-c03e9ad856b0" testId="050194f2-76cb-fc79-3a17-dea7c7735929" testName="VirtualCompany.Finance.Tests.FinanceTodayPlanTests.One_recorded_version_uses_authoritative_variance_and_never_claims_approval" computerName="DESKTOP-388F6FT" duration="00:00:00.0197629" startTime="2026-10-02T09:31:12.2167186+02:00" endTime="2026-10-02T09:31:12.2167187+02:00" testType="13cdc9d9-ddb5-4fa4-a97d-d965ccfc6d4b" outcome="Passed" testListId="8c84fa94-04c1-424b-9868-57a2d4851a1d" relativeResultsDirectory="4828ddb6-6c34-4df9-a5f2-c03e9ad856b0" />
    <UnitTestResult executionId="f16973ef-f8cb-43bf-b7b3-ed915271a78f" testId="f99403a4-86db-fcfa-d99f-e4d7bad83858" testName="VirtualCompany.Finance.Tests.PaymentBatchEligibilityPolicyTests.Evaluate_blocks_control_failures_with_stable_reason_codes(held: False, disputed: False, settled: False, duplicate: False, beneficiaryVerified: True, sourceCurrent: False, cash: 5000, expectedReasonCode: &quot;payment_batch_source_changed&quot;)" computerName="DESKTOP-388F6FT" duration="00:00:00.0079604" startTime="2026-10-02T09:31:12.2155662+02:00" endTime="2026-10-02T09:31:12.2155662+02:00" testType="13cdc9d9-ddb5-4fa4-a97d-d965ccfc6d4b" outcome="Passed" testListId="8c84fa94-04c1-424b-9868-57a2d4851a1d" relativeResultsDirectory="f16973ef-f8cb-43bf-b7b3-ed915271a78f" />
    <UnitTestResult executionId="37f64f2f-e5b0-4ff2-89e4-f9289b7635c9" testId="eb01c47d-1ec4-e398-cbc9-456559a20f29" testName="VirtualCompany.Finance.Tests.TreasuryWorkspacePolicyTests.Reconciliation_and_payment_cancellation_never_bypass_authority" computerName="DESKTOP-388F6FT" duration="00:00:00.0001407" startTime="2026-10-02T09:31:12.2154789+02:00" endTime="2026-10-02T09:31:12.2154790+02:00" testType="13cdc9d9-ddb5-4fa4-a97d-d965ccfc6d4b" outcome="Passed" testListId="8c84fa94-04c1-424b-9868-57a2d4851a1d" relativeResultsDirectory="37f64f2f-e5b0-4ff2-89e4-f9289b7635c9" />
    <UnitTestResult executionId="ab795f87-0976-4f11-b7d3-a523af9982e6" testId="9a24823f-a7a6-c04a-d734-cc4fb64a9f7b" testName="VirtualCompany.Finance.Tests.FinanceOperationalReportTests.Owning_aging_buckets_use_UTC_calendar_cutoff_and_missing_cash_is_not_zero(days: 90, bucket: &quot;past_due_61_90&quot;)" computerName="DESKTOP-388F6FT" duration="00:00:00.5483608" startTime="2026-10-02T09:31:23.8551025+02:00" endTime="2026-10-02T09:31:23.8551026+02:00" testType="13cdc9d9-ddb5-4fa4-a97d-d965ccfc6d4b" outcome="Passed" testListId="8c84fa94-04c1-424b-9868-57a2d4851a1d" relativeResultsDirectory="ab795f87-0976-4f11-b7d3-a523af9982e6" />
    <UnitTestResult executionId="34822322-af6b-453a-b448-ddd017fde18b" testId="f6408947-cbb3-4660-ed23-73c3b53aa64b" testName="VirtualCompany.Finance.Tests.TreasuryWorkspacePolicyTests.Liquidity_risk_exposes_investigation_without_mutating_state(risk: &quot;critical&quot;)" computerName="DESKTOP-388F6FT" duration="00:00:00.0045648" startTime="2026-10-02T09:31:12.1989268+02:00" endTime="2026-10-02T09:31:12.1989269+02:00" testType="13cdc9d9-ddb5-4fa4-a97d-d965ccfc6d4b" outcome="Passed" testListId="8c84fa94-04c1-424b-9868-57a2d4851a1d" relativeResultsDirectory="34822322-af6b-453a-b448-ddd017fde18b" />
    <UnitTestResult executionId="6c7749bb-08d0-43d6-8932-abdf13fb1e1c" testId="70821aed-7661-563a-9f3b-6e2f1d96da94" testName="VirtualCompany.Finance.Tests.FinanceOperationalReportTests.Owning_aging_buckets_use_UTC_calendar_cutoff_and_missing_cash_is_not_zero(days: 30, bucket: &quot;past_due_1_30&quot;)" computerName="DESKTOP-388F6FT" duration="00:00:00.4918102" startTime="2026-10-02T09:31:24.8281824+02:00" endTime="2026-10-02T09:31:24.8281825+02:00" testType="13cdc9d9-ddb5-4fa4-a97d-d965ccfc6d4b" outcome="Passed" testListId="8c84fa94-04c1-424b-9868-57a2d4851a1d" relativeResultsDirectory="6c7749bb-08d0-43d6-8932-abdf13fb1e1c" />
    <UnitTestResult executionId="cc7f796a-b387-4001-95df-7e27d120d836" testId="046c0813-2e4d-0d50-b42c-2c2af6e4efad" testName="VirtualCompany.Finance.Tests.TreasuryMovementServiceTests.Bank_fee_and_interest_use_explicit_expense_and_income_counterparts" computerName="DESKTOP-388F6FT" duration="00:00:00.5925987" startTime="2026-10-02T09:31:23.9381128+02:00" endTime="2026-10-02T09:31:23.9381129+02:00" testType="13cdc9d9-ddb5-4fa4-a97d-d965ccfc6d4b" outcome="Passed" testListId="8c84fa94-04c1-424b-9868-57a2d4851a1d" relativeResultsDirectory="cc7f796a-b387-4001-95df-7e27d120d836" />
    <UnitTestResult executionId="09af79be-c7df-4e67-81a9-06b1da7d3560" testId="912f793b-051a-c5f1-c447-1f38a045aa03" testName="VirtualCompany.Finance.Tests.FinanceTodayPlanTests.Revoked_finance_access_is_not_downgraded_to_a_planning_gap" computerName="DESKTOP-388F6FT" duration="00:00:00.0011229" startTime="2026-10-02T09:31:12.2167325+02:00" endTime="2026-10-02T09:31:12.2167326+02:00" testType="13cdc9d9-ddb5-4fa4-a97d-d965ccfc6d4b" outcome="Passed" testListId="8c84fa94-04c1-424b-9868-57a2d4851a1d" relativeResultsDirectory="09af79be-c7df-4e67-81a9-06b1da7d3560" />
    <UnitTestResult executionId="7c4221a5-7c64-41b8-979d-c5ff9ca3f9a7" testId="3e2bfa1a-3bc4-480a-41f3-1fad642202bd" testName="VirtualCompany.Finance.Tests.TreasuryWorkspaceQueryServiceTests.Read_model_is_tenant_scoped_bounded_and_reports_source_freshness_and_gap_recovery" computerName="DESKTOP-388F6FT" duration="00:00:09.3379060" startTime="2026-10-02T09:31:21.6081431+02:00" endTime="2026-10-02T09:31:21.6081432+02:00" testType="13cdc9d9-ddb5-4fa4-a97d-d965ccfc6d4b" outcome="Passed" testListId="8c84fa94-04c1-424b-9868-57a2d4851a1d" relativeResultsDirectory="7c4221a5-7c64-41b8-979d-c5ff9ca3f9a7" />
    <UnitTestResult executionId="8f3e3543-d615-4bba-8956-682d9373b35b" testId="f29d7f56-8e36-3e06-93da-1f414fa9e595" testName="VirtualCompany.Finance.Tests.TreasuryMovementServiceTests.Material_source_accepts_only_an_approved_treasury_request_for_its_resulting_version" computerName="DESKTOP-388F6FT" duration="00:00:00.5018928" startTime="2026-10-02T09:31:25.5174408+02:00" endTime="2026-10-02T09:31:25.5174410+02:00" testType="13cdc9d9-ddb5-4fa4-a97d-d965ccfc6d4b" outcome="Passed" testListId="8c84fa94-04c1-424b-9868-57a2d4851a1d" relativeResultsDirectory="8f3e3543-d615-4bba-8956-682d9373b35b" />
    <UnitTestResult executionId="1494f9b5-dcc0-4582-ace7-71178c809296" testId="c4753eed-5358-a5c2-b493-125f9f820e5d" testName="VirtualCompany.Finance.Tests.FinanceTodayPlanTests.Failed_planning_keeps_cash_and_logs_only_error_type" computerName="DESKTOP-388F6FT" duration="00:00:00.0056042" startTime="2026-10-02T09:31:12.2172199+02:00" endTime="2026-10-02T09:31:12.2172200+02:00" testType="13cdc9d9-ddb5-4fa4-a97d-d965ccfc6d4b" outcome="Passed" testListId="8c84fa94-04c1-424b-9868-57a2d4851a1d" relativeResultsDirectory="1494f9b5-dcc0-4582-ace7-71178c809296" />
    <UnitTestResult executionId="05e0a821-84e7-466c-a88a-7adf65f2c1cd" testId="2f3623ef-3016-98d3-4ea0-7607325649d9" testName="VirtualCompany.Finance.Tests.PaymentBatchServiceTests.Beneficiary_change_invalidates_pending_approval_and_generated_artifacts" computerName="DESKTOP-388F6FT" duration="00:00:01.5035395" startTime="2026-10-02T09:31:23.0353395+02:00" endTime="2026-10-02T09:31:23.0353396+02:00" testType="13cdc9d9-ddb5-4fa4-a97d-d965ccfc6d4b" outcome="Passed" testListId="8c84fa94-04c1-424b-9868-57a2d4851a1d" relativeResultsDirectory="05e0a821-84e7-466c-a88a-7adf65f2c1cd" />
    <UnitTestResult executionId="800a0532-6bd1-48a4-be55-433baa3725d9" testId="ca7a4444-d439-a4b9-0575-a89c4b31fe1a" testName="VirtualCompany.Finance.Tests.FinanceOperationalReportTests.Cutoff_current_paid_balances_currency_and_horizon_reconcile_to_included_sources_without_writes" computerName="DESKTOP-388F6FT" duration="00:00:00.4587018" startTime="2026-10-02T09:31:26.2377531+02:00" endTime="2026-10-02T09:31:26.2377532+02:00" testType="13cdc9d9-ddb5-4fa4-a97d-d965ccfc6d4b" outcome="Passed" testListId="8c84fa94-04c1-424b-9868-57a2d4851a1d" relativeResultsDirectory="800a0532-6bd1-48a4-be55-433baa3725d9" />
    <UnitTestResult executionId="8a8db5e7-83fd-4bb4-90d9-0c0199389887" testId="70a7c31e-2ec1-212a-5f2e-08f1f05b1bb9" testName="VirtualCompany.Finance.Tests.FinanceOperationalReportTests.Report_reuses_record_source_policy_and_links_the_same_review_scope" computerName="DESKTOP-388F6FT" duration="00:00:09.3657222" startTime="2026-10-02T09:31:21.5564087+02:00" endTime="2026-10-02T09:31:21.5564088+02:00" testType="13cdc9d9-ddb5-4fa4-a97d-d965ccfc6d4b" outcome="Passed" testListId="8c84fa94-04c1-424b-9868-57a2d4851a1d" relativeResultsDirectory="8a8db5e7-83fd-4bb4-90d9-0c0199389887" />
    <UnitTestResult executionId="32378abf-91c9-4ee0-9934-3b9f422b990f" testId="b1c3ae8d-d265-9a42-8917-361ef2b02611" testName="VirtualCompany.Finance.Tests.PaymentExecutionDomainTests.Malformed_http_success_can_retain_provider_identity_only_for_reconciliation" computerName="DESKTOP-388F6FT" duration="00:00:00.0001241" startTime="2026-10-02T09:31:12.2155175+02:00" endTime="2026-10-02T09:31:12.2155176+02:00" testType="13cdc9d9-ddb5-4fa4-a97d-d965ccfc6d4b" outcome="Passed" testListId="8c84fa94-04c1-424b-9868-57a2d4851a1d" relativeResultsDirectory="32378abf-91c9-4ee0-9934-3b9f422b990f" />
    <UnitTestResult executionId="35fb3a96-24a6-4ef3-a17a-69714abcbddc" testId="92c93e2b-15c5-7f19-3b9f-988653047782" testName="VirtualCompany.Finance.Tests.PaymentBatchEligibilityPolicyTests.Evaluate_honors_configured_bank_holidays" computerName="DESKTOP-388F6FT" duration="00:00:00.0012482" startTime="2026-10-02T09:31:12.2167071+02:00" endTime="2026-10-02T09:31:12.2167072+02:00" testType="13cdc9d9-ddb5-4fa4-a97d-d965ccfc6d4b" outcome="Passed" testListId="8c84fa94-04c1-424b-9868-57a2d4851a1d" relativeResultsDirectory="35fb3a96-24a6-4ef3-a17a-69714abcbddc" />
    <UnitTestResult executionId="c435037a-3f8e-4f50-90ee-e3268ea5eef9" testId="a882d7f8-038c-c7a2-4f33-2cf2e4261985" testName="VirtualCompany.Finance.Tests.TreasuryMovementServiceTests.Stale_bank_link_version_is_rejected_before_evidence_changes" computerName="DESKTOP-388F6FT" duration="00:00:00.9748594" startTime="2026-10-02T09:31:22.6440199+02:00" endTime="2026-10-02T09:31:22.6440200+02:00" testType="13cdc9d9-ddb5-4fa4-a97d-d965ccfc6d4b" outcome="Passed" testListId="8c84fa94-04c1-424b-9868-57a2d4851a1d" relativeResultsDirectory="c435037a-3f8e-4f50-90ee-e3268ea5eef9" />
    <UnitTestResult executionId="177c83ef-5413-42cc-9d96-8be257a4ba2f" testId="b35a35e5-8cdc-dc77-25a2-4493bba8dee4" testName="VirtualCompany.Finance.Tests.TreasuryMovementServiceTests.Cross_currency_transfer_and_cross_company_access_are_blocked_explicitly" computerName="DESKTOP-388F6FT" duration="00:00:00.4692082" startTime="2026-10-02T09:31:25.9867754+02:00" endTime="2026-10-02T09:31:25.9867757+02:00" testType="13cdc9d9-ddb5-4fa4-a97d-d965ccfc6d4b" outcome="Passed" testListId="8c84fa94-04c1-424b-9868-57a2d4851a1d" relativeResultsDirectory="177c83ef-5413-42cc-9d96-8be257a4ba2f" />
    <UnitTestResult executionId="34e6516f-b8f7-4903-b418-c9233aa9a6a0" testId="4710d540-6402-3adc-d670-a4cb93705bc4" testName="VirtualCompany.Finance.Tests.PaymentExecutionDomainTests.Provider_completion_is_distinct_from_booked_bank_settlement" computerName="DESKTOP-388F6FT" duration="00:00:00.0003130" startTime="2026-10-02T09:31:12.2155456+02:00" endTime="2026-10-02T09:31:12.2155457+02:00" testType="13cdc9d9-ddb5-4fa4-a97d-d965ccfc6d4b" outcome="Passed" testListId="8c84fa94-04c1-424b-9868-57a2d4851a1d" relativeResultsDirectory="34e6516f-b8f7-4903-b418-c9233aa9a6a0" />
    <UnitTestResult executionId="c4c0d0e3-5fe8-4a95-9693-5f4100990afb" testId="c27d627a-2c56-9e19-a121-76c40f4a19fe" testName="VirtualCompany.Finance.Tests.PaymentBatchServiceTests.Lifecycle_creates_immutable_instructions_enforces_dual_approval_and_has_no_bank_side_effect" computerName="DESKTOP-388F6FT" duration="00:00:00.6900788" startTime="2026-10-02T09:31:23.7254924+02:00" endTime="2026-10-02T09:31:23.7254925+02:00" testType="13cdc9d9-ddb5-4fa4-a97d-d965ccfc6d4b" outcome="Passed" testListId="8c84fa94-04c1-424b-9868-57a2d4851a1d" relativeResultsDirectory="c4c0d0e3-5fe8-4a95-9693-5f4100990afb" />
    <UnitTestResult executionId="5dcc3df6-63d4-4edd-977e-1816c318dcd9" testId="ead65b4e-7ce8-d753-36a5-6b3bc5c11ef0" testName="VirtualCompany.Finance.Tests.TreasuryMovementServiceTests.Ambiguous_payout_remains_visible_and_never_invents_a_counterpart" computerName="DESKTOP-388F6FT" duration="00:00:00.5412385" startTime="2026-10-02T09:31:25.0154769+02:00" endTime="2026-10-02T09:31:25.0154770+02:00" testType="13cdc9d9-ddb5-4fa4-a97d-d965ccfc6d4b" outcome="Passed" testListId="8c84fa94-04c1-424b-9868-57a2d4851a1d" relativeResultsDirectory="5dcc3df6-63d4-4edd-977e-1816c318dcd9" />
    <UnitTestResult executionId="2b6e211a-9302-490d-8c72-f584ab584d0a" testId="d8ed3f39-7073-0201-da33-51aa7dab9fd9" testName="VirtualCompany.Finance.Tests.PaymentBatchEligibilityPolicyTests.Evaluate_blocks_control_failures_with_stable_reason_codes(held: True, disputed: False, settled: False, duplicate: False, beneficiaryVerified: True, sourceCurrent: True, cash: 5000, expectedReasonCode: &quot;payment_batch_obligation_held&quot;)" computerName="DESKTOP-388F6FT" duration="00:00:00.0002142" startTime="2026-10-02T09:31:12.2163986+02:00" endTime="2026-10-02T09:31:12.2163986+02:00" testType="13cdc9d9-ddb5-4fa4-a97d-d965ccfc6d4b" outcome="Passed" testListId="8c84fa94-04c1-424b-9868-57a2d4851a1d" relativeResultsDirectory="2b6e211a-9302-490d-8c72-f584ab584d0a" />
    <UnitTestResult executionId="404b14a5-b16a-4eb7-be86-6e715a0085db" testId="7fced5f0-17e0-4120-1e21-444f0152b4aa" testName="VirtualCompany.Finance.Tests.FinanceOperationalReportTests.Foreign_context_and_invalid_filters_cannot_read_any_report" computerName="DESKTOP-388F6FT" duration="00:00:00.4693407" startTime="2026-10-02T09:31:25.7790385+02:00" endTime="2026-10-02T09:31:25.7790386+02:00" testType="13cdc9d9-ddb5-4fa4-a97d-d965ccfc6d4b" outcome="Passed" testListId="8c84fa94-04c1-424b-9868-57a2d4851a1d" relativeResultsDirectory="404b14a5-b16a-4eb7-be86-6e715a0085db" />
    <UnitTestResult executionId="e4a10899-399c-435c-a958-6fd5ac5aa4e8" testId="a2b70231-2914-7b3c-d7a7-cdf73d37a15f" testName="VirtualCompany.Finance.Tests.FinanceOperationalReportTests.Owning_aging_buckets_use_UTC_calendar_cutoff_and_missing_cash_is_not_zero(days: 91, bucket: &quot;past_due_over_90&quot;)" computerName="DESKTOP-388F6FT" duration="00:00:00.6823745" startTime="2026-10-02T09:31:23.3067025+02:00" endTime="2026-10-02T09:31:23.3067026+02:00" testType="13cdc9d9-ddb5-4fa4-a97d-d965ccfc6d4b" outcome="Passed" testListId="8c84fa94-04c1-424b-9868-57a2d4851a1d" relativeResultsDirectory="e4a10899-399c-435c-a958-6fd5ac5aa4e8" />
    <UnitTestResult executionId="08f38ac4-f390-44a7-b57e-e1a3ff0771b1" testId="5959ab2e-8de8-2654-68a3-e9ebf9ff3a83" testName="VirtualCompany.Finance.Tests.PaymentBatchEligibilityPolicyTests.Evaluate_prefers_a_valid_early_payment_discount_date" computerName="DESKTOP-388F6FT" duration="00:00:00.0018079" startTime="2026-10-02T09:31:12.2164795+02:00" endTime="2026-10-02T09:31:12.2164796+02:00" testType="13cdc9d9-ddb5-4fa4-a97d-d965ccfc6d4b" outcome="Passed" testListId="8c84fa94-04c1-424b-9868-57a2d4851a1d" relativeResultsDirectory="08f38ac4-f390-44a7-b57e-e1a3ff0771b1" />
    <UnitTestResult executionId="fff44add-8316-4ff0-9905-9ec51ce8a028" testId="cc36b74a-0a5c-708b-1206-7c6b6f141e50" testName="VirtualCompany.Finance.Tests.PaymentBatchEligibilityPolicyTests.Evaluate_optimizes_weekend_due_date_to_previous_business_day" computerName="DESKTOP-388F6FT" duration="00:00:00.0000697" startTime="2026-10-02T09:31:12.2165061+02:00" endTime="2026-10-02T09:31:12.2165062+02:00" testType="13cdc9d9-ddb5-4fa4-a97d-d965ccfc6d4b" outcome="Passed" testListId="8c84fa94-04c1-424b-9868-57a2d4851a1d" relativeResultsDirectory="fff44add-8316-4ff0-9905-9ec51ce8a028" />
    <UnitTestResult executionId="00b61dea-c58b-488d-90c2-c12d89885126" testId="de6c47ff-4140-a7ba-d5f3-b13e92e15929" testName="VirtualCompany.Finance.Tests.FinanceTodayPlanTests.Multiple_versions_are_not_combined_into_an_arbitrary_baseline" computerName="DESKTOP-388F6FT" duration="00:00:00.0008623" startTime="2026-10-02T09:31:12.2185982+02:00" endTime="2026-10-02T09:31:12.2185982+02:00" testType="13cdc9d9-ddb5-4fa4-a97d-d965ccfc6d4b" outcome="Passed" testListId="8c84fa94-04c1-424b-9868-57a2d4851a1d" relativeResultsDirectory="00b61dea-c58b-488d-90c2-c12d89885126" />
    <UnitTestResult executionId="65967652-31fd-4938-b109-68459f0fc13f" testId="a48b1426-7e6a-1b6e-8541-8a26847628fc" testName="VirtualCompany.Finance.Tests.PaymentBatchEligibilityPolicyTests.Evaluate_moves_earliest_execution_to_next_business_day_after_stockholm_cutoff" computerName="DESKTOP-388F6FT" duration="00:00:00.0001337" startTime="2026-10-02T09:31:12.2164929+02:00" endTime="2026-10-02T09:31:12.2164929+02:00" testType="13cdc9d9-ddb5-4fa4-a97d-d965ccfc6d4b" outcome="Passed" testListId="8c84fa94-04c1-424b-9868-57a2d4851a1d" relativeResultsDirectory="65967652-31fd-4938-b109-68459f0fc13f" />
    <UnitTestResult executionId="57dc005f-5068-48b2-8357-8293bb89c3d1" testId="9be223e2-21dc-1c9a-1085-5321e19c9fae" testName="VirtualCompany.Finance.Tests.PaymentExecutionDomainTests.Execution_reads_fail_before_data_access_when_company_context_does_not_match" computerName="DESKTOP-388F6FT" duration="00:00:00.0019355" startTime="2026-10-02T09:31:18.1694476+02:00" endTime="2026-10-02T09:31:18.1694477+02:00" testType="13cdc9d9-ddb5-4fa4-a97d-d965ccfc6d4b" outcome="Passed" testListId="8c84fa94-04c1-424b-9868-57a2d4851a1d" relativeResultsDirectory="57dc005f-5068-48b2-8357-8293bb89c3d1" />
    <UnitTestResult executionId="9cf0db35-7fd6-447c-af31-09770942b206" testId="558e58d3-b4f4-e185-2334-a4093a1e860b" testName="VirtualCompany.Finance.Tests.TreasuryMovementServiceTests.One_transfer_leg_stays_in_transit_and_both_legs_post_only_between_cash_accounts" computerName="DESKTOP-388F6FT" duration="00:00:00.7013063" startTime="2026-10-02T09:31:23.3453888+02:00" endTime="2026-10-02T09:31:23.3453890+02:00" testType="13cdc9d9-ddb5-4fa4-a97d-d965ccfc6d4b" outcome="Passed" testListId="8c84fa94-04c1-424b-9868-57a2d4851a1d" relativeResultsDirectory="9cf0db35-7fd6-447c-af31-09770942b206" />
    <UnitTestResult executionId="45a988a1-ff1a-466d-95a9-f477931f605c" testId="4b25b49f-c4af-56f4-95bc-8b2600735913" testName="VirtualCompany.Finance.Tests.FinanceOperationalReportTests.Owning_aging_buckets_use_UTC_calendar_cutoff_and_missing_cash_is_not_zero(days: 0, bucket: &quot;current&quot;)" computerName="DESKTOP-388F6FT" duration="00:00:01.0677517" startTime="2026-10-02T09:31:22.6242445+02:00" endTime="2026-10-02T09:31:22.6242447+02:00" testType="13cdc9d9-ddb5-4fa4-a97d-d965ccfc6d4b" outcome="Passed" testListId="8c84fa94-04c1-424b-9868-57a2d4851a1d" relativeResultsDirectory="45a988a1-ff1a-466d-95a9-f477931f605c" />
    <UnitTestResult executionId="976f2647-1ba1-4637-bc6c-a54d86890990" testId="fde02cdf-50cf-ca92-8633-cd8d9c7af3d5" testName="VirtualCompany.Finance.Tests.FinanceTodayPlanTests.Absent_budget_is_a_gap_not_zero_or_favorable_variance" computerName="DESKTOP-388F6FT" duration="00:00:00.0004372" startTime="2026-10-02T09:31:12.2176962+02:00" endTime="2026-10-02T09:31:12.2176963+02:00" testType="13cdc9d9-ddb5-4fa4-a97d-d965ccfc6d4b" outcome="Passed" testListId="8c84fa94-04c1-424b-9868-57a2d4851a1d" relativeResultsDirectory="976f2647-1ba1-4637-bc6c-a54d86890990" />
    <UnitTestResult executionId="46c3a0aa-0956-4807-a6e5-ec7a97ddcaf7" testId="cd3410c0-ace6-3363-a62a-7c72725f21c8" testName="VirtualCompany.Finance.Tests.PaymentExecutionDomainTests.Unknown_provider_write_requires_reconciliation_and_known_reference_before_status_reads" computerName="DESKTOP-388F6FT" duration="00:00:00.0044320" startTime="2026-10-02T09:31:12.1972523+02:00" endTime="2026-10-02T09:31:12.1972643+02:00" testType="13cdc9d9-ddb5-4fa4-a97d-d965ccfc6d4b" outcome="Passed" testListId="8c84fa94-04c1-424b-9868-57a2d4851a1d" relativeResultsDirectory="46c3a0aa-0956-4807-a6e5-ec7a97ddcaf7" />
    <UnitTestResult executionId="652bb891-acf5-46fb-9920-205bd97fc688" testId="a328932c-11f9-0d13-4960-bfe215e18666" testName="VirtualCompany.Finance.Tests.PaymentBatchEligibilityPolicyTests.Evaluate_blocks_control_failures_with_stable_reason_codes(held: False, disputed: False, settled: False, duplicate: False, beneficiaryVerified: True, sourceCurrent: True, cash: 100, expectedReasonCode: &quot;payment_batch_insufficient_cash&quot;)" computerName="DESKTOP-388F6FT" duration="00:00:00.0001899" startTime="2026-10-02T09:31:12.2164307+02:00" endTime="2026-10-02T09:31:12.2164307+02:00" testType="13cdc9d9-ddb5-4fa4-a97d-d965ccfc6d4b" outcome="Passed" testListId="8c84fa94-04c1-424b-9868-57a2d4851a1d" relativeResultsDirectory="652bb891-acf5-46fb-9920-205bd97fc688" />
    <UnitTestResult executionId="7a682193-cedd-4d17-a35e-1bc3763b06ea" testId="dcdf7475-0e2f-4947-a9df-5cf24348fbc4" testName="VirtualCompany.Finance.Tests.TreasuryMovementServiceTests.Posted_source_reverses_through_the_accounting_boundary_and_keeps_history" computerName="DESKTOP-388F6FT" duration="00:00:09.4784118" startTime="2026-10-02T09:31:21.6690736+02:00" endTime="2026-10-02T09:31:21.6690737+02:00" testType="13cdc9d9-ddb5-4fa4-a97d-d965ccfc6d4b" outcome="Passed" testListId="8c84fa94-04c1-424b-9868-57a2d4851a1d" relativeResultsDirectory="7a682193-cedd-4d17-a35e-1bc3763b06ea" />
    <UnitTestResult executionId="56b4ea9f-799c-4fe4-805a-be40d7887676" testId="a3fc290c-99a0-f7ee-f3f7-3b805095b5d6" testName="VirtualCompany.Finance.Tests.PaymentBatchEligibilityPolicyTests.Evaluate_blocks_control_failures_with_stable_reason_codes(held: False, disputed: False, settled: False, duplicate: True, beneficiaryVerified: True, sourceCurrent: True, cash: 5000, expectedReasonCode: &quot;payment_batch_obligation_duplicate&quot;)" computerName="DESKTOP-388F6FT" duration="00:00:00.0000030" startTime="2026-10-02T09:31:12.2164648+02:00" endTime="2026-10-02T09:31:12.2164648+02:00" testType="13cdc9d9-ddb5-4fa4-a97d-d965ccfc6d4b" outcome="Passed" testListId="8c84fa94-04c1-424b-9868-57a2d4851a1d" relativeResultsDirectory="56b4ea9f-799c-4fe4-805a-be40d7887676" />
    <UnitTestResult executionId="1b15427f-ab1d-4920-b402-3c03b02ed1db" testId="e763dc5f-9bb5-edbb-6027-791a8c0988f9" testName="VirtualCompany.Finance.Tests.PaymentBatchEligibilityPolicyTests.Evaluate_blocks_control_failures_with_stable_reason_codes(held: False, disputed: False, settled: False, duplicate: False, beneficiaryVerified: False, sourceCurrent: True, cash: 5000, expectedReasonCode: &quot;payment_batch_beneficiary_unverified&quot;)" computerName="DESKTOP-388F6FT" duration="00:00:00.0000064" startTime="2026-10-02T09:31:12.2164434+02:00" endTime="2026-10-02T09:31:12.2164434+02:00" testType="13cdc9d9-ddb5-4fa4-a97d-d965ccfc6d4b" outcome="Passed" testListId="8c84fa94-04c1-424b-9868-57a2d4851a1d" relativeResultsDirectory="1b15427f-ab1d-4920-b402-3c03b02ed1db" />
    <UnitTestResult executionId="62e3b030-7f84-470c-8ec7-ec8e5c177eef" testId="b30ed898-0b76-f5b0-3dd6-68fb35196bc6" testName="VirtualCompany.Finance.Tests.PaymentExecutionDomainTests.Persistence_model_enforces_tenant_idempotency_provider_replay_and_settlement_uniqueness" computerName="DESKTOP-388F6FT" duration="00:00:05.9693841" startTime="2026-10-02T09:31:18.1674724+02:00" endTime="2026-10-02T09:31:18.1674725+02:00" testType="13cdc9d9-ddb5-4fa4-a97d-d965ccfc6d4b" outcome="Passed" testListId="8c84fa94-04c1-424b-9868-57a2d4851a1d" relativeResultsDirectory="62e3b030-7f84-470c-8ec7-ec8e5c177eef" />
    <UnitTestResult executionId="d079baa0-20fc-4be4-93a4-b59dc144c7e3" testId="d4633c6d-6ca0-a1d8-a144-e7bfc7da4136" testName="VirtualCompany.Finance.Tests.PaymentBatchEligibilityPolicyTests.Evaluate_blocks_control_failures_with_stable_reason_codes(held: False, disputed: False, settled: True, duplicate: False, beneficiaryVerified: True, sourceCurrent: True, cash: 5000, expectedReasonCode: &quot;payment_batch_obligation_settled&quot;)" computerName="DESKTOP-388F6FT" duration="00:00:00.0000029" startTime="2026-10-02T09:31:12.2164541+02:00" endTime="2026-10-02T09:31:12.2164541+02:00" testType="13cdc9d9-ddb5-4fa4-a97d-d965ccfc6d4b" outcome="Passed" testListId="8c84fa94-04c1-424b-9868-57a2d4851a1d" relativeResultsDirectory="d079baa0-20fc-4be4-93a4-b59dc144c7e3" />
    <UnitTestResult executionId="d8d1299e-015e-4a18-b291-aa336fdbd9b7" testId="cc14d52b-8142-138a-70a6-c3257cbc913d" testName="VirtualCompany.Finance.Tests.TreasuryWorkspacePolicyTests.Liquidity_risk_exposes_investigation_without_mutating_state(risk: &quot;missing&quot;)" computerName="DESKTOP-388F6FT" duration="00:00:00.0001210" startTime="2026-10-02T09:31:12.2153438+02:00" endTime="2026-10-02T09:31:12.2153439+02:00" testType="13cdc9d9-ddb5-4fa4-a97d-d965ccfc6d4b" outcome="Passed" testListId="8c84fa94-04c1-424b-9868-57a2d4851a1d" relativeResultsDirectory="d8d1299e-015e-4a18-b291-aa336fdbd9b7" />
    <UnitTestResult executionId="e906f3f5-a9d1-45ba-9b24-bf7055edbcc8" testId="e51ff771-8ac4-f058-b85a-660f3b855a6e" testName="VirtualCompany.Finance.Tests.TreasuryWorkspacePolicyTests.Reconnect_and_gap_recovery_return_stable_permission_reasons" computerName="DESKTOP-388F6FT" duration="00:00:00.0000665" startTime="2026-10-02T09:31:12.2154973+02:00" endTime="2026-10-02T09:31:12.2154973+02:00" testType="13cdc9d9-ddb5-4fa4-a97d-d965ccfc6d4b" outcome="Passed" testListId="8c84fa94-04c1-424b-9868-57a2d4851a1d" relativeResultsDirectory="e906f3f5-a9d1-45ba-9b24-bf7055edbcc8" />
    <UnitTestResult executionId="2de4afdd-dc69-4186-946f-e8815301c28b" testId="328de85e-f3bc-5ba3-94a8-fbcc32495ec6" testName="VirtualCompany.Finance.Tests.TreasuryWorkspacePolicyTests.Liquidity_risk_exposes_investigation_without_mutating_state(risk: &quot;warning&quot;)" computerName="DESKTOP-388F6FT" duration="00:00:00.0000043" startTime="2026-10-02T09:31:12.2154603+02:00" endTime="2026-10-02T09:31:12.2154604+02:00" testType="13cdc9d9-ddb5-4fa4-a97d-d965ccfc6d4b" outcome="Passed" testListId="8c84fa94-04c1-424b-9868-57a2d4851a1d" relativeResultsDirectory="2de4afdd-dc69-4186-946f-e8815301c28b" />
    <UnitTestResult executionId="e7d7a043-f6a0-4233-b4d1-2a1c8b36df68" testId="8e6bf106-6482-d8ad-a194-e88e2f6d0ddc" testName="VirtualCompany.Finance.Tests.PaymentBatchEligibilityPolicyTests.Evaluate_blocks_control_failures_with_stable_reason_codes(held: False, disputed: True, settled: False, duplicate: False, beneficiaryVerified: True, sourceCurrent: True, cash: 5000, expectedReasonCode: &quot;payment_batch_obligation_disputed&quot;)" computerName="DESKTOP-388F6FT" duration="00:00:00.0000064" startTime="2026-10-02T09:31:12.2164193+02:00" endTime="2026-10-02T09:31:12.2164193+02:00" testType="13cdc9d9-ddb5-4fa4-a97d-d965ccfc6d4b" outcome="Passed" testListId="8c84fa94-04c1-424b-9868-57a2d4851a1d" relativeResultsDirectory="e7d7a043-f6a0-4233-b4d1-2a1c8b36df68" />
    <UnitTestResult executionId="fffb1b36-4308-40b2-8863-799c9993244a" testId="80690168-a652-5586-d310-5b0c3215e703" testName="VirtualCompany.Finance.Tests.TreasuryMovementServiceTests.Net_card_settlement_balances_gross_receivable_fee_cash_and_evidence" computerName="DESKTOP-388F6FT" duration="00:00:00.5360490" startTime="2026-10-02T09:31:24.4741743+02:00" endTime="2026-10-02T09:31:24.4741745+02:00" testType="13cdc9d9-ddb5-4fa4-a97d-d965ccfc6d4b" outcome="Passed" testListId="8c84fa94-04c1-424b-9868-57a2d4851a1d" relativeResultsDirectory="fffb1b36-4308-40b2-8863-799c9993244a" />
    <UnitTestResult executionId="c7d62b01-6b14-40e3-94de-73f93b607daf" testId="936d47d0-9bd9-bfcc-1feb-c12b4db0f752" testName="VirtualCompany.Finance.Tests.PaymentExecutionDomainTests.Terminal_provider_creation_can_complete_without_an_authorization_link" computerName="DESKTOP-388F6FT" duration="00:00:00.0006332" startTime="2026-10-02T09:31:12.2155038+02:00" endTime="2026-10-02T09:31:12.2155039+02:00" testType="13cdc9d9-ddb5-4fa4-a97d-d965ccfc6d4b" outcome="Passed" testListId="8c84fa94-04c1-424b-9868-57a2d4851a1d" relativeResultsDirectory="c7d62b01-6b14-40e3-94de-73f93b607daf" />
    <UnitTestResult executionId="befdb211-a036-4c63-b164-8a9e3536a89e" testId="fbcb286f-fdba-84cc-8a50-31edef94419f" testName="VirtualCompany.Finance.Tests.FinanceOperationalReportTests.Owning_aging_buckets_use_UTC_calendar_cutoff_and_missing_cash_is_not_zero(days: 1, bucket: &quot;past_due_1_30&quot;)" computerName="DESKTOP-388F6FT" duration="00:00:00.4811129" startTime="2026-10-02T09:31:24.3362947+02:00" endTime="2026-10-02T09:31:24.3362948+02:00" testType="13cdc9d9-ddb5-4fa4-a97d-d965ccfc6d4b" outcome="Passed" testListId="8c84fa94-04c1-424b-9868-57a2d4851a1d" relativeResultsDirectory="befdb211-a036-4c63-b164-8a9e3536a89e" />
    <UnitTestResult executionId="5d14cc45-31f9-4b7d-8130-f7e49989490b" testId="ae4da5e3-d9d0-d522-a99f-a3af274aaffd" testName="VirtualCompany.Finance.Tests.PaymentBatchServiceTests.Service_rejects_cross_company_reads_and_writes" computerName="DESKTOP-388F6FT" duration="00:00:09.3410312" startTime="2026-10-02T09:31:21.5317326+02:00" endTime="2026-10-02T09:31:21.5317327+02:00" testType="13cdc9d9-ddb5-4fa4-a97d-d965ccfc6d4b" outcome="Passed" testListId="8c84fa94-04c1-424b-9868-57a2d4851a1d" relativeResultsDirectory="5d14cc45-31f9-4b7d-8130-f7e49989490b" />
  </Results>
  <TestDefinitions>
    <UnitTest name="VirtualCompany.Finance.Tests.FinanceTodayPlanTests.Absent_budget_is_a_gap_not_zero_or_favorable_variance" storage="c:\users\johan\source\repos\virtual company\tests\virtualcompany.finance.tests\bin\debug\net9.0\virtualcompany.finance.tests.dll" id="fde02cdf-50cf-ca92-8633-cd8d9c7af3d5">
      <Execution id="976f2647-1ba1-4637-bc6c-a54d86890990" />
      <TestMethod codeBase="C:\Users\Johan\source\repos\Virtual Company\tests\VirtualCompany.Finance.Tests\bin\Debug\net9.0\VirtualCompany.Finance.Tests.dll" adapterTypeName="executor://xunit/VsTestRunner2/netcoreapp" className="VirtualCompany.Finance.Tests.FinanceTodayPlanTests" name="Absent_budget_is_a_gap_not_zero_or_favorable_variance" />
    </UnitTest>
    <UnitTest name="VirtualCompany.Finance.Tests.PaymentExecutionDomainTests.Execution_reads_fail_before_data_access_when_company_context_does_not_match" storage="c:\users\johan\source\repos\virtual company\tests\virtualcompany.finance.tests\bin\debug\net9.0\virtualcompany.finance.tests.dll" id="9be223e2-21dc-1c9a-1085-5321e19c9fae">
      <Execution id="57dc005f-5068-48b2-8357-8293bb89c3d1" />
      <TestMethod codeBase="C:\Users\Johan\source\repos\Virtual Company\tests\VirtualCompany.Finance.Tests\bin\Debug\net9.0\VirtualCompany.Finance.Tests.dll" adapterTypeName="executor://xunit/VsTestRunner2/netcoreapp" className="VirtualCompany.Finance.Tests.PaymentExecutionDomainTests" name="Execution_reads_fail_before_data_access_when_company_context_does_not_match" />
    </UnitTest>
    <UnitTest name="VirtualCompany.Finance.Tests.FinanceOperationalReportTests.Owning_aging_buckets_use_UTC_calendar_cutoff_and_missing_cash_is_not_zero(days: 90, bucket: &quot;past_due_61_90&quot;)" storage="c:\users\johan\source\repos\virtual company\tests\virtualcompany.finance.tests\bin\debug\net9.0\virtualcompany.finance.tests.dll" id="9a24823f-a7a6-c04a-d734-cc4fb64a9f7b">
      <Execution id="ab795f87-0976-4f11-b7d3-a523af9982e6" />
      <TestMethod codeBase="C:\Users\Johan\source\repos\Virtual Company\tests\VirtualCompany.Finance.Tests\bin\Debug\net9.0\VirtualCompany.Finance.Tests.dll" adapterTypeName="executor://xunit/VsTestRunner2/netcoreapp" className="VirtualCompany.Finance.Tests.FinanceOperationalReportTests" name="Owning_aging_buckets_use_UTC_calendar_cutoff_and_missing_cash_is_not_zero" />
    </UnitTest>
    <UnitTest name="VirtualCompany.Finance.Tests.TreasuryWorkspacePolicyTests.Reconnect_and_gap_recovery_return_stable_permission_reasons" storage="c:\users\johan\source\repos\virtual company\tests\virtualcompany.finance.tests\bin\debug\net9.0\virtualcompany.finance.tests.dll" id="e51ff771-8ac4-f058-b85a-660f3b855a6e">
      <Execution id="e906f3f5-a9d1-45ba-9b24-bf7055edbcc8" />
      <TestMethod codeBase="C:\Users\Johan\source\repos\Virtual Company\tests\VirtualCompany.Finance.Tests\bin\Debug\net9.0\VirtualCompany.Finance.Tests.dll" adapterTypeName="executor://xunit/VsTestRunner2/netcoreapp" className="VirtualCompany.Finance.Tests.TreasuryWorkspacePolicyTests" name="Reconnect_and_gap_recovery_return_stable_permission_reasons" />
    </UnitTest>
    <UnitTest name="VirtualCompany.Finance.Tests.FinanceOperationalReportTests.Owning_aging_buckets_use_UTC_calendar_cutoff_and_missing_cash_is_not_zero(days: 91, bucket: &quot;past_due_over_90&quot;)" storage="c:\users\johan\source\repos\virtual company\tests\virtualcompany.finance.tests\bin\debug\net9.0\virtualcompany.finance.tests.dll" id="a2b70231-2914-7b3c-d7a7-cdf73d37a15f">
      <Execution id="e4a10899-399c-435c-a958-6fd5ac5aa4e8" />
      <TestMethod codeBase="C:\Users\Johan\source\repos\Virtual Company\tests\VirtualCompany.Finance.Tests\bin\Debug\net9.0\VirtualCompany.Finance.Tests.dll" adapterTypeName="executor://xunit/VsTestRunner2/netcoreapp" className="VirtualCompany.Finance.Tests.FinanceOperationalReportTests" name="Owning_aging_buckets_use_UTC_calendar_cutoff_and_missing_cash_is_not_zero" />
    </UnitTest>
    <UnitTest name="VirtualCompany.Finance.Tests.PaymentBatchEligibilityPolicyTests.Evaluate_blocks_control_failures_with_stable_reason_codes(held: False, disputed: False, settled: False, duplicate: False, beneficiaryVerified: True, sourceCurrent: False, cash: 5000, expectedReasonCode: &quot;payment_batch_source_changed&quot;)" storage="c:\users\johan\source\repos\virtual company\tests\virtualcompany.finance.tests\bin\debug\net9.0\virtualcompany.finance.tests.dll" id="f99403a4-86db-fcfa-d99f-e4d7bad83858">
      <Execution id="f16973ef-f8cb-43bf-b7b3-ed915271a78f" />
      <TestMethod codeBase="C:\Users\Johan\source\repos\Virtual Company\tests\VirtualCompany.Finance.Tests\bin\Debug\net9.0\VirtualCompany.Finance.Tests.dll" adapterTypeName="executor://xunit/VsTestRunner2/netcoreapp" className="VirtualCompany.Finance.Tests.PaymentBatchEligibilityPolicyTests" name="Evaluate_blocks_control_failures_with_stable_reason_codes" />
    </UnitTest>
    <UnitTest name="VirtualCompany.Finance.Tests.TreasuryMovementServiceTests.One_transfer_leg_stays_in_transit_and_both_legs_post_only_between_cash_accounts" storage="c:\users\johan\source\repos\virtual company\tests\virtualcompany.finance.tests\bin\debug\net9.0\virtualcompany.finance.tests.dll" id="558e58d3-b4f4-e185-2334-a4093a1e860b">
      <Execution id="9cf0db35-7fd6-447c-af31-09770942b206" />
      <TestMethod codeBase="C:\Users\Johan\source\repos\Virtual Company\tests\VirtualCompany.Finance.Tests\bin\Debug\net9.0\VirtualCompany.Finance.Tests.dll" adapterTypeName="executor://xunit/VsTestRunner2/netcoreapp" className="VirtualCompany.Finance.Tests.TreasuryMovementServiceTests" name="One_transfer_leg_stays_in_transit_and_both_legs_post_only_between_cash_accounts" />
    </UnitTest>
    <UnitTest name="VirtualCompany.Finance.Tests.TreasuryWorkspacePolicyTests.Liquidity_risk_exposes_investigation_without_mutating_state(risk: &quot;warning&quot;)" storage="c:\users\johan\source\repos\virtual company\tests\virtualcompany.finance.tests\bin\debug\net9.0\virtualcompany.finance.tests.dll" id="328de85e-f3bc-5ba3-94a8-fbcc32495ec6">
      <Execution id="2de4afdd-dc69-4186-946f-e8815301c28b" />
      <TestMethod codeBase="C:\Users\Johan\source\repos\Virtual Company\tests\VirtualCompany.Finance.Tests\bin\Debug\net9.0\VirtualCompany.Finance.Tests.dll" adapterTypeName="executor://xunit/VsTestRunner2/netcoreapp" className="VirtualCompany.Finance.Tests.TreasuryWorkspacePolicyTests" name="Liquidity_risk_exposes_investigation_without_mutating_state" />
    </UnitTest>
    <UnitTest name="VirtualCompany.Finance.Tests.PaymentBatchEligibilityPolicyTests.Evaluate_blocks_control_failures_with_stable_reason_codes(held: False, disputed: False, settled: False, duplicate: False, beneficiaryVerified: False, sourceCurrent: True, cash: 5000, expectedReasonCode: &quot;payment_batch_beneficiary_unverified&quot;)" storage="c:\users\johan\source\repos\virtual company\tests\virtualcompany.finance.tests\bin\debug\net9.0\virtualcompany.finance.tests.dll" id="e763dc5f-9bb5-edbb-6027-791a8c0988f9">
      <Execution id="1b15427f-ab1d-4920-b402-3c03b02ed1db" />
      <TestMethod codeBase="C:\Users\Johan\source\repos\Virtual Company\tests\VirtualCompany.Finance.Tests\bin\Debug\net9.0\VirtualCompany.Finance.Tests.dll" adapterTypeName="executor://xunit/VsTestRunner2/netcoreapp" className="VirtualCompany.Finance.Tests.PaymentBatchEligibilityPolicyTests" name="Evaluate_blocks_control_failures_with_stable_reason_codes" />
    </UnitTest>
    <UnitTest name="VirtualCompany.Finance.Tests.TreasuryWorkspacePolicyTests.Liquidity_risk_exposes_investigation_without_mutating_state(risk: &quot;critical&quot;)" storage="c:\users\johan\source\repos\virtual company\tests\virtualcompany.finance.tests\bin\debug\net9.0\virtualcompany.finance.tests.dll" id="f6408947-cbb3-4660-ed23-73c3b53aa64b">
      <Execution id="34822322-af6b-453a-b448-ddd017fde18b" />
      <TestMethod codeBase="C:\Users\Johan\source\repos\Virtual Company\tests\VirtualCompany.Finance.Tests\bin\Debug\net9.0\VirtualCompany.Finance.Tests.dll" adapterTypeName="executor://xunit/VsTestRunner2/netcoreapp" className="VirtualCompany.Finance.Tests.TreasuryWorkspacePolicyTests" name="Liquidity_risk_exposes_investigation_without_mutating_state" />
    </UnitTest>
    <UnitTest name="VirtualCompany.Finance.Tests.FinanceOperationalReportTests.Owning_aging_buckets_use_UTC_calendar_cutoff_and_missing_cash_is_not_zero(days: 60, bucket: &quot;past_due_31_60&quot;)" storage="c:\users\johan\source\repos\virtual company\tests\virtualcompany.finance.tests\bin\debug\net9.0\virtualcompany.finance.tests.dll" id="aa76cc32-aadf-e374-9f2c-e96f21b4d1db">
      <Execution id="50368a62-b239-4d3e-b5ef-db74214a7b97" />
      <TestMethod codeBase="C:\Users\Johan\source\repos\Virtual Company\tests\VirtualCompany.Finance.Tests\bin\Debug\net9.0\VirtualCompany.Finance.Tests.dll" adapterTypeName="executor://xunit/VsTestRunner2/netcoreapp" className="VirtualCompany.Finance.Tests.FinanceOperationalReportTests" name="Owning_aging_buckets_use_UTC_calendar_cutoff_and_missing_cash_is_not_zero" />
    </UnitTest>
    <UnitTest name="VirtualCompany.Finance.Tests.FinanceOperationalReportTests.Cutoff_current_paid_balances_currency_and_horizon_reconcile_to_included_sources_without_writes" storage="c:\users\johan\source\repos\virtual company\tests\virtualcompany.finance.tests\bin\debug\net9.0\virtualcompany.finance.tests.dll" id="ca7a4444-d439-a4b9-0575-a89c4b31fe1a">
      <Execution id="800a0532-6bd1-48a4-be55-433baa3725d9" />
      <TestMethod codeBase="C:\Users\Johan\source\repos\Virtual Company\tests\VirtualCompany.Finance.Tests\bin\Debug\net9.0\VirtualCompany.Finance.Tests.dll" adapterTypeName="executor://xunit/VsTestRunner2/netcoreapp" className="VirtualCompany.Finance.Tests.FinanceOperationalReportTests" name="Cutoff_current_paid_balances_currency_and_horizon_reconcile_to_included_sources_without_writes" />
    </UnitTest>
    <UnitTest name="VirtualCompany.Finance.Tests.FinanceOperationalReportTests.Report_reuses_record_source_policy_and_links_the_same_review_scope" storage="c:\users\johan\source\repos\virtual company\tests\virtualcompany.finance.tests\bin\debug\net9.0\virtualcompany.finance.tests.dll" id="70a7c31e-2ec1-212a-5f2e-08f1f05b1bb9">
      <Execution id="8a8db5e7-83fd-4bb4-90d9-0c0199389887" />
      <TestMethod codeBase="C:\Users\Johan\source\repos\Virtual Company\tests\VirtualCompany.Finance.Tests\bin\Debug\net9.0\VirtualCompany.Finance.Tests.dll" adapterTypeName="executor://xunit/VsTestRunner2/netcoreapp" className="VirtualCompany.Finance.Tests.FinanceOperationalReportTests" name="Report_reuses_record_source_policy_and_links_the_same_review_scope" />
    </UnitTest>
    <UnitTest name="VirtualCompany.Finance.Tests.FinanceTodayPlanTests.Failed_planning_keeps_cash_and_logs_only_error_type" storage="c:\users\johan\source\repos\virtual company\tests\virtualcompany.finance.tests\bin\debug\net9.0\virtualcompany.finance.tests.dll" id="c4753eed-5358-a5c2-b493-125f9f820e5d">
      <Execution id="1494f9b5-dcc0-4582-ace7-71178c809296" />
      <TestMethod codeBase="C:\Users\Johan\source\repos\Virtual Company\tests\VirtualCompany.Finance.Tests\bin\Debug\net9.0\VirtualCompany.Finance.Tests.dll" adapterTypeName="executor://xunit/VsTestRunner2/netcoreapp" className="VirtualCompany.Finance.Tests.FinanceTodayPlanTests" name="Failed_planning_keeps_cash_and_logs_only_error_type" />
    </UnitTest>
    <UnitTest name="VirtualCompany.Finance.Tests.PaymentBatchServiceTests.Beneficiary_change_invalidates_pending_approval_and_generated_artifacts" storage="c:\users\johan\source\repos\virtual company\tests\virtualcompany.finance.tests\bin\debug\net9.0\virtualcompany.finance.tests.dll" id="2f3623ef-3016-98d3-4ea0-7607325649d9">
      <Execution id="05e0a821-84e7-466c-a88a-7adf65f2c1cd" />
      <TestMethod codeBase="C:\Users\Johan\source\repos\Virtual Company\tests\VirtualCompany.Finance.Tests\bin\Debug\net9.0\VirtualCompany.Finance.Tests.dll" adapterTypeName="executor://xunit/VsTestRunner2/netcoreapp" className="VirtualCompany.Finance.Tests.PaymentBatchServiceTests" name="Beneficiary_change_invalidates_pending_approval_and_generated_artifacts" />
    </UnitTest>
    <UnitTest name="VirtualCompany.Finance.Tests.PaymentBatchEligibilityPolicyTests.Evaluate_blocks_control_failures_with_stable_reason_codes(held: False, disputed: False, settled: True, duplicate: False, beneficiaryVerified: True, sourceCurrent: True, cash: 5000, expectedReasonCode: &quot;payment_batch_obligation_settled&quot;)" storage="c:\users\johan\source\repos\virtual company\tests\virtualcompany.finance.tests\bin\debug\net9.0\virtualcompany.finance.tests.dll" id="d4633c6d-6ca0-a1d8-a144-e7bfc7da4136">
      <Execution id="d079baa0-20fc-4be4-93a4-b59dc144c7e3" />
      <TestMethod codeBase="C:\Users\Johan\source\repos\Virtual Company\tests\VirtualCompany.Finance.Tests\bin\Debug\net9.0\VirtualCompany.Finance.Tests.dll" adapterTypeName="executor://xunit/VsTestRunner2/netcoreapp" className="VirtualCompany.Finance.Tests.PaymentBatchEligibilityPolicyTests" name="Evaluate_blocks_control_failures_with_stable_reason_codes" />
    </UnitTest>
    <UnitTest name="VirtualCompany.Finance.Tests.PaymentBatchEligibilityPolicyTests.Evaluate_blocks_control_failures_with_stable_reason_codes(held: False, disputed: False, settled: False, duplicate: False, beneficiaryVerified: True, sourceCurrent: True, cash: 100, expectedReasonCode: &quot;payment_batch_insufficient_cash&quot;)" storage="c:\users\johan\source\repos\virtual company\tests\virtualcompany.finance.tests\bin\debug\net9.0\virtualcompany.finance.tests.dll" id="a328932c-11f9-0d13-4960-bfe215e18666">
      <Execution id="652bb891-acf5-46fb-9920-205bd97fc688" />
      <TestMethod codeBase="C:\Users\Johan\source\repos\Virtual Company\tests\VirtualCompany.Finance.Tests\bin\Debug\net9.0\VirtualCompany.Finance.Tests.dll" adapterTypeName="executor://xunit/VsTestRunner2/netcoreapp" className="VirtualCompany.Finance.Tests.PaymentBatchEligibilityPolicyTests" name="Evaluate_blocks_control_failures_with_stable_reason_codes" />
    </UnitTest>
    <UnitTest name="VirtualCompany.Finance.Tests.PaymentBatchEligibilityPolicyTests.Evaluate_optimizes_weekend_due_date_to_previous_business_day" storage="c:\users\johan\source\repos\virtual company\tests\virtualcompany.finance.tests\bin\debug\net9.0\virtualcompany.finance.tests.dll" id="cc36b74a-0a5c-708b-1206-7c6b6f141e50">
      <Execution id="fff44add-8316-4ff0-9905-9ec51ce8a028" />
      <TestMethod codeBase="C:\Users\Johan\source\repos\Virtual Company\tests\VirtualCompany.Finance.Tests\bin\Debug\net9.0\VirtualCompany.Finance.Tests.dll" adapterTypeName="executor://xunit/VsTestRunner2/netcoreapp" className="VirtualCompany.Finance.Tests.PaymentBatchEligibilityPolicyTests" name="Evaluate_optimizes_weekend_due_date_to_previous_business_day" />
    </UnitTest>
    <UnitTest name="VirtualCompany.Finance.Tests.FinanceOperationalReportTests.Owning_aging_buckets_use_UTC_calendar_cutoff_and_missing_cash_is_not_zero(days: 0, bucket: &quot;current&quot;)" storage="c:\users\johan\source\repos\virtual company\tests\virtualcompany.finance.tests\bin\debug\net9.0\virtualcompany.finance.tests.dll" id="4b25b49f-c4af-56f4-95bc-8b2600735913">
      <Execution id="45a988a1-ff1a-466d-95a9-f477931f605c" />
      <TestMethod codeBase="C:\Users\Johan\source\repos\Virtual Company\tests\VirtualCompany.Finance.Tests\bin\Debug\net9.0\VirtualCompany.Finance.Tests.dll" adapterTypeName="executor://xunit/VsTestRunner2/netcoreapp" className="VirtualCompany.Finance.Tests.FinanceOperationalReportTests" name="Owning_aging_buckets_use_UTC_calendar_cutoff_and_missing_cash_is_not_zero" />
    </UnitTest>
    <UnitTest name="VirtualCompany.Finance.Tests.PaymentExecutionDomainTests.Unknown_provider_write_requires_reconciliation_and_known_reference_before_status_reads" storage="c:\users\johan\source\repos\virtual company\tests\virtualcompany.finance.tests\bin\debug\net9.0\virtualcompany.finance.tests.dll" id="cd3410c0-ace6-3363-a62a-7c72725f21c8">
      <Execution id="46c3a0aa-0956-4807-a6e5-ec7a97ddcaf7" />
      <TestMethod codeBase="C:\Users\Johan\source\repos\Virtual Company\tests\VirtualCompany.Finance.Tests\bin\Debug\net9.0\VirtualCompany.Finance.Tests.dll" adapterTypeName="executor://xunit/VsTestRunner2/netcoreapp" className="VirtualCompany.Finance.Tests.PaymentExecutionDomainTests" name="Unknown_provider_write_requires_reconciliation_and_known_reference_before_status_reads" />
    </UnitTest>
    <UnitTest name="VirtualCompany.Finance.Tests.PaymentExecutionDomainTests.Terminal_provider_creation_can_complete_without_an_authorization_link" storage="c:\users\johan\source\repos\virtual company\tests\virtualcompany.finance.tests\bin\debug\net9.0\virtualcompany.finance.tests.dll" id="936d47d0-9bd9-bfcc-1feb-c12b4db0f752">
      <Execution id="c7d62b01-6b14-40e3-94de-73f93b607daf" />
      <TestMethod codeBase="C:\Users\Johan\source\repos\Virtual Company\tests\VirtualCompany.Finance.Tests\bin\Debug\net9.0\VirtualCompany.Finance.Tests.dll" adapterTypeName="executor://xunit/VsTestRunner2/netcoreapp" className="VirtualCompany.Finance.Tests.PaymentExecutionDomainTests" name="Terminal_provider_creation_can_complete_without_an_authorization_link" />
    </UnitTest>
    <UnitTest name="VirtualCompany.Finance.Tests.FinanceTodayPlanTests.One_recorded_version_uses_authoritative_variance_and_never_claims_approval" storage="c:\users\johan\source\repos\virtual company\tests\virtualcompany.finance.tests\bin\debug\net9.0\virtualcompany.finance.tests.dll" id="050194f2-76cb-fc79-3a17-dea7c7735929">
      <Execution id="4828ddb6-6c34-4df9-a5f2-c03e9ad856b0" />
      <TestMethod codeBase="C:\Users\Johan\source\repos\Virtual Company\tests\VirtualCompany.Finance.Tests\bin\Debug\net9.0\VirtualCompany.Finance.Tests.dll" adapterTypeName="executor://xunit/VsTestRunner2/netcoreapp" className="VirtualCompany.Finance.Tests.FinanceTodayPlanTests" name="One_recorded_version_uses_authoritative_variance_and_never_claims_approval" />
    </UnitTest>
    <UnitTest name="VirtualCompany.Finance.Tests.FinanceTodayPlanTests.Multiple_versions_are_not_combined_into_an_arbitrary_baseline" storage="c:\users\johan\source\repos\virtual company\tests\virtualcompany.finance.tests\bin\debug\net9.0\virtualcompany.finance.tests.dll" id="de6c47ff-4140-a7ba-d5f3-b13e92e15929">
      <Execution id="00b61dea-c58b-488d-90c2-c12d89885126" />
      <TestMethod codeBase="C:\Users\Johan\source\repos\Virtual Company\tests\VirtualCompany.Finance.Tests\bin\Debug\net9.0\VirtualCompany.Finance.Tests.dll" adapterTypeName="executor://xunit/VsTestRunner2/netcoreapp" className="VirtualCompany.Finance.Tests.FinanceTodayPlanTests" name="Multiple_versions_are_not_combined_into_an_arbitrary_baseline" />
    </UnitTest>
    <UnitTest name="VirtualCompany.Finance.Tests.TreasuryMovementServiceTests.Ambiguous_payout_remains_visible_and_never_invents_a_counterpart" storage="c:\users\johan\source\repos\virtual company\tests\virtualcompany.finance.tests\bin\debug\net9.0\virtualcompany.finance.tests.dll" id="ead65b4e-7ce8-d753-36a5-6b3bc5c11ef0">
      <Execution id="5dcc3df6-63d4-4edd-977e-1816c318dcd9" />
      <TestMethod codeBase="C:\Users\Johan\source\repos\Virtual Company\tests\VirtualCompany.Finance.Tests\bin\Debug\net9.0\VirtualCompany.Finance.Tests.dll" adapterTypeName="executor://xunit/VsTestRunner2/netcoreapp" className="VirtualCompany.Finance.Tests.TreasuryMovementServiceTests" name="Ambiguous_payout_remains_visible_and_never_invents_a_counterpart" />
    </UnitTest>
    <UnitTest name="VirtualCompany.Finance.Tests.TreasuryMovementServiceTests.Net_card_settlement_balances_gross_receivable_fee_cash_and_evidence" storage="c:\users\johan\source\repos\virtual company\tests\virtualcompany.finance.tests\bin\debug\net9.0\virtualcompany.finance.tests.dll" id="80690168-a652-5586-d310-5b0c3215e703">
      <Execution id="fffb1b36-4308-40b2-8863-799c9993244a" />
      <TestMethod codeBase="C:\Users\Johan\source\repos\Virtual Company\tests\VirtualCompany.Finance.Tests\bin\Debug\net9.0\VirtualCompany.Finance.Tests.dll" adapterTypeName="executor://xunit/VsTestRunner2/netcoreapp" className="VirtualCompany.Finance.Tests.TreasuryMovementServiceTests" name="Net_card_settlement_balances_gross_receivable_fee_cash_and_evidence" />
    </UnitTest>
    <UnitTest name="VirtualCompany.Finance.Tests.PaymentBatchEligibilityPolicyTests.Evaluate_blocks_control_failures_with_stable_reason_codes(held: True, disputed: False, settled: False, duplicate: False, beneficiaryVerified: True, sourceCurrent: True, cash: 5000, expectedReasonCode: &quot;payment_batch_obligation_held&quot;)" storage="c:\users\johan\source\repos\virtual company\tests\virtualcompany.finance.tests\bin\debug\net9.0\virtualcompany.finance.tests.dll" id="d8ed3f39-7073-0201-da33-51aa7dab9fd9">
      <Execution id="2b6e211a-9302-490d-8c72-f584ab584d0a" />
      <TestMethod codeBase="C:\Users\Johan\source\repos\Virtual Company\tests\VirtualCompany.Finance.Tests\bin\Debug\net9.0\VirtualCompany.Finance.Tests.dll" adapterTypeName="executor://xunit/VsTestRunner2/netcoreapp" className="VirtualCompany.Finance.Tests.PaymentBatchEligibilityPolicyTests" name="Evaluate_blocks_control_failures_with_stable_reason_codes" />
    </UnitTest>
    <UnitTest name="VirtualCompany.Finance.Tests.PaymentBatchServiceTests.Lifecycle_creates_immutable_instructions_enforces_dual_approval_and_has_no_bank_side_effect" storage="c:\users\johan\source\repos\virtual company\tests\virtualcompany.finance.tests\bin\debug\net9.0\virtualcompany.finance.tests.dll" id="c27d627a-2c56-9e19-a121-76c40f4a19fe">
      <Execution id="c4c0d0e3-5fe8-4a95-9693-5f4100990afb" />
      <TestMethod codeBase="C:\Users\Johan\source\repos\Virtual Company\tests\VirtualCompany.Finance.Tests\bin\Debug\net9.0\VirtualCompany.Finance.Tests.dll" adapterTypeName="executor://xunit/VsTestRunner2/netcoreapp" className="VirtualCompany.Finance.Tests.PaymentBatchServiceTests" name="Lifecycle_creates_immutable_instructions_enforces_dual_approval_and_has_no_bank_side_effect" />
    </UnitTest>
    <UnitTest name="VirtualCompany.Finance.Tests.PaymentBatchEligibilityPolicyTests.Evaluate_blocks_control_failures_with_stable_reason_codes(held: False, disputed: False, settled: False, duplicate: True, beneficiaryVerified: True, sourceCurrent: True, cash: 5000, expectedReasonCode: &quot;payment_batch_obligation_duplicate&quot;)" storage="c:\users\johan\source\repos\virtual company\tests\virtualcompany.finance.tests\bin\debug\net9.0\virtualcompany.finance.tests.dll" id="a3fc290c-99a0-f7ee-f3f7-3b805095b5d6">
      <Execution id="56b4ea9f-799c-4fe4-805a-be40d7887676" />
      <TestMethod codeBase="C:\Users\Johan\source\repos\Virtual Company\tests\VirtualCompany.Finance.Tests\bin\Debug\net9.0\VirtualCompany.Finance.Tests.dll" adapterTypeName="executor://xunit/VsTestRunner2/netcoreapp" className="VirtualCompany.Finance.Tests.PaymentBatchEligibilityPolicyTests" name="Evaluate_blocks_control_failures_with_stable_reason_codes" />
    </UnitTest>
    <UnitTest name="VirtualCompany.Finance.Tests.FinanceOperationalReportTests.Owning_aging_buckets_use_UTC_calendar_cutoff_and_missing_cash_is_not_zero(days: 30, bucket: &quot;past_due_1_30&quot;)" storage="c:\users\johan\source\repos\virtual company\tests\virtualcompany.finance.tests\bin\debug\net9.0\virtualcompany.finance.tests.dll" id="70821aed-7661-563a-9f3b-6e2f1d96da94">
      <Execution id="6c7749bb-08d0-43d6-8932-abdf13fb1e1c" />
      <TestMethod codeBase="C:\Users\Johan\source\repos\Virtual Company\tests\VirtualCompany.Finance.Tests\bin\Debug\net9.0\VirtualCompany.Finance.Tests.dll" adapterTypeName="executor://xunit/VsTestRunner2/netcoreapp" className="VirtualCompany.Finance.Tests.FinanceOperationalReportTests" name="Owning_aging_buckets_use_UTC_calendar_cutoff_and_missing_cash_is_not_zero" />
    </UnitTest>
    <UnitTest name="VirtualCompany.Finance.Tests.TreasuryWorkspacePolicyTests.Liquidity_risk_exposes_investigation_without_mutating_state(risk: &quot;missing&quot;)" storage="c:\users\johan\source\repos\virtual company\tests\virtualcompany.finance.tests\bin\debug\net9.0\virtualcompany.finance.tests.dll" id="cc14d52b-8142-138a-70a6-c3257cbc913d">
      <Execution id="d8d1299e-015e-4a18-b291-aa336fdbd9b7" />
      <TestMethod codeBase="C:\Users\Johan\source\repos\Virtual Company\tests\VirtualCompany.Finance.Tests\bin\Debug\net9.0\VirtualCompany.Finance.Tests.dll" adapterTypeName="executor://xunit/VsTestRunner2/netcoreapp" className="VirtualCompany.Finance.Tests.TreasuryWorkspacePolicyTests" name="Liquidity_risk_exposes_investigation_without_mutating_state" />
    </UnitTest>
    <UnitTest name="VirtualCompany.Finance.Tests.TreasuryWorkspaceQueryServiceTests.Read_model_is_tenant_scoped_bounded_and_reports_source_freshness_and_gap_recovery" storage="c:\users\johan\source\repos\virtual company\tests\virtualcompany.finance.tests\bin\debug\net9.0\virtualcompany.finance.tests.dll" id="3e2bfa1a-3bc4-480a-41f3-1fad642202bd">
      <Execution id="7c4221a5-7c64-41b8-979d-c5ff9ca3f9a7" />
      <TestMethod codeBase="C:\Users\Johan\source\repos\Virtual Company\tests\VirtualCompany.Finance.Tests\bin\Debug\net9.0\VirtualCompany.Finance.Tests.dll" adapterTypeName="executor://xunit/VsTestRunner2/netcoreapp" className="VirtualCompany.Finance.Tests.TreasuryWorkspaceQueryServiceTests" name="Read_model_is_tenant_scoped_bounded_and_reports_source_freshness_and_gap_recovery" />
    </UnitTest>
    <UnitTest name="VirtualCompany.Finance.Tests.FinanceOperationalReportTests.Owning_aging_buckets_use_UTC_calendar_cutoff_and_missing_cash_is_not_zero(days: 1, bucket: &quot;past_due_1_30&quot;)" storage="c:\users\johan\source\repos\virtual company\tests\virtualcompany.finance.tests\bin\debug\net9.0\virtualcompany.finance.tests.dll" id="fbcb286f-fdba-84cc-8a50-31edef94419f">
      <Execution id="befdb211-a036-4c63-b164-8a9e3536a89e" />
      <TestMethod codeBase="C:\Users\Johan\source\repos\Virtual Company\tests\VirtualCompany.Finance.Tests\bin\Debug\net9.0\VirtualCompany.Finance.Tests.dll" adapterTypeName="executor://xunit/VsTestRunner2/netcoreapp" className="VirtualCompany.Finance.Tests.FinanceOperationalReportTests" name="Owning_aging_buckets_use_UTC_calendar_cutoff_and_missing_cash_is_not_zero" />
    </UnitTest>
    <UnitTest name="VirtualCompany.Finance.Tests.PaymentBatchEligibilityPolicyTests.Evaluate_moves_earliest_execution_to_next_business_day_after_stockholm_cutoff" storage="c:\users\johan\source\repos\virtual company\tests\virtualcompany.finance.tests\bin\debug\net9.0\virtualcompany.finance.tests.dll" id="a48b1426-7e6a-1b6e-8541-8a26847628fc">
      <Execution id="65967652-31fd-4938-b109-68459f0fc13f" />
      <TestMethod codeBase="C:\Users\Johan\source\repos\Virtual Company\tests\VirtualCompany.Finance.Tests\bin\Debug\net9.0\VirtualCompany.Finance.Tests.dll" adapterTypeName="executor://xunit/VsTestRunner2/netcoreapp" className="VirtualCompany.Finance.Tests.PaymentBatchEligibilityPolicyTests" name="Evaluate_moves_earliest_execution_to_next_business_day_after_stockholm_cutoff" />
    </UnitTest>
    <UnitTest name="VirtualCompany.Finance.Tests.TreasuryMovementServiceTests.Material_source_accepts_only_an_approved_treasury_request_for_its_resulting_version" storage="c:\users\johan\source\repos\virtual company\tests\virtualcompany.finance.tests\bin\debug\net9.0\virtualcompany.finance.tests.dll" id="f29d7f56-8e36-3e06-93da-1f414fa9e595">
      <Execution id="8f3e3543-d615-4bba-8956-682d9373b35b" />
      <TestMethod codeBase="C:\Users\Johan\source\repos\Virtual Company\tests\VirtualCompany.Finance.Tests\bin\Debug\net9.0\VirtualCompany.Finance.Tests.dll" adapterTypeName="executor://xunit/VsTestRunner2/netcoreapp" className="VirtualCompany.Finance.Tests.TreasuryMovementServiceTests" name="Material_source_accepts_only_an_approved_treasury_request_for_its_resulting_version" />
    </UnitTest>
    <UnitTest name="VirtualCompany.Finance.Tests.PaymentExecutionDomainTests.Malformed_http_success_can_retain_provider_identity_only_for_reconciliation" storage="c:\users\johan\source\repos\virtual company\tests\virtualcompany.finance.tests\bin\debug\net9.0\virtualcompany.finance.tests.dll" id="b1c3ae8d-d265-9a42-8917-361ef2b02611">
      <Execution id="32378abf-91c9-4ee0-9934-3b9f422b990f" />
      <TestMethod codeBase="C:\Users\Johan\source\repos\Virtual Company\tests\VirtualCompany.Finance.Tests\bin\Debug\net9.0\VirtualCompany.Finance.Tests.dll" adapterTypeName="executor://xunit/VsTestRunner2/netcoreapp" className="VirtualCompany.Finance.Tests.PaymentExecutionDomainTests" name="Malformed_http_success_can_retain_provider_identity_only_for_reconciliation" />
    </UnitTest>
    <UnitTest name="VirtualCompany.Finance.Tests.PaymentExecutionDomainTests.Persistence_model_enforces_tenant_idempotency_provider_replay_and_settlement_uniqueness" storage="c:\users\johan\source\repos\virtual company\tests\virtualcompany.finance.tests\bin\debug\net9.0\virtualcompany.finance.tests.dll" id="b30ed898-0b76-f5b0-3dd6-68fb35196bc6">
      <Execution id="62e3b030-7f84-470c-8ec7-ec8e5c177eef" />
      <TestMethod codeBase="C:\Users\Johan\source\repos\Virtual Company\tests\VirtualCompany.Finance.Tests\bin\Debug\net9.0\VirtualCompany.Finance.Tests.dll" adapterTypeName="executor://xunit/VsTestRunner2/netcoreapp" className="VirtualCompany.Finance.Tests.PaymentExecutionDomainTests" name="Persistence_model_enforces_tenant_idempotency_provider_replay_and_settlement_uniqueness" />
    </UnitTest>
    <UnitTest name="VirtualCompany.Finance.Tests.PaymentBatchServiceTests.Service_rejects_cross_company_reads_and_writes" storage="c:\users\johan\source\repos\virtual company\tests\virtualcompany.finance.tests\bin\debug\net9.0\virtualcompany.finance.tests.dll" id="ae4da5e3-d9d0-d522-a99f-a3af274aaffd">
      <Execution id="5d14cc45-31f9-4b7d-8130-f7e49989490b" />
      <TestMethod codeBase="C:\Users\Johan\source\repos\Virtual Company\tests\VirtualCompany.Finance.Tests\bin\Debug\net9.0\VirtualCompany.Finance.Tests.dll" adapterTypeName="executor://xunit/VsTestRunner2/netcoreapp" className="VirtualCompany.Finance.Tests.PaymentBatchServiceTests" name="Service_rejects_cross_company_reads_and_writes" />
    </UnitTest>
    <UnitTest name="VirtualCompany.Finance.Tests.PaymentBatchEligibilityPolicyTests.Evaluate_honors_configured_bank_holidays" storage="c:\users\johan\source\repos\virtual company\tests\virtualcompany.finance.tests\bin\debug\net9.0\virtualcompany.finance.tests.dll" id="92c93e2b-15c5-7f19-3b9f-988653047782">
      <Execution id="35fb3a96-24a6-4ef3-a17a-69714abcbddc" />
      <TestMethod codeBase="C:\Users\Johan\source\repos\Virtual Company\tests\VirtualCompany.Finance.Tests\bin\Debug\net9.0\VirtualCompany.Finance.Tests.dll" adapterTypeName="executor://xunit/VsTestRunner2/netcoreapp" className="VirtualCompany.Finance.Tests.PaymentBatchEligibilityPolicyTests" name="Evaluate_honors_configured_bank_holidays" />
    </UnitTest>
    <UnitTest name="VirtualCompany.Finance.Tests.TreasuryMovementServiceTests.Stale_bank_link_version_is_rejected_before_evidence_changes" storage="c:\users\johan\source\repos\virtual company\tests\virtualcompany.finance.tests\bin\debug\net9.0\virtualcompany.finance.tests.dll" id="a882d7f8-038c-c7a2-4f33-2cf2e4261985">
      <Execution id="c435037a-3f8e-4f50-90ee-e3268ea5eef9" />
      <TestMethod codeBase="C:\Users\Johan\source\repos\Virtual Company\tests\VirtualCompany.Finance.Tests\bin\Debug\net9.0\VirtualCompany.Finance.Tests.dll" adapterTypeName="executor://xunit/VsTestRunner2/netcoreapp" className="VirtualCompany.Finance.Tests.TreasuryMovementServiceTests" name="Stale_bank_link_version_is_rejected_before_evidence_changes" />
    </UnitTest>
    <UnitTest name="VirtualCompany.Finance.Tests.TreasuryWorkspacePolicyTests.Reconciliation_and_payment_cancellation_never_bypass_authority" storage="c:\users\johan\source\repos\virtual company\tests\virtualcompany.finance.tests\bin\debug\net9.0\virtualcompany.finance.tests.dll" id="eb01c47d-1ec4-e398-cbc9-456559a20f29">
      <Execution id="37f64f2f-e5b0-4ff2-89e4-f9289b7635c9" />
      <TestMethod codeBase="C:\Users\Johan\source\repos\Virtual Company\tests\VirtualCompany.Finance.Tests\bin\Debug\net9.0\VirtualCompany.Finance.Tests.dll" adapterTypeName="executor://xunit/VsTestRunner2/netcoreapp" className="VirtualCompany.Finance.Tests.TreasuryWorkspacePolicyTests" name="Reconciliation_and_payment_cancellation_never_bypass_authority" />
    </UnitTest>
    <UnitTest name="VirtualCompany.Finance.Tests.TreasuryMovementServiceTests.Cross_currency_transfer_and_cross_company_access_are_blocked_explicitly" storage="c:\users\johan\source\repos\virtual company\tests\virtualcompany.finance.tests\bin\debug\net9.0\virtualcompany.finance.tests.dll" id="b35a35e5-8cdc-dc77-25a2-4493bba8dee4">
      <Execution id="177c83ef-5413-42cc-9d96-8be257a4ba2f" />
      <TestMethod codeBase="C:\Users\Johan\source\repos\Virtual Company\tests\VirtualCompany.Finance.Tests\bin\Debug\net9.0\VirtualCompany.Finance.Tests.dll" adapterTypeName="executor://xunit/VsTestRunner2/netcoreapp" className="VirtualCompany.Finance.Tests.TreasuryMovementServiceTests" name="Cross_currency_transfer_and_cross_company_access_are_blocked_explicitly" />
    </UnitTest>
    <UnitTest name="VirtualCompany.Finance.Tests.FinanceOperationalReportTests.Foreign_context_and_invalid_filters_cannot_read_any_report" storage="c:\users\johan\source\repos\virtual company\tests\virtualcompany.finance.tests\bin\debug\net9.0\virtualcompany.finance.tests.dll" id="7fced5f0-17e0-4120-1e21-444f0152b4aa">
      <Execution id="404b14a5-b16a-4eb7-be86-6e715a0085db" />
      <TestMethod codeBase="C:\Users\Johan\source\repos\Virtual Company\tests\VirtualCompany.Finance.Tests\bin\Debug\net9.0\VirtualCompany.Finance.Tests.dll" adapterTypeName="executor://xunit/VsTestRunner2/netcoreapp" className="VirtualCompany.Finance.Tests.FinanceOperationalReportTests" name="Foreign_context_and_invalid_filters_cannot_read_any_report" />
    </UnitTest>
    <UnitTest name="VirtualCompany.Finance.Tests.FinanceTodayPlanTests.Revoked_finance_access_is_not_downgraded_to_a_planning_gap" storage="c:\users\johan\source\repos\virtual company\tests\virtualcompany.finance.tests\bin\debug\net9.0\virtualcompany.finance.tests.dll" id="912f793b-051a-c5f1-c447-1f38a045aa03">
      <Execution id="09af79be-c7df-4e67-81a9-06b1da7d3560" />
      <TestMethod codeBase="C:\Users\Johan\source\repos\Virtual Company\tests\VirtualCompany.Finance.Tests\bin\Debug\net9.0\VirtualCompany.Finance.Tests.dll" adapterTypeName="executor://xunit/VsTestRunner2/netcoreapp" className="VirtualCompany.Finance.Tests.FinanceTodayPlanTests" name="Revoked_finance_access_is_not_downgraded_to_a_planning_gap" />
    </UnitTest>
    <UnitTest name="VirtualCompany.Finance.Tests.TreasuryMovementServiceTests.Posted_source_reverses_through_the_accounting_boundary_and_keeps_history" storage="c:\users\johan\source\repos\virtual company\tests\virtualcompany.finance.tests\bin\debug\net9.0\virtualcompany.finance.tests.dll" id="dcdf7475-0e2f-4947-a9df-5cf24348fbc4">
      <Execution id="7a682193-cedd-4d17-a35e-1bc3763b06ea" />
      <TestMethod codeBase="C:\Users\Johan\source\repos\Virtual Company\tests\VirtualCompany.Finance.Tests\bin\Debug\net9.0\VirtualCompany.Finance.Tests.dll" adapterTypeName="executor://xunit/VsTestRunner2/netcoreapp" className="VirtualCompany.Finance.Tests.TreasuryMovementServiceTests" name="Posted_source_reverses_through_the_accounting_boundary_and_keeps_history" />
    </UnitTest>
    <UnitTest name="VirtualCompany.Finance.Tests.TreasuryMovementServiceTests.Bank_fee_and_interest_use_explicit_expense_and_income_counterparts" storage="c:\users\johan\source\repos\virtual company\tests\virtualcompany.finance.tests\bin\debug\net9.0\virtualcompany.finance.tests.dll" id="046c0813-2e4d-0d50-b42c-2c2af6e4efad">
      <Execution id="cc7f796a-b387-4001-95df-7e27d120d836" />
      <TestMethod codeBase="C:\Users\Johan\source\repos\Virtual Company\tests\VirtualCompany.Finance.Tests\bin\Debug\net9.0\VirtualCompany.Finance.Tests.dll" adapterTypeName="executor://xunit/VsTestRunner2/netcoreapp" className="VirtualCompany.Finance.Tests.TreasuryMovementServiceTests" name="Bank_fee_and_interest_use_explicit_expense_and_income_counterparts" />
    </UnitTest>
    <UnitTest name="VirtualCompany.Finance.Tests.TreasuryWorkspaceQueryServiceTests.Read_model_rejects_a_company_outside_the_resolved_tenant_before_loading_sources" storage="c:\users\johan\source\repos\virtual company\tests\virtualcompany.finance.tests\bin\debug\net9.0\virtualcompany.finance.tests.dll" id="d5194572-b89a-b4d8-d5da-4c2069506ff4">
      <Execution id="ece2177a-0673-4bf6-8e6a-2a1fbc9a0760" />
      <TestMethod codeBase="C:\Users\Johan\source\repos\Virtual Company\tests\VirtualCompany.Finance.Tests\bin\Debug\net9.0\VirtualCompany.Finance.Tests.dll" adapterTypeName="executor://xunit/VsTestRunner2/netcoreapp" className="VirtualCompany.Finance.Tests.TreasuryWorkspaceQueryServiceTests" name="Read_model_rejects_a_company_outside_the_resolved_tenant_before_loading_sources" />
    </UnitTest>
    <UnitTest name="VirtualCompany.Finance.Tests.PaymentExecutionDomainTests.Provider_completion_is_distinct_from_booked_bank_settlement" storage="c:\users\johan\source\repos\virtual company\tests\virtualcompany.finance.tests\bin\debug\net9.0\virtualcompany.finance.tests.dll" id="4710d540-6402-3adc-d670-a4cb93705bc4">
      <Execution id="34e6516f-b8f7-4903-b418-c9233aa9a6a0" />
      <TestMethod codeBase="C:\Users\Johan\source\repos\Virtual Company\tests\VirtualCompany.Finance.Tests\bin\Debug\net9.0\VirtualCompany.Finance.Tests.dll" adapterTypeName="executor://xunit/VsTestRunner2/netcoreapp" className="VirtualCompany.Finance.Tests.PaymentExecutionDomainTests" name="Provider_completion_is_distinct_from_booked_bank_settlement" />
    </UnitTest>
    <UnitTest name="VirtualCompany.Finance.Tests.PaymentBatchEligibilityPolicyTests.Evaluate_blocks_control_failures_with_stable_reason_codes(held: False, disputed: True, settled: False, duplicate: False, beneficiaryVerified: True, sourceCurrent: True, cash: 5000, expectedReasonCode: &quot;payment_batch_obligation_disputed&quot;)" storage="c:\users\johan\source\repos\virtual company\tests\virtualcompany.finance.tests\bin\debug\net9.0\virtualcompany.finance.tests.dll" id="8e6bf106-6482-d8ad-a194-e88e2f6d0ddc">
      <Execution id="e7d7a043-f6a0-4233-b4d1-2a1c8b36df68" />
      <TestMethod codeBase="C:\Users\Johan\source\repos\Virtual Company\tests\VirtualCompany.Finance.Tests\bin\Debug\net9.0\VirtualCompany.Finance.Tests.dll" adapterTypeName="executor://xunit/VsTestRunner2/netcoreapp" className="VirtualCompany.Finance.Tests.PaymentBatchEligibilityPolicyTests" name="Evaluate_blocks_control_failures_with_stable_reason_codes" />
    </UnitTest>
    <UnitTest name="VirtualCompany.Finance.Tests.PaymentBatchEligibilityPolicyTests.Evaluate_prefers_a_valid_early_payment_discount_date" storage="c:\users\johan\source\repos\virtual company\tests\virtualcompany.finance.tests\bin\debug\net9.0\virtualcompany.finance.tests.dll" id="5959ab2e-8de8-2654-68a3-e9ebf9ff3a83">
      <Execution id="08f38ac4-f390-44a7-b57e-e1a3ff0771b1" />
      <TestMethod codeBase="C:\Users\Johan\source\repos\Virtual Company\tests\VirtualCompany.Finance.Tests\bin\Debug\net9.0\VirtualCompany.Finance.Tests.dll" adapterTypeName="executor://xunit/VsTestRunner2/netcoreapp" className="VirtualCompany.Finance.Tests.PaymentBatchEligibilityPolicyTests" name="Evaluate_prefers_a_valid_early_payment_discount_date" />
    </UnitTest>
  </TestDefinitions>
  <TestEntries>
    <TestEntry testId="d5194572-b89a-b4d8-d5da-4c2069506ff4" executionId="ece2177a-0673-4bf6-8e6a-2a1fbc9a0760" testListId="8c84fa94-04c1-424b-9868-57a2d4851a1d" />
    <TestEntry testId="aa76cc32-aadf-e374-9f2c-e96f21b4d1db" executionId="50368a62-b239-4d3e-b5ef-db74214a7b97" testListId="8c84fa94-04c1-424b-9868-57a2d4851a1d" />
    <TestEntry testId="050194f2-76cb-fc79-3a17-dea7c7735929" executionId="4828ddb6-6c34-4df9-a5f2-c03e9ad856b0" testListId="8c84fa94-04c1-424b-9868-57a2d4851a1d" />
    <TestEntry testId="f99403a4-86db-fcfa-d99f-e4d7bad83858" executionId="f16973ef-f8cb-43bf-b7b3-ed915271a78f" testListId="8c84fa94-04c1-424b-9868-57a2d4851a1d" />
    <TestEntry testId="eb01c47d-1ec4-e398-cbc9-456559a20f29" executionId="37f64f2f-e5b0-4ff2-89e4-f9289b7635c9" testListId="8c84fa94-04c1-424b-9868-57a2d4851a1d" />
    <TestEntry testId="9a24823f-a7a6-c04a-d734-cc4fb64a9f7b" executionId="ab795f87-0976-4f11-b7d3-a523af9982e6" testListId="8c84fa94-04c1-424b-9868-57a2d4851a1d" />
    <TestEntry testId="f6408947-cbb3-4660-ed23-73c3b53aa64b" executionId="34822322-af6b-453a-b448-ddd017fde18b" testListId="8c84fa94-04c1-424b-9868-57a2d4851a1d" />
    <TestEntry testId="70821aed-7661-563a-9f3b-6e2f1d96da94" executionId="6c7749bb-08d0-43d6-8932-abdf13fb1e1c" testListId="8c84fa94-04c1-424b-9868-57a2d4851a1d" />
    <TestEntry testId="046c0813-2e4d-0d50-b42c-2c2af6e4efad" executionId="cc7f796a-b387-4001-95df-7e27d120d836" testListId="8c84fa94-04c1-424b-9868-57a2d4851a1d" />
    <TestEntry testId="912f793b-051a-c5f1-c447-1f38a045aa03" executionId="09af79be-c7df-4e67-81a9-06b1da7d3560" testListId="8c84fa94-04c1-424b-9868-57a2d4851a1d" />
    <TestEntry testId="3e2bfa1a-3bc4-480a-41f3-1fad642202bd" executionId="7c4221a5-7c64-41b8-979d-c5ff9ca3f9a7" testListId="8c84fa94-04c1-424b-9868-57a2d4851a1d" />
    <TestEntry testId="f29d7f56-8e36-3e06-93da-1f414fa9e595" executionId="8f3e3543-d615-4bba-8956-682d9373b35b" testListId="8c84fa94-04c1-424b-9868-57a2d4851a1d" />
    <TestEntry testId="c4753eed-5358-a5c2-b493-125f9f820e5d" executionId="1494f9b5-dcc0-4582-ace7-71178c809296" testListId="8c84fa94-04c1-424b-9868-57a2d4851a1d" />
    <TestEntry testId="2f3623ef-3016-98d3-4ea0-7607325649d9" executionId="05e0a821-84e7-466c-a88a-7adf65f2c1cd" testListId="8c84fa94-04c1-424b-9868-57a2d4851a1d" />
    <TestEntry testId="ca7a4444-d439-a4b9-0575-a89c4b31fe1a" executionId="800a0532-6bd1-48a4-be55-433baa3725d9" testListId="8c84fa94-04c1-424b-9868-57a2d4851a1d" />
    <TestEntry testId="70a7c31e-2ec1-212a-5f2e-08f1f05b1bb9" executionId="8a8db5e7-83fd-4bb4-90d9-0c0199389887" testListId="8c84fa94-04c1-424b-9868-57a2d4851a1d" />
    <TestEntry testId="b1c3ae8d-d265-9a42-8917-361ef2b02611" executionId="32378abf-91c9-4ee0-9934-3b9f422b990f" testListId="8c84fa94-04c1-424b-9868-57a2d4851a1d" />
    <TestEntry testId="92c93e2b-15c5-7f19-3b9f-988653047782" executionId="35fb3a96-24a6-4ef3-a17a-69714abcbddc" testListId="8c84fa94-04c1-424b-9868-57a2d4851a1d" />
    <TestEntry testId="a882d7f8-038c-c7a2-4f33-2cf2e4261985" executionId="c435037a-3f8e-4f50-90ee-e3268ea5eef9" testListId="8c84fa94-04c1-424b-9868-57a2d4851a1d" />
    <TestEntry testId="b35a35e5-8cdc-dc77-25a2-4493bba8dee4" executionId="177c83ef-5413-42cc-9d96-8be257a4ba2f" testListId="8c84fa94-04c1-424b-9868-57a2d4851a1d" />
    <TestEntry testId="4710d540-6402-3adc-d670-a4cb93705bc4" executionId="34e6516f-b8f7-4903-b418-c9233aa9a6a0" testListId="8c84fa94-04c1-424b-9868-57a2d4851a1d" />
    <TestEntry testId="c27d627a-2c56-9e19-a121-76c40f4a19fe" executionId="c4c0d0e3-5fe8-4a95-9693-5f4100990afb" testListId="8c84fa94-04c1-424b-9868-57a2d4851a1d" />
    <TestEntry testId="ead65b4e-7ce8-d753-36a5-6b3bc5c11ef0" executionId="5dcc3df6-63d4-4edd-977e-1816c318dcd9" testListId="8c84fa94-04c1-424b-9868-57a2d4851a1d" />
    <TestEntry testId="d8ed3f39-7073-0201-da33-51aa7dab9fd9" executionId="2b6e211a-9302-490d-8c72-f584ab584d0a" testListId="8c84fa94-04c1-424b-9868-57a2d4851a1d" />
    <TestEntry testId="7fced5f0-17e0-4120-1e21-444f0152b4aa" executionId="404b14a5-b16a-4eb7-be86-6e715a0085db" testListId="8c84fa94-04c1-424b-9868-57a2d4851a1d" />
    <TestEntry testId="a2b70231-2914-7b3c-d7a7-cdf73d37a15f" executionId="e4a10899-399c-435c-a958-6fd5ac5aa4e8" testListId="8c84fa94-04c1-424b-9868-57a2d4851a1d" />
    <TestEntry testId="5959ab2e-8de8-2654-68a3-e9ebf9ff3a83" executionId="08f38ac4-f390-44a7-b57e-e1a3ff0771b1" testListId="8c84fa94-04c1-424b-9868-57a2d4851a1d" />
    <TestEntry testId="cc36b74a-0a5c-708b-1206-7c6b6f141e50" executionId="fff44add-8316-4ff0-9905-9ec51ce8a028" testListId="8c84fa94-04c1-424b-9868-57a2d4851a1d" />
    <TestEntry testId="de6c47ff-4140-a7ba-d5f3-b13e92e15929" executionId="00b61dea-c58b-488d-90c2-c12d89885126" testListId="8c84fa94-04c1-424b-9868-57a2d4851a1d" />
    <TestEntry testId="a48b1426-7e6a-1b6e-8541-8a26847628fc" executionId="65967652-31fd-4938-b109-68459f0fc13f" testListId="8c84fa94-04c1-424b-9868-57a2d4851a1d" />
    <TestEntry testId="9be223e2-21dc-1c9a-1085-5321e19c9fae" executionId="57dc005f-5068-48b2-8357-8293bb89c3d1" testListId="8c84fa94-04c1-424b-9868-57a2d4851a1d" />
    <TestEntry testId="558e58d3-b4f4-e185-2334-a4093a1e860b" executionId="9cf0db35-7fd6-447c-af31-09770942b206" testListId="8c84fa94-04c1-424b-9868-57a2d4851a1d" />
    <TestEntry testId="4b25b49f-c4af-56f4-95bc-8b2600735913" executionId="45a988a1-ff1a-466d-95a9-f477931f605c" testListId="8c84fa94-04c1-424b-9868-57a2d4851a1d" />
    <TestEntry testId="fde02cdf-50cf-ca92-8633-cd8d9c7af3d5" executionId="976f2647-1ba1-4637-bc6c-a54d86890990" testListId="8c84fa94-04c1-424b-9868-57a2d4851a1d" />
    <TestEntry testId="cd3410c0-ace6-3363-a62a-7c72725f21c8" executionId="46c3a0aa-0956-4807-a6e5-ec7a97ddcaf7" testListId="8c84fa94-04c1-424b-9868-57a2d4851a1d" />
    <TestEntry testId="a328932c-11f9-0d13-4960-bfe215e18666" executionId="652bb891-acf5-46fb-9920-205bd97fc688" testListId="8c84fa94-04c1-424b-9868-57a2d4851a1d" />
    <TestEntry testId="dcdf7475-0e2f-4947-a9df-5cf24348fbc4" executionId="7a682193-cedd-4d17-a35e-1bc3763b06ea" testListId="8c84fa94-04c1-424b-9868-57a2d4851a1d" />
    <TestEntry testId="a3fc290c-99a0-f7ee-f3f7-3b805095b5d6" executionId="56b4ea9f-799c-4fe4-805a-be40d7887676" testListId="8c84fa94-04c1-424b-9868-57a2d4851a1d" />
    <TestEntry testId="e763dc5f-9bb5-edbb-6027-791a8c0988f9" executionId="1b15427f-ab1d-4920-b402-3c03b02ed1db" testListId="8c84fa94-04c1-424b-9868-57a2d4851a1d" />
    <TestEntry testId="b30ed898-0b76-f5b0-3dd6-68fb35196bc6" executionId="62e3b030-7f84-470c-8ec7-ec8e5c177eef" testListId="8c84fa94-04c1-424b-9868-57a2d4851a1d" />
    <TestEntry testId="d4633c6d-6ca0-a1d8-a144-e7bfc7da4136" executionId="d079baa0-20fc-4be4-93a4-b59dc144c7e3" testListId="8c84fa94-04c1-424b-9868-57a2d4851a1d" />
    <TestEntry testId="cc14d52b-8142-138a-70a6-c3257cbc913d" executionId="d8d1299e-015e-4a18-b291-aa336fdbd9b7" testListId="8c84fa94-04c1-424b-9868-57a2d4851a1d" />
    <TestEntry testId="e51ff771-8ac4-f058-b85a-660f3b855a6e" executionId="e906f3f5-a9d1-45ba-9b24-bf7055edbcc8" testListId="8c84fa94-04c1-424b-9868-57a2d4851a1d" />
    <TestEntry testId="328de85e-f3bc-5ba3-94a8-fbcc32495ec6" executionId="2de4afdd-dc69-4186-946f-e8815301c28b" testListId="8c84fa94-04c1-424b-9868-57a2d4851a1d" />
    <TestEntry testId="8e6bf106-6482-d8ad-a194-e88e2f6d0ddc" executionId="e7d7a043-f6a0-4233-b4d1-2a1c8b36df68" testListId="8c84fa94-04c1-424b-9868-57a2d4851a1d" />
    <TestEntry testId="80690168-a652-5586-d310-5b0c3215e703" executionId="fffb1b36-4308-40b2-8863-799c9993244a" testListId="8c84fa94-04c1-424b-9868-57a2d4851a1d" />
    <TestEntry testId="936d47d0-9bd9-bfcc-1feb-c12b4db0f752" executionId="c7d62b01-6b14-40e3-94de-73f93b607daf" testListId="8c84fa94-04c1-424b-9868-57a2d4851a1d" />
    <TestEntry testId="fbcb286f-fdba-84cc-8a50-31edef94419f" executionId="befdb211-a036-4c63-b164-8a9e3536a89e" testListId="8c84fa94-04c1-424b-9868-57a2d4851a1d" />
    <TestEntry testId="ae4da5e3-d9d0-d522-a99f-a3af274aaffd" executionId="5d14cc45-31f9-4b7d-8130-f7e49989490b" testListId="8c84fa94-04c1-424b-9868-57a2d4851a1d" />
  </TestEntries>
  <TestLists>
    <TestList name="Results Not in a List" id="8c84fa94-04c1-424b-9868-57a2d4851a1d" />
    <TestList name="All Loaded Results" id="19431567-8539-422a-85d7-44ee4e166bda" />
  </TestLists>
  <ResultSummary outcome="Completed">
    <Counters total="49" executed="49" passed="49" failed="0" error="0" timeout="0" aborted="0" inconclusive="0" passedButRunAborted="0" notRunnable="0" notExecuted="0" disconnected="0" warning="0" completed="0" inProgress="0" pending="0" />
    <Output>
      <StdOut>[xUnit.net 00:00:00.00] xUnit.net VSTest Adapter v2.8.2+699d445a1a (64-bit .NET 9.0.19)&#xD;
[xUnit.net 00:00:00.06]   Discovering: VirtualCompany.Finance.Tests&#xD;
[xUnit.net 00:00:00.12]   Discovered:  VirtualCompany.Finance.Tests&#xD;
[xUnit.net 00:00:00.12]   Starting:    VirtualCompany.Finance.Tests&#xD;
[xUnit.net 00:00:14.19]   Finished:    VirtualCompany.Finance.Tests&#xD;
</StdOut>
    </Output>
  </ResultSummary>
</TestRun>