<?xml version="1.0" encoding="utf-8"?>
<TestRun id="2dfc9472-2fdf-4f55-a56e-b0f39864114e" name="Johan@DESKTOP-388F6FT 2026-09-09 19:25:13" runUser="DESKTOP-388F6FT\Johan" xmlns="http://microsoft.com/schemas/VisualStudio/TeamTest/2010">
  <Times creation="2026-09-09T19:25:13.6580304+02:00" queuing="2026-09-09T19:25:13.6580305+02:00" start="2026-09-09T19:25:12.6897581+02:00" finish="2026-09-09T19:25:13.7063492+02:00" />
  <TestSettings name="default" id="c098bb97-482d-4f8e-bf08-53bef4d85b03">
    <Deployment runDeploymentRoot="Johan_DESKTOP-388F6FT_2026-09-09_19_25_13" />
  </TestSettings>
  <Results>
    <UnitTestResult executionId="ff54afe6-84d4-482c-ba97-87e14a8d9f2e" testId="92cf56cb-4b0d-d688-9c83-515e0c3f3c65" testName="VirtualCompany.Web.Tests.TeamsCallControlApiClientTests.Join_uses_company_scoped_typed_route" computerName="DESKTOP-388F6FT" duration="00:00:00.0017558" startTime="2026-09-09T19:25:13.4295248+02:00" endTime="2026-09-09T19:25:13.4295249+02:00" testType="13cdc9d9-ddb5-4fa4-a97d-d965ccfc6d4b" outcome="Passed" testListId="8c84fa94-04c1-424b-9868-57a2d4851a1d" relativeResultsDirectory="ff54afe6-84d4-482c-ba97-87e14a8d9f2e" />
    <UnitTestResult executionId="b17b03df-1e9f-4f4f-b6f8-13fa83402fdc" testId="c403d081-d841-e95e-e622-ec5d9814ac3f" testName="VirtualCompany.Web.Tests.TeamsCallControlApiClientTests.Sensitive_media_controls_use_company_scoped_server_routes(action: &quot;revoke&quot;, suffix: &quot;/consent/revoke&quot;)" computerName="DESKTOP-388F6FT" duration="00:00:00.0551046" startTime="2026-09-09T19:25:13.4270877+02:00" endTime="2026-09-09T19:25:13.4270975+02:00" testType="13cdc9d9-ddb5-4fa4-a97d-d965ccfc6d4b" outcome="Passed" testListId="8c84fa94-04c1-424b-9868-57a2d4851a1d" relativeResultsDirectory="b17b03df-1e9f-4f4f-b6f8-13fa83402fdc" />
    <UnitTestResult executionId="6b6e5629-80e5-451a-b25d-b1ec6f9b9e59" testId="f78fe505-aaac-fbbb-931f-c71a189f8eaa" testName="VirtualCompany.Web.Tests.SalesBrowserMeetingSchedulingTests.Meeting_type_is_separate_from_calendar_and_explains_browser_consent" computerName="DESKTOP-388F6FT" duration="00:00:00.0066200" startTime="2026-09-09T19:25:13.6285679+02:00" endTime="2026-09-09T19:25:13.6285679+02:00" testType="13cdc9d9-ddb5-4fa4-a97d-d965ccfc6d4b" outcome="Passed" testListId="8c84fa94-04c1-424b-9868-57a2d4851a1d" relativeResultsDirectory="6b6e5629-80e5-451a-b25d-b1ec6f9b9e59" />
    <UnitTestResult executionId="a11547f3-8679-418e-8a23-52446701a908" testId="559f720e-590b-691a-b12b-bffc4772753d" testName="VirtualCompany.Web.Tests.TeamsMeetingSurfaceTests.Sales_navigation_uses_invitation_readiness_and_preserves_deep_link_compatibility" computerName="DESKTOP-388F6FT" duration="00:00:00.0004283" startTime="2026-09-09T19:25:13.6440490+02:00" endTime="2026-09-09T19:25:13.6440490+02:00" testType="13cdc9d9-ddb5-4fa4-a97d-d965ccfc6d4b" outcome="Passed" testListId="8c84fa94-04c1-424b-9868-57a2d4851a1d" relativeResultsDirectory="a11547f3-8679-418e-8a23-52446701a908" />
    <UnitTestResult executionId="80db9461-b80f-4124-92ba-c38d5444e17c" testId="fe4825d0-4f95-fc1b-be85-808d67c9c246" testName="VirtualCompany.Web.Tests.SalesHumanRoomTests.Host_client_reads_actual_API_contract_and_keeps_company_scope" computerName="DESKTOP-388F6FT" duration="00:00:00.0009529" startTime="2026-09-09T19:25:13.6524778+02:00" endTime="2026-09-09T19:25:13.6524780+02:00" testType="13cdc9d9-ddb5-4fa4-a97d-d965ccfc6d4b" outcome="Passed" testListId="8c84fa94-04c1-424b-9868-57a2d4851a1d" relativeResultsDirectory="80db9461-b80f-4124-92ba-c38d5444e17c" />
    <UnitTestResult executionId="ac35358c-200c-4919-91cd-e3d833eae0ee" testId="9e162ac2-bc2d-f480-6dbc-2cbcce314431" testName="VirtualCompany.Web.Tests.TeamsMeetingSurfaceTests.Teams_boundary_uses_sso_and_real_capability_checked_stage_share_without_persistence" computerName="DESKTOP-388F6FT" duration="00:00:00.0001916" startTime="2026-09-09T19:25:13.6440684+02:00" endTime="2026-09-09T19:25:13.6440684+02:00" testType="13cdc9d9-ddb5-4fa4-a97d-d965ccfc6d4b" outcome="Passed" testListId="8c84fa94-04c1-424b-9868-57a2d4851a1d" relativeResultsDirectory="ac35358c-200c-4919-91cd-e3d833eae0ee" />
    <UnitTestResult executionId="65f0b450-9a91-4dba-8a97-e60dfd1c8142" testId="4aa4b23d-30f6-eaac-5f72-63a4f5652b36" testName="VirtualCompany.Web.Tests.TeamsMeetingSurfaceTests.Private_panel_exposes_human_preemption_modes_failures_and_accessibility" computerName="DESKTOP-388F6FT" duration="00:00:00.0007706" startTime="2026-09-09T19:25:13.6439423+02:00" endTime="2026-09-09T19:25:13.6439424+02:00" testType="13cdc9d9-ddb5-4fa4-a97d-d965ccfc6d4b" outcome="Passed" testListId="8c84fa94-04c1-424b-9868-57a2d4851a1d" relativeResultsDirectory="65f0b450-9a91-4dba-8a97-e60dfd1c8142" />
    <UnitTestResult executionId="06c32c3d-5d61-4471-8da8-107c19782b27" testId="9a7021b5-11e3-37f4-c573-41438ccf1a61" testName="VirtualCompany.Web.Tests.SalesHumanRoomTests.Provider_body_is_never_shown_in_failure_message_and_tokens_are_redacted" computerName="DESKTOP-388F6FT" duration="00:00:00.0011523" startTime="2026-09-09T19:25:13.6570499+02:00" endTime="2026-09-09T19:25:13.6570500+02:00" testType="13cdc9d9-ddb5-4fa4-a97d-d965ccfc6d4b" outcome="Passed" testListId="8c84fa94-04c1-424b-9868-57a2d4851a1d" relativeResultsDirectory="06c32c3d-5d61-4471-8da8-107c19782b27" />
    <UnitTestResult executionId="5e3286a1-f79e-4f80-b4f1-0cebba9598eb" testId="b13f9332-3327-ba23-ec59-6291edf6b68e" testName="VirtualCompany.Web.Tests.SalesHumanRoomTests.Lobby_and_access_denial_do_not_connect_media" computerName="DESKTOP-388F6FT" duration="00:00:00.0028654" startTime="2026-09-09T19:25:13.6743621+02:00" endTime="2026-09-09T19:25:13.6743622+02:00" testType="13cdc9d9-ddb5-4fa4-a97d-d965ccfc6d4b" outcome="Passed" testListId="8c84fa94-04c1-424b-9868-57a2d4851a1d" relativeResultsDirectory="5e3286a1-f79e-4f80-b4f1-0cebba9598eb" />
    <UnitTestResult executionId="49310079-9796-4e68-a42a-59ceff420b49" testId="f740acaf-3220-6095-86c1-5259dd3b443a" testName="VirtualCompany.Web.Tests.SalesBrowserMeetingSchedulingTests.Unavailable_browser_choice_keeps_the_calendar_route_selectable" computerName="DESKTOP-388F6FT" duration="00:00:00.0348192" startTime="2026-09-09T19:25:13.6219008+02:00" endTime="2026-09-09T19:25:13.6219009+02:00" testType="13cdc9d9-ddb5-4fa4-a97d-d965ccfc6d4b" outcome="Passed" testListId="8c84fa94-04c1-424b-9868-57a2d4851a1d" relativeResultsDirectory="49310079-9796-4e68-a42a-59ceff420b49" />
    <UnitTestResult executionId="30868769-6854-47b9-9362-d570da97189d" testId="27ea4605-b429-759b-0028-48976625c645" testName="VirtualCompany.Web.Tests.SalesBrowserMeetingSchedulingTests.Offline_and_empty_company_never_send_requests" computerName="DESKTOP-388F6FT" duration="00:00:00.0011022" startTime="2026-09-09T19:25:13.6334823+02:00" endTime="2026-09-09T19:25:13.6334824+02:00" testType="13cdc9d9-ddb5-4fa4-a97d-d965ccfc6d4b" outcome="Passed" testListId="8c84fa94-04c1-424b-9868-57a2d4851a1d" relativeResultsDirectory="30868769-6854-47b9-9362-d570da97189d" />
    <UnitTestResult executionId="ef172741-716b-4391-82d0-17b6f1183b79" testId="9d79e583-afc9-e736-2895-33db75e26d76" testName="VirtualCompany.Web.Tests.TeamsCallControlApiClientTests.Sensitive_media_controls_use_company_scoped_server_routes(action: &quot;stop&quot;, suffix: &quot;/audio/stop&quot;)" computerName="DESKTOP-388F6FT" duration="00:00:00.0008827" startTime="2026-09-09T19:25:13.4284723+02:00" endTime="2026-09-09T19:25:13.4284723+02:00" testType="13cdc9d9-ddb5-4fa4-a97d-d965ccfc6d4b" outcome="Passed" testListId="8c84fa94-04c1-424b-9868-57a2d4851a1d" relativeResultsDirectory="ef172741-716b-4391-82d0-17b6f1183b79" />
    <UnitTestResult executionId="f433d0c9-d4d3-4d5f-8d7f-b3762a97ea93" testId="ff6da7ad-42ba-ae57-05c8-75215cb2b2fb" testName="VirtualCompany.Web.Tests.SalesHumanRoomTests.Guest_client_sends_only_room_credential_and_reads_public_contract" computerName="DESKTOP-388F6FT" duration="00:00:00.0033551" startTime="2026-09-09T19:25:13.6558864+02:00" endTime="2026-09-09T19:25:13.6558865+02:00" testType="13cdc9d9-ddb5-4fa4-a97d-d965ccfc6d4b" outcome="Passed" testListId="8c84fa94-04c1-424b-9868-57a2d4851a1d" relativeResultsDirectory="f433d0c9-d4d3-4d5f-8d7f-b3762a97ea93" />
    <UnitTestResult executionId="1770dde8-504b-4042-8bf9-30ed07b3793e" testId="07dcae70-8f16-240a-65c5-0e57cc7e14ff" testName="VirtualCompany.Web.Tests.TeamsMeetingSurfaceTests.Shared_stage_is_stage_safe_exact_aspect_and_acknowledged_only_after_image_load" computerName="DESKTOP-388F6FT" duration="00:00:00.0002635" startTime="2026-09-09T19:25:13.6440208+02:00" endTime="2026-09-09T19:25:13.6440209+02:00" testType="13cdc9d9-ddb5-4fa4-a97d-d965ccfc6d4b" outcome="Passed" testListId="8c84fa94-04c1-424b-9868-57a2d4851a1d" relativeResultsDirectory="1770dde8-504b-4042-8bf9-30ed07b3793e" />
    <UnitTestResult executionId="7e73a570-e742-4bbd-8cc2-b6635dc4e8a7" testId="fa999413-1b4b-b6ac-2ac4-63d1501cc452" testName="VirtualCompany.Web.Tests.SalesHumanRoomTests.Guest_prejoin_has_no_internal_navigation_or_host_controls_and_never_requests_media" computerName="DESKTOP-388F6FT" duration="00:00:00.0144155" startTime="2026-09-09T19:25:13.6714722+02:00" endTime="2026-09-09T19:25:13.6714723+02:00" testType="13cdc9d9-ddb5-4fa4-a97d-d965ccfc6d4b" outcome="Passed" testListId="8c84fa94-04c1-424b-9868-57a2d4851a1d" relativeResultsDirectory="7e73a570-e742-4bbd-8cc2-b6635dc4e8a7" />
    <UnitTestResult executionId="86c629c0-d818-44ba-bd27-b3ae722cc011" testId="88c645f9-5053-3b7d-d6f6-c3b35f32504e" testName="VirtualCompany.Web.Tests.SalesBrowserMeetingSchedulingTests.Copy_link_uses_company_transport_and_redacts_diagnostics" computerName="DESKTOP-388F6FT" duration="00:00:00.0037514" startTime="2026-09-09T19:25:13.6323540+02:00" endTime="2026-09-09T19:25:13.6323541+02:00" testType="13cdc9d9-ddb5-4fa4-a97d-d965ccfc6d4b" outcome="Passed" testListId="8c84fa94-04c1-424b-9868-57a2d4851a1d" relativeResultsDirectory="86c629c0-d818-44ba-bd27-b3ae722cc011" />
    <UnitTestResult executionId="ecdb798b-5df3-4068-bcb0-a38600157306" testId="1729fac3-8ee1-377d-1656-fc09912f4de1" testName="VirtualCompany.Web.Tests.SalesHumanRoomTests.Host_sees_private_lobby_and_versioned_admission_control" computerName="DESKTOP-388F6FT" duration="00:00:00.2207036" startTime="2026-09-09T19:25:13.6514412+02:00" endTime="2026-09-09T19:25:13.6514413+02:00" testType="13cdc9d9-ddb5-4fa4-a97d-d965ccfc6d4b" outcome="Passed" testListId="8c84fa94-04c1-424b-9868-57a2d4851a1d" relativeResultsDirectory="ecdb798b-5df3-4068-bcb0-a38600157306" />
    <UnitTestResult executionId="50d8b9dc-0dbd-42a5-acd0-f58610bd280e" testId="972bb23e-7c23-1218-9bf6-0a1f893f73ab" testName="VirtualCompany.Web.Tests.TeamsCallControlApiClientTests.Sensitive_media_controls_use_company_scoped_server_routes(action: &quot;start&quot;, suffix: &quot;/audio/start&quot;)" computerName="DESKTOP-388F6FT" duration="00:00:00.0001514" startTime="2026-09-09T19:25:13.4286193+02:00" endTime="2026-09-09T19:25:13.4286193+02:00" testType="13cdc9d9-ddb5-4fa4-a97d-d965ccfc6d4b" outcome="Passed" testListId="8c84fa94-04c1-424b-9868-57a2d4851a1d" relativeResultsDirectory="50d8b9dc-0dbd-42a5-acd0-f58610bd280e" />
    <UnitTestResult executionId="2a484b11-fb6e-408d-b41d-1ef42abe4837" testId="f20813f6-f017-c2f4-21e4-f6260b1de40e" testName="VirtualCompany.Web.Tests.TeamsMeetingSurfaceTests.Platform_admin_surface_exposes_verified_rollout_evidence_and_safe_remediation" computerName="DESKTOP-388F6FT" duration="00:00:00.0002186" startTime="2026-09-09T19:25:13.6440361+02:00" endTime="2026-09-09T19:25:13.6440361+02:00" testType="13cdc9d9-ddb5-4fa4-a97d-d965ccfc6d4b" outcome="Passed" testListId="8c84fa94-04c1-424b-9868-57a2d4851a1d" relativeResultsDirectory="2a484b11-fb6e-408d-b41d-1ef42abe4837" />
  </Results>
  <TestDefinitions>
    <UnitTest name="VirtualCompany.Web.Tests.SalesBrowserMeetingSchedulingTests.Unavailable_browser_choice_keeps_the_calendar_route_selectable" storage="c:\users\johan\source\repos\virtual company\tests\virtualcompany.web.tests\bin\debug\net9.0\virtualcompany.web.tests.dll" id="f740acaf-3220-6095-86c1-5259dd3b443a">
      <Execution id="49310079-9796-4e68-a42a-59ceff420b49" />
      <TestMethod codeBase="C:\Users\Johan\source\repos\Virtual Company\tests\VirtualCompany.Web.Tests\bin\Debug\net9.0\VirtualCompany.Web.Tests.dll" adapterTypeName="executor://xunit/VsTestRunner2/netcoreapp" className="VirtualCompany.Web.Tests.SalesBrowserMeetingSchedulingTests" name="Unavailable_browser_choice_keeps_the_calendar_route_selectable" />
    </UnitTest>
    <UnitTest name="VirtualCompany.Web.Tests.TeamsMeetingSurfaceTests.Teams_boundary_uses_sso_and_real_capability_checked_stage_share_without_persistence" storage="c:\users\johan\source\repos\virtual company\tests\virtualcompany.web.tests\bin\debug\net9.0\virtualcompany.web.tests.dll" id="9e162ac2-bc2d-f480-6dbc-2cbcce314431">
      <Execution id="ac35358c-200c-4919-91cd-e3d833eae0ee" />
      <TestMethod codeBase="C:\Users\Johan\source\repos\Virtual Company\tests\VirtualCompany.Web.Tests\bin\Debug\net9.0\VirtualCompany.Web.Tests.dll" adapterTypeName="executor://xunit/VsTestRunner2/netcoreapp" className="VirtualCompany.Web.Tests.TeamsMeetingSurfaceTests" name="Teams_boundary_uses_sso_and_real_capability_checked_stage_share_without_persistence" />
    </UnitTest>
    <UnitTest name="VirtualCompany.Web.Tests.TeamsCallControlApiClientTests.Sensitive_media_controls_use_company_scoped_server_routes(action: &quot;start&quot;, suffix: &quot;/audio/start&quot;)" storage="c:\users\johan\source\repos\virtual company\tests\virtualcompany.web.tests\bin\debug\net9.0\virtualcompany.web.tests.dll" id="972bb23e-7c23-1218-9bf6-0a1f893f73ab">
      <Execution id="50d8b9dc-0dbd-42a5-acd0-f58610bd280e" />
      <TestMethod codeBase="C:\Users\Johan\source\repos\Virtual Company\tests\VirtualCompany.Web.Tests\bin\Debug\net9.0\VirtualCompany.Web.Tests.dll" adapterTypeName="executor://xunit/VsTestRunner2/netcoreapp" className="VirtualCompany.Web.Tests.TeamsCallControlApiClientTests" name="Sensitive_media_controls_use_company_scoped_server_routes" />
    </UnitTest>
    <UnitTest name="VirtualCompany.Web.Tests.SalesHumanRoomTests.Host_sees_private_lobby_and_versioned_admission_control" storage="c:\users\johan\source\repos\virtual company\tests\virtualcompany.web.tests\bin\debug\net9.0\virtualcompany.web.tests.dll" id="1729fac3-8ee1-377d-1656-fc09912f4de1">
      <Execution id="ecdb798b-5df3-4068-bcb0-a38600157306" />
      <TestMethod codeBase="C:\Users\Johan\source\repos\Virtual Company\tests\VirtualCompany.Web.Tests\bin\Debug\net9.0\VirtualCompany.Web.Tests.dll" adapterTypeName="executor://xunit/VsTestRunner2/netcoreapp" className="VirtualCompany.Web.Tests.SalesHumanRoomTests" name="Host_sees_private_lobby_and_versioned_admission_control" />
    </UnitTest>
    <UnitTest name="VirtualCompany.Web.Tests.TeamsMeetingSurfaceTests.Shared_stage_is_stage_safe_exact_aspect_and_acknowledged_only_after_image_load" storage="c:\users\johan\source\repos\virtual company\tests\virtualcompany.web.tests\bin\debug\net9.0\virtualcompany.web.tests.dll" id="07dcae70-8f16-240a-65c5-0e57cc7e14ff">
      <Execution id="1770dde8-504b-4042-8bf9-30ed07b3793e" />
      <TestMethod codeBase="C:\Users\Johan\source\repos\Virtual Company\tests\VirtualCompany.Web.Tests\bin\Debug\net9.0\VirtualCompany.Web.Tests.dll" adapterTypeName="executor://xunit/VsTestRunner2/netcoreapp" className="VirtualCompany.Web.Tests.TeamsMeetingSurfaceTests" name="Shared_stage_is_stage_safe_exact_aspect_and_acknowledged_only_after_image_load" />
    </UnitTest>
    <UnitTest name="VirtualCompany.Web.Tests.SalesHumanRoomTests.Guest_prejoin_has_no_internal_navigation_or_host_controls_and_never_requests_media" storage="c:\users\johan\source\repos\virtual company\tests\virtualcompany.web.tests\bin\debug\net9.0\virtualcompany.web.tests.dll" id="fa999413-1b4b-b6ac-2ac4-63d1501cc452">
      <Execution id="7e73a570-e742-4bbd-8cc2-b6635dc4e8a7" />
      <TestMethod codeBase="C:\Users\Johan\source\repos\Virtual Company\tests\VirtualCompany.Web.Tests\bin\Debug\net9.0\VirtualCompany.Web.Tests.dll" adapterTypeName="executor://xunit/VsTestRunner2/netcoreapp" className="VirtualCompany.Web.Tests.SalesHumanRoomTests" name="Guest_prejoin_has_no_internal_navigation_or_host_controls_and_never_requests_media" />
    </UnitTest>
    <UnitTest name="VirtualCompany.Web.Tests.SalesHumanRoomTests.Guest_client_sends_only_room_credential_and_reads_public_contract" storage="c:\users\johan\source\repos\virtual company\tests\virtualcompany.web.tests\bin\debug\net9.0\virtualcompany.web.tests.dll" id="ff6da7ad-42ba-ae57-05c8-75215cb2b2fb">
      <Execution id="f433d0c9-d4d3-4d5f-8d7f-b3762a97ea93" />
      <TestMethod codeBase="C:\Users\Johan\source\repos\Virtual Company\tests\VirtualCompany.Web.Tests\bin\Debug\net9.0\VirtualCompany.Web.Tests.dll" adapterTypeName="executor://xunit/VsTestRunner2/netcoreapp" className="VirtualCompany.Web.Tests.SalesHumanRoomTests" name="Guest_client_sends_only_room_credential_and_reads_public_contract" />
    </UnitTest>
    <UnitTest name="VirtualCompany.Web.Tests.SalesBrowserMeetingSchedulingTests.Meeting_type_is_separate_from_calendar_and_explains_browser_consent" storage="c:\users\johan\source\repos\virtual company\tests\virtualcompany.web.tests\bin\debug\net9.0\virtualcompany.web.tests.dll" id="f78fe505-aaac-fbbb-931f-c71a189f8eaa">
      <Execution id="6b6e5629-80e5-451a-b25d-b1ec6f9b9e59" />
      <TestMethod codeBase="C:\Users\Johan\source\repos\Virtual Company\tests\VirtualCompany.Web.Tests\bin\Debug\net9.0\VirtualCompany.Web.Tests.dll" adapterTypeName="executor://xunit/VsTestRunner2/netcoreapp" className="VirtualCompany.Web.Tests.SalesBrowserMeetingSchedulingTests" name="Meeting_type_is_separate_from_calendar_and_explains_browser_consent" />
    </UnitTest>
    <UnitTest name="VirtualCompany.Web.Tests.SalesHumanRoomTests.Lobby_and_access_denial_do_not_connect_media" storage="c:\users\johan\source\repos\virtual company\tests\virtualcompany.web.tests\bin\debug\net9.0\virtualcompany.web.tests.dll" id="b13f9332-3327-ba23-ec59-6291edf6b68e">
      <Execution id="5e3286a1-f79e-4f80-b4f1-0cebba9598eb" />
      <TestMethod codeBase="C:\Users\Johan\source\repos\Virtual Company\tests\VirtualCompany.Web.Tests\bin\Debug\net9.0\VirtualCompany.Web.Tests.dll" adapterTypeName="executor://xunit/VsTestRunner2/netcoreapp" className="VirtualCompany.Web.Tests.SalesHumanRoomTests" name="Lobby_and_access_denial_do_not_connect_media" />
    </UnitTest>
    <UnitTest name="VirtualCompany.Web.Tests.SalesHumanRoomTests.Provider_body_is_never_shown_in_failure_message_and_tokens_are_redacted" storage="c:\users\johan\source\repos\virtual company\tests\virtualcompany.web.tests\bin\debug\net9.0\virtualcompany.web.tests.dll" id="9a7021b5-11e3-37f4-c573-41438ccf1a61">
      <Execution id="06c32c3d-5d61-4471-8da8-107c19782b27" />
      <TestMethod codeBase="C:\Users\Johan\source\repos\Virtual Company\tests\VirtualCompany.Web.Tests\bin\Debug\net9.0\VirtualCompany.Web.Tests.dll" adapterTypeName="executor://xunit/VsTestRunner2/netcoreapp" className="VirtualCompany.Web.Tests.SalesHumanRoomTests" name="Provider_body_is_never_shown_in_failure_message_and_tokens_are_redacted" />
    </UnitTest>
    <UnitTest name="VirtualCompany.Web.Tests.TeamsCallControlApiClientTests.Sensitive_media_controls_use_company_scoped_server_routes(action: &quot;revoke&quot;, suffix: &quot;/consent/revoke&quot;)" storage="c:\users\johan\source\repos\virtual company\tests\virtualcompany.web.tests\bin\debug\net9.0\virtualcompany.web.tests.dll" id="c403d081-d841-e95e-e622-ec5d9814ac3f">
      <Execution id="b17b03df-1e9f-4f4f-b6f8-13fa83402fdc" />
      <TestMethod codeBase="C:\Users\Johan\source\repos\Virtual Company\tests\VirtualCompany.Web.Tests\bin\Debug\net9.0\VirtualCompany.Web.Tests.dll" adapterTypeName="executor://xunit/VsTestRunner2/netcoreapp" className="VirtualCompany.Web.Tests.TeamsCallControlApiClientTests" name="Sensitive_media_controls_use_company_scoped_server_routes" />
    </UnitTest>
    <UnitTest name="VirtualCompany.Web.Tests.SalesHumanRoomTests.Host_client_reads_actual_API_contract_and_keeps_company_scope" storage="c:\users\johan\source\repos\virtual company\tests\virtualcompany.web.tests\bin\debug\net9.0\virtualcompany.web.tests.dll" id="fe4825d0-4f95-fc1b-be85-808d67c9c246">
      <Execution id="80db9461-b80f-4124-92ba-c38d5444e17c" />
      <TestMethod codeBase="C:\Users\Johan\source\repos\Virtual Company\tests\VirtualCompany.Web.Tests\bin\Debug\net9.0\VirtualCompany.Web.Tests.dll" adapterTypeName="executor://xunit/VsTestRunner2/netcoreapp" className="VirtualCompany.Web.Tests.SalesHumanRoomTests" name="Host_client_reads_actual_API_contract_and_keeps_company_scope" />
    </UnitTest>
    <UnitTest name="VirtualCompany.Web.Tests.TeamsMeetingSurfaceTests.Private_panel_exposes_human_preemption_modes_failures_and_accessibility" storage="c:\users\johan\source\repos\virtual company\tests\virtualcompany.web.tests\bin\debug\net9.0\virtualcompany.web.tests.dll" id="4aa4b23d-30f6-eaac-5f72-63a4f5652b36">
      <Execution id="65f0b450-9a91-4dba-8a97-e60dfd1c8142" />
      <TestMethod codeBase="C:\Users\Johan\source\repos\Virtual Company\tests\VirtualCompany.Web.Tests\bin\Debug\net9.0\VirtualCompany.Web.Tests.dll" adapterTypeName="executor://xunit/VsTestRunner2/netcoreapp" className="VirtualCompany.Web.Tests.TeamsMeetingSurfaceTests" name="Private_panel_exposes_human_preemption_modes_failures_and_accessibility" />
    </UnitTest>
    <UnitTest name="VirtualCompany.Web.Tests.TeamsMeetingSurfaceTests.Platform_admin_surface_exposes_verified_rollout_evidence_and_safe_remediation" storage="c:\users\johan\source\repos\virtual company\tests\virtualcompany.web.tests\bin\debug\net9.0\virtualcompany.web.tests.dll" id="f20813f6-f017-c2f4-21e4-f6260b1de40e">
      <Execution id="2a484b11-fb6e-408d-b41d-1ef42abe4837" />
      <TestMethod codeBase="C:\Users\Johan\source\repos\Virtual Company\tests\VirtualCompany.Web.Tests\bin\Debug\net9.0\VirtualCompany.Web.Tests.dll" adapterTypeName="executor://xunit/VsTestRunner2/netcoreapp" className="VirtualCompany.Web.Tests.TeamsMeetingSurfaceTests" name="Platform_admin_surface_exposes_verified_rollout_evidence_and_safe_remediation" />
    </UnitTest>
    <UnitTest name="VirtualCompany.Web.Tests.SalesBrowserMeetingSchedulingTests.Copy_link_uses_company_transport_and_redacts_diagnostics" storage="c:\users\johan\source\repos\virtual company\tests\virtualcompany.web.tests\bin\debug\net9.0\virtualcompany.web.tests.dll" id="88c645f9-5053-3b7d-d6f6-c3b35f32504e">
      <Execution id="86c629c0-d818-44ba-bd27-b3ae722cc011" />
      <TestMethod codeBase="C:\Users\Johan\source\repos\Virtual Company\tests\VirtualCompany.Web.Tests\bin\Debug\net9.0\VirtualCompany.Web.Tests.dll" adapterTypeName="executor://xunit/VsTestRunner2/netcoreapp" className="VirtualCompany.Web.Tests.SalesBrowserMeetingSchedulingTests" name="Copy_link_uses_company_transport_and_redacts_diagnostics" />
    </UnitTest>
    <UnitTest name="VirtualCompany.Web.Tests.TeamsCallControlApiClientTests.Join_uses_company_scoped_typed_route" storage="c:\users\johan\source\repos\virtual company\tests\virtualcompany.web.tests\bin\debug\net9.0\virtualcompany.web.tests.dll" id="92cf56cb-4b0d-d688-9c83-515e0c3f3c65">
      <Execution id="ff54afe6-84d4-482c-ba97-87e14a8d9f2e" />
      <TestMethod codeBase="C:\Users\Johan\source\repos\Virtual Company\tests\VirtualCompany.Web.Tests\bin\Debug\net9.0\VirtualCompany.Web.Tests.dll" adapterTypeName="executor://xunit/VsTestRunner2/netcoreapp" className="VirtualCompany.Web.Tests.TeamsCallControlApiClientTests" name="Join_uses_company_scoped_typed_route" />
    </UnitTest>
    <UnitTest name="VirtualCompany.Web.Tests.TeamsMeetingSurfaceTests.Sales_navigation_uses_invitation_readiness_and_preserves_deep_link_compatibility" storage="c:\users\johan\source\repos\virtual company\tests\virtualcompany.web.tests\bin\debug\net9.0\virtualcompany.web.tests.dll" id="559f720e-590b-691a-b12b-bffc4772753d">
      <Execution id="a11547f3-8679-418e-8a23-52446701a908" />
      <TestMethod codeBase="C:\Users\Johan\source\repos\Virtual Company\tests\VirtualCompany.Web.Tests\bin\Debug\net9.0\VirtualCompany.Web.Tests.dll" adapterTypeName="executor://xunit/VsTestRunner2/netcoreapp" className="VirtualCompany.Web.Tests.TeamsMeetingSurfaceTests" name="Sales_navigation_uses_invitation_readiness_and_preserves_deep_link_compatibility" />
    </UnitTest>
    <UnitTest name="VirtualCompany.Web.Tests.TeamsCallControlApiClientTests.Sensitive_media_controls_use_company_scoped_server_routes(action: &quot;stop&quot;, suffix: &quot;/audio/stop&quot;)" storage="c:\users\johan\source\repos\virtual company\tests\virtualcompany.web.tests\bin\debug\net9.0\virtualcompany.web.tests.dll" id="9d79e583-afc9-e736-2895-33db75e26d76">
      <Execution id="ef172741-716b-4391-82d0-17b6f1183b79" />
      <TestMethod codeBase="C:\Users\Johan\source\repos\Virtual Company\tests\VirtualCompany.Web.Tests\bin\Debug\net9.0\VirtualCompany.Web.Tests.dll" adapterTypeName="executor://xunit/VsTestRunner2/netcoreapp" className="VirtualCompany.Web.Tests.TeamsCallControlApiClientTests" name="Sensitive_media_controls_use_company_scoped_server_routes" />
    </UnitTest>
    <UnitTest name="VirtualCompany.Web.Tests.SalesBrowserMeetingSchedulingTests.Offline_and_empty_company_never_send_requests" storage="c:\users\johan\source\repos\virtual company\tests\virtualcompany.web.tests\bin\debug\net9.0\virtualcompany.web.tests.dll" id="27ea4605-b429-759b-0028-48976625c645">
      <Execution id="30868769-6854-47b9-9362-d570da97189d" />
      <TestMethod codeBase="C:\Users\Johan\source\repos\Virtual Company\tests\VirtualCompany.Web.Tests\bin\Debug\net9.0\VirtualCompany.Web.Tests.dll" adapterTypeName="executor://xunit/VsTestRunner2/netcoreapp" className="VirtualCompany.Web.Tests.SalesBrowserMeetingSchedulingTests" name="Offline_and_empty_company_never_send_requests" />
    </UnitTest>
  </TestDefinitions>
  <TestEntries>
    <TestEntry testId="92cf56cb-4b0d-d688-9c83-515e0c3f3c65" executionId="ff54afe6-84d4-482c-ba97-87e14a8d9f2e" testListId="8c84fa94-04c1-424b-9868-57a2d4851a1d" />
    <TestEntry testId="c403d081-d841-e95e-e622-ec5d9814ac3f" executionId="b17b03df-1e9f-4f4f-b6f8-13fa83402fdc" testListId="8c84fa94-04c1-424b-9868-57a2d4851a1d" />
    <TestEntry testId="f78fe505-aaac-fbbb-931f-c71a189f8eaa" executionId="6b6e5629-80e5-451a-b25d-b1ec6f9b9e59" testListId="8c84fa94-04c1-424b-9868-57a2d4851a1d" />
    <TestEntry testId="559f720e-590b-691a-b12b-bffc4772753d" executionId="a11547f3-8679-418e-8a23-52446701a908" testListId="8c84fa94-04c1-424b-9868-57a2d4851a1d" />
    <TestEntry testId="fe4825d0-4f95-fc1b-be85-808d67c9c246" executionId="80db9461-b80f-4124-92ba-c38d5444e17c" testListId="8c84fa94-04c1-424b-9868-57a2d4851a1d" />
    <TestEntry testId="9e162ac2-bc2d-f480-6dbc-2cbcce314431" executionId="ac35358c-200c-4919-91cd-e3d833eae0ee" testListId="8c84fa94-04c1-424b-9868-57a2d4851a1d" />
    <TestEntry testId="4aa4b23d-30f6-eaac-5f72-63a4f5652b36" executionId="65f0b450-9a91-4dba-8a97-e60dfd1c8142" testListId="8c84fa94-04c1-424b-9868-57a2d4851a1d" />
    <TestEntry testId="9a7021b5-11e3-37f4-c573-41438ccf1a61" executionId="06c32c3d-5d61-4471-8da8-107c19782b27" testListId="8c84fa94-04c1-424b-9868-57a2d4851a1d" />
    <TestEntry testId="b13f9332-3327-ba23-ec59-6291edf6b68e" executionId="5e3286a1-f79e-4f80-b4f1-0cebba9598eb" testListId="8c84fa94-04c1-424b-9868-57a2d4851a1d" />
    <TestEntry testId="f740acaf-3220-6095-86c1-5259dd3b443a" executionId="49310079-9796-4e68-a42a-59ceff420b49" testListId="8c84fa94-04c1-424b-9868-57a2d4851a1d" />
    <TestEntry testId="27ea4605-b429-759b-0028-48976625c645" executionId="30868769-6854-47b9-9362-d570da97189d" testListId="8c84fa94-04c1-424b-9868-57a2d4851a1d" />
    <TestEntry testId="9d79e583-afc9-e736-2895-33db75e26d76" executionId="ef172741-716b-4391-82d0-17b6f1183b79" testListId="8c84fa94-04c1-424b-9868-57a2d4851a1d" />
    <TestEntry testId="ff6da7ad-42ba-ae57-05c8-75215cb2b2fb" executionId="f433d0c9-d4d3-4d5f-8d7f-b3762a97ea93" testListId="8c84fa94-04c1-424b-9868-57a2d4851a1d" />
    <TestEntry testId="07dcae70-8f16-240a-65c5-0e57cc7e14ff" executionId="1770dde8-504b-4042-8bf9-30ed07b3793e" testListId="8c84fa94-04c1-424b-9868-57a2d4851a1d" />
    <TestEntry testId="fa999413-1b4b-b6ac-2ac4-63d1501cc452" executionId="7e73a570-e742-4bbd-8cc2-b6635dc4e8a7" testListId="8c84fa94-04c1-424b-9868-57a2d4851a1d" />
    <TestEntry testId="88c645f9-5053-3b7d-d6f6-c3b35f32504e" executionId="86c629c0-d818-44ba-bd27-b3ae722cc011" testListId="8c84fa94-04c1-424b-9868-57a2d4851a1d" />
    <TestEntry testId="1729fac3-8ee1-377d-1656-fc09912f4de1" executionId="ecdb798b-5df3-4068-bcb0-a38600157306" testListId="8c84fa94-04c1-424b-9868-57a2d4851a1d" />
    <TestEntry testId="972bb23e-7c23-1218-9bf6-0a1f893f73ab" executionId="50d8b9dc-0dbd-42a5-acd0-f58610bd280e" testListId="8c84fa94-04c1-424b-9868-57a2d4851a1d" />
    <TestEntry testId="f20813f6-f017-c2f4-21e4-f6260b1de40e" executionId="2a484b11-fb6e-408d-b41d-1ef42abe4837" testListId="8c84fa94-04c1-424b-9868-57a2d4851a1d" />
  </TestEntries>
  <TestLists>
    <TestList name="Results Not in a List" id="8c84fa94-04c1-424b-9868-57a2d4851a1d" />
    <TestList name="All Loaded Results" id="19431567-8539-422a-85d7-44ee4e166bda" />
  </TestLists>
  <ResultSummary outcome="Completed">
    <Counters total="19" executed="19" passed="19" failed="0" error="0" timeout="0" aborted="0" inconclusive="0" passedButRunAborted="0" notRunnable="0" notExecuted="0" disconnected="0" warning="0" completed="0" inProgress="0" pending="0" />
    <Output>
      <StdOut>[xUnit.net 00:00:00.00] xUnit.net VSTest Adapter v2.8.2+699d445a1a (64-bit .NET 9.0.19)&#xD;
[xUnit.net 00:00:00.21]   Discovering: VirtualCompany.Web.Tests&#xD;
[xUnit.net 00:00:00.38]   Discovered:  VirtualCompany.Web.Tests&#xD;
[xUnit.net 00:00:00.38]   Starting:    VirtualCompany.Web.Tests&#xD;
[xUnit.net 00:00:00.70]   Finished:    VirtualCompany.Web.Tests&#xD;
</StdOut>
    </Output>
  </ResultSummary>
</TestRun>